GPU: NVIDIA GeForce RTX 4080 SUPER  torch 2.14.0+cu130  peak 104.5 TFLOPS (spec)
D:\dev\micro-model\slm\utils\sdpa.py:38: UserWarning: Memory efficient kernel not used because: (Triggered internally at C:\actions-runner\_work\pytorch\pytorch\aten\src\ATen\native\transformers\cuda\sdp_utils.cpp:1240.)
  F.scaled_dot_product_attention(q, k, v, is_causal=True, enable_gqa=True).sum().backward()
D:\dev\micro-model\slm\utils\sdpa.py:38: UserWarning: Memory Efficient attention has been runtime disabled. (Triggered internally at C:\actions-runner\_work\pytorch\pytorch\aten\src\ATen/native/transformers/sdp_utils_cpp.h:600.)
  F.scaled_dot_product_attention(q, k, v, is_causal=True, enable_gqa=True).sum().backward()
D:\dev\micro-model\slm\utils\sdpa.py:38: UserWarning: Flash attention kernel not used because: (Triggered internally at C:\actions-runner\_work\pytorch\pytorch\aten\src\ATen\native\transformers\cuda\sdp_utils.cpp:1242.)
  F.scaled_dot_product_attention(q, k, v, is_causal=True, enable_gqa=True).sum().backward()
D:\dev\micro-model\slm\utils\sdpa.py:38: UserWarning: Torch was not compiled with flash attention. (Triggered internally at C:\actions-runner\_work\pytorch\pytorch\aten\src\ATen\native\transformers\cuda\sdp_utils.cpp:1050.)
  F.scaled_dot_product_attention(q, k, v, is_causal=True, enable_gqa=True).sum().backward()
D:\dev\micro-model\slm\utils\sdpa.py:38: UserWarning: cuDNN attention kernel not used because: (Triggered internally at C:\actions-runner\_work\pytorch\pytorch\aten\src\ATen\native\transformers\cuda\sdp_utils.cpp:1244.)
  F.scaled_dot_product_attention(q, k, v, is_causal=True, enable_gqa=True).sum().backward()
D:\dev\micro-model\slm\utils\sdpa.py:38: UserWarning: cuDNN attention has been runtime disabled. (Triggered internally at C:\actions-runner\_work\pytorch\pytorch\aten\src\ATen\native\transformers\cuda\sdp_utils.cpp:922.)
  F.scaled_dot_product_attention(q, k, v, is_causal=True, enable_gqa=True).sum().backward()
SDPA backends: {'flash': 'FAIL', 'cudnn': '0.55ms', 'efficient': '0.73ms', 'math': '7.54ms'}
  seq  mb cmp    tok/s  step ms    fwd    bwd   opt   VRAM   MFU  MFUc
remark: cvxg72wl63wntgypguuxaevi3vecz5fa3atwwkajvsxkh7vehwes.py:18:0: 166 instructions in function
remark: camvlyiaftufun7vbtja3hfvvq36u5y2o6xkzc4zjlqdv74z6emd.py:18:0: 16 instructions in function
remark: camvlyiaftufun7vbtja3hfvvq36u5y2o6xkzc4zjlqdv74z6emd.py:18:0: 12 instructions in function
remark: cduasy6g367tilmtwvik5laxmstivfdmmbmvcq7ez42fdgagb3r5.py:18:0: 49 instructions in function
remark: cduasy6g367tilmtwvik5laxmstivfdmmbmvcq7ez42fdgagb3r5.py:18:0: 68 instructions in function
remark: cduasy6g367tilmtwvik5laxmstivfdmmbmvcq7ez42fdgagb3r5.py:18:0: 70 instructions in function
remark: cms4cebenquwrmdhdh7a6iu5ad5hblwxqmlnmrsw3b422272kwwi.py:18:0: 51 instructions in function
remark: cms4cebenquwrmdhdh7a6iu5ad5hblwxqmlnmrsw3b422272kwwi.py:18:0: 70 instructions in function
remark: cms4cebenquwrmdhdh7a6iu5ad5hblwxqmlnmrsw3b422272kwwi.py:18:0: 72 instructions in function
remark: csmlmqwt4lphohaf3dpxkkfilvgxulja5vz3xqg7ev7bpcaegh7y.py:18:0: 199 instructions in function
remark: csmlmqwt4lphohaf3dpxkkfilvgxulja5vz3xqg7ev7bpcaegh7y.py:18:0: 96 instructions in function
remark: cxaakhbwbip6fhivv7z63ww3skmk3aux7ewzwbhwyeipaocxqoak.py:18:0: 202 instructions in function
remark: cxaakhbwbip6fhivv7z63ww3skmk3aux7ewzwbhwyeipaocxqoak.py:18:0: 97 instructions in function
remark: cu346j5uq2my7yvfuj5rl57done6pze7rq4yynyeimmyu6kiozzd.py:18:0: 16 instructions in function
remark: cu346j5uq2my7yvfuj5rl57done6pze7rq4yynyeimmyu6kiozzd.py:18:0: 12 instructions in function
remark: cbt7l7nmzl6e45o3r2bj3n7rfchhlkwxiujdjhemofrloc5ye2wa.py:18:0: 39 instructions in function
remark: cbt7l7nmzl6e45o3r2bj3n7rfchhlkwxiujdjhemofrloc5ye2wa.py:18:0: 39 instructions in function
remark: cqmy6ry4q3ownxb4a2u3lk2ca2ijx7wglu4sydnbv6nclmximgbl.py:18:0: 153 instructions in function
remark: csihuqjtq5sf37e7vclg2psahhk4nqmd5jsxekhqmi4gfmg24xlk.py:18:0: 16 instructions in function
remark: csihuqjtq5sf37e7vclg2psahhk4nqmd5jsxekhqmi4gfmg24xlk.py:18:0: 12 instructions in function
remark: csohr4v4gurpbqb3dbbme6zpha577obxypqcet4qby2bgjscemhi.py:18:0: 16 instructions in function
remark: csohr4v4gurpbqb3dbbme6zpha577obxypqcet4qby2bgjscemhi.py:18:0: 12 instructions in function
remark: cvgytzunexrbqoshsd5a2bo62x7c2nybapqre5jffwh2p7tlsjuq.py:18:0: 157 instructions in function
remark: cvgytzunexrbqoshsd5a2bo62x7c2nybapqre5jffwh2p7tlsjuq.py:18:0: 58 instructions in function
remark: c7rzj2atrz5rgpl6xakshhy7cqi2tv2enf6te7ehroffvrprej2m.py:18:0: 220 instructions in function
remark: cyjqla7o6dsiy4v2fjmfmevmjgujg3xuvuff3pujggcvqqqt5p5a.py:18:0: 374 instructions in function
remark: cyjqla7o6dsiy4v2fjmfmevmjgujg3xuvuff3pujggcvqqqt5p5a.py:18:0: 273 instructions in function
remark: cojli5zsxdetx6fqesbbsizxfo6nw35hmtfm6zrn4ee2pxlxux4i.py:18:0: 236 instructions in function
remark: cr2etlacldi74tcmlpavk4424nqx6wxoqfwex6uvut752tgcbkta.py:18:0: 178 instructions in function
remark: clqcwwcgd4qlhrwxxvajuuhxp46xndqgnsnvupgmmjbjxwljnerg.py:18:0: 231 instructions in function
remark: cga7pgot73cyvp2h3ofa2gtcwtacrzyjmzcz27oazytptmkkmyej.py:18:0: 227 instructions in function
remark: clkdgewnaya3sbnbr6u52qi2qrhgwy2wm4wbysrrpnk2badnyp2m.py:18:0: 16 instructions in function
remark: clkdgewnaya3sbnbr6u52qi2qrhgwy2wm4wbysrrpnk2badnyp2m.py:18:0: 12 instructions in function
remark: cj2ulwjs5bwvqrdlc5rtfmb44ceyw2467dn7u7y7mhltemsjldev.py:18:0: 283 instructions in function
remark: cp3fglqvscztaq6tmbnyxi3noxxaa2jalmob5wit6wjbmdmsx4ms.py:18:0: 16 instructions in function
remark: cp3fglqvscztaq6tmbnyxi3noxxaa2jalmob5wit6wjbmdmsx4ms.py:18:0: 12 instructions in function
remark: c4ai4la6zijjty62cy33yxbzga5r6mbfecgjexgfdbj5aix7uded.py:18:0: 44 instructions in function
remark: c4ai4la6zijjty62cy33yxbzga5r6mbfecgjexgfdbj5aix7uded.py:18:0: 14 instructions in function
remark: cyhicinrmx663hd3v5dsuyx7dk3dxblyszw735uet4vs4mjhobg5.py:18:0: 291 instructions in function
remark: cyhicinrmx663hd3v5dsuyx7dk3dxblyszw735uet4vs4mjhobg5.py:18:0: 105 instructions in function
remark: ceeuhmfqftitruvmmklmrhhf7qguvdmtacgnm4uszcn6xalss6by.py:18:0: 44 instructions in function
remark: ceeuhmfqftitruvmmklmrhhf7qguvdmtacgnm4uszcn6xalss6by.py:18:0: 14 instructions in function
remark: cabfwh4cj7auddai3qmqaqnrpv7tfpa7ggeop7346zdwzma5e5lw.py:18:0: 305 instructions in function
remark: cj656ohaavfwlja37zadjkvyjhcd24gcik5ecvxwxxsfhsca7wgq.py:18:0: 44 instructions in function
remark: cj656ohaavfwlja37zadjkvyjhcd24gcik5ecvxwxxsfhsca7wgq.py:18:0: 14 instructions in function
remark: cvlxkavpnmfov2c6ihx36enuvl4eol5x6hca7lmgin7xzyarxop7.py:18:0: 79 instructions in function
remark: cvlxkavpnmfov2c6ihx36enuvl4eol5x6hca7lmgin7xzyarxop7.py:18:0: 246 instructions in function
remark: cvlxkavpnmfov2c6ihx36enuvl4eol5x6hca7lmgin7xzyarxop7.py:18:0: 771 instructions in function
remark: cqt75ewbkancjjvz3iwnryazavd5m3jjblovuszfpxrfw7xezgyj.py:18:0: 153 instructions in function
remark: cqt75ewbkancjjvz3iwnryazavd5m3jjblovuszfpxrfw7xezgyj.py:18:0: 57 instructions in function
remark: chptwgcenmgxgjg67snllqyrsym4emvpgrvkvnnt4nroxazags4v.py:18:0: 179 instructions in function
remark: cdthhormfqoaephnx5u3swc7mxmlivvfxzi2ni4p2zolhlvfvy6e.py:18:0: 391 instructions in function
remark: cdthhormfqoaephnx5u3swc7mxmlivvfxzi2ni4p2zolhlvfvy6e.py:18:0: 326 instructions in function
remark: cdthhormfqoaephnx5u3swc7mxmlivvfxzi2ni4p2zolhlvfvy6e.py:18:0: 278 instructions in function
remark: c7pgk5dc3pml4ddowtu34i7wjajixbd3qi5tsfgqqogb6bln4wex.py:18:0: 296 instructions in function
remark: c7pgk5dc3pml4ddowtu34i7wjajixbd3qi5tsfgqqogb6bln4wex.py:18:0: 95 instructions in function
remark: camp5mmrbglm775aqkn4g44pczb6hvtujxstds3pn4eqr5h34yac.py:18:0: 278 instructions in function
remark: camp5mmrbglm775aqkn4g44pczb6hvtujxstds3pn4eqr5h34yac.py:18:0: 95 instructions in function
remark: cio3hjuikvzxw32hewpae3yccww3id3kddb6g2suvwsjeqe7phxf.py:18:0: 16 instructions in function
remark: cio3hjuikvzxw32hewpae3yccww3id3kddb6g2suvwsjeqe7phxf.py:18:0: 16 instructions in function
remark: c2shafv7cac2skyvt23jzrk4o52dmy2mesa5a6fyiwqnobq6qv53.py:18:0: 44 instructions in function
remark: c2shafv7cac2skyvt23jzrk4o52dmy2mesa5a6fyiwqnobq6qv53.py:18:0: 14 instructions in function
remark: cygsrkq2bhumg5gcuornud4liesrkdqf5mfof7il4zkhgngset52.py:18:0: 353 instructions in function
remark: cygsrkq2bhumg5gcuornud4liesrkdqf5mfof7il4zkhgngset52.py:18:0: 243 instructions in function
remark: c2qgmnzpuk3kv3avkzhnbqldfdymswanlmhlmrbow66nheybrg5p.py:18:0: 11 instructions in function
remark: c2qgmnzpuk3kv3avkzhnbqldfdymswanlmhlmrbow66nheybrg5p.py:18:0: 10 instructions in function
remark: coj7o5ulfssixup3rdtbeytnkqnt6ib3s66soco2jw4gkdrvzphp.py:18:0: 497 instructions in function
remark: celcerlrp3mgmsb3ugoxxyoukgpf7oqmu2ceuut22uy2khoglg6w.py:18:0: 52 instructions in function
remark: celcerlrp3mgmsb3ugoxxyoukgpf7oqmu2ceuut22uy2khoglg6w.py:18:0: 19 instructions in function
 2048   2   1    16860    242.9   69.3  137.8  35.8  13.19 68.9% 61.8%
remark: cpf2xeimnwpvsutixpsrlsr25m5wxp3mfp3td5q3vyq5ha2bvlst.py:18:0: 177 instructions in function
remark: cpdw7j7tpmpsq7xyqq7v6uy5jmzbsh43d4gnfu473fy4z6ejenxb.py:18:0: 59 instructions in function
remark: cpdw7j7tpmpsq7xyqq7v6uy5jmzbsh43d4gnfu473fy4z6ejenxb.py:18:0: 80 instructions in function
remark: cpdw7j7tpmpsq7xyqq7v6uy5jmzbsh43d4gnfu473fy4z6ejenxb.py:18:0: 82 instructions in function
remark: ca5coorat46ywspzeadqlidn76j3wcpf2ymjcjkbyvhdolgxz4qa.py:18:0: 61 instructions in function
remark: ca5coorat46ywspzeadqlidn76j3wcpf2ymjcjkbyvhdolgxz4qa.py:18:0: 82 instructions in function
remark: ca5coorat46ywspzeadqlidn76j3wcpf2ymjcjkbyvhdolgxz4qa.py:18:0: 84 instructions in function
remark: cjom4k3awhryfjzdmnkytr5dfps6d5a7gdr4n5ot3lipeepshwyn.py:18:0: 199 instructions in function
remark: cjom4k3awhryfjzdmnkytr5dfps6d5a7gdr4n5ot3lipeepshwyn.py:18:0: 96 instructions in function
remark: cox5kyew5xgzflqvjhcaaxovzgb24wdk5medukyjddkq5bdvuq4z.py:18:0: 202 instructions in function
remark: cox5kyew5xgzflqvjhcaaxovzgb24wdk5medukyjddkq5bdvuq4z.py:18:0: 97 instructions in function
remark: ce6ktn7slayucjpmuxxk3wognw4jgy2szcpveqhavzy6xjzl7bbi.py:18:0: 39 instructions in function
remark: ce6ktn7slayucjpmuxxk3wognw4jgy2szcpveqhavzy6xjzl7bbi.py:18:0: 39 instructions in function
remark: cz4t2brhewyh5a7rwftduwn7cdpzsvzwhxndvrh2q3eg434nxes7.py:18:0: 158 instructions in function
remark: c5jpvmfcpu2wd2qncrh2qdjaxss5njgf44ebedsdhpk54yimgymc.py:18:0: 157 instructions in function
remark: c5jpvmfcpu2wd2qncrh2qdjaxss5njgf44ebedsdhpk54yimgymc.py:18:0: 58 instructions in function
remark: cqyg26hxzpfl7faffydn4uf3rrcdrzm2vesxxqudvk6kxy4zim32.py:18:0: 227 instructions in function
remark: c3fb24uo5xkymhgzosd3mco6hjvp3hfq6aiffzbz2ov3kdzhlfsz.py:18:0: 390 instructions in function
remark: c3fb24uo5xkymhgzosd3mco6hjvp3hfq6aiffzbz2ov3kdzhlfsz.py:18:0: 286 instructions in function
remark: csuas5a35d65viqvtsht4men6onhxzdeg4d54iel5l56p4etu6yi.py:18:0: 243 instructions in function
remark: ciluwykh5y7q77mag6l6pdxl3h5mpqsyi3yig5ca2zkfhkj3o3uf.py:18:0: 185 instructions in function
remark: cctugeeiq4cpnktzj463viliontz3ps27vysvb62tg6hffmj6er2.py:18:0: 238 instructions in function
remark: chjoqk6vy32msisqtyobz25bdcvqi5crmual5k5uet7ldvwkbw7a.py:18:0: 234 instructions in function
remark: cifttdnol7peoa27e6y7vd22ep7ofjt3kulro375tvqnizybft6u.py:18:0: 314 instructions in function
remark: c4fri2rvwx5yez3a6ptziwox7khejwgvzzrue6il5znb6pod7rci.py:18:0: 291 instructions in function
remark: c4fri2rvwx5yez3a6ptziwox7khejwgvzzrue6il5znb6pod7rci.py:18:0: 105 instructions in function
remark: cmernskd3dm3hkznmfngzyo52uce7ormvsrjivqykiqr3begtmva.py:18:0: 336 instructions in function
remark: csqaa5kbngq5rpt35zvcba6cnfhv5dblbrxnty2cy7kf2k3wfatw.py:18:0: 79 instructions in function
remark: csqaa5kbngq5rpt35zvcba6cnfhv5dblbrxnty2cy7kf2k3wfatw.py:18:0: 246 instructions in function
remark: csqaa5kbngq5rpt35zvcba6cnfhv5dblbrxnty2cy7kf2k3wfatw.py:18:0: 771 instructions in function
remark: cfzzrnhpuxinmt6zbstm3z4cjq7mvundceuz7e75ya6np4ktulo4.py:18:0: 204 instructions in function
remark: cwze2hueou3sqqwq6gs5spigc4kfitvgnpxiyqqercmnmawpd37b.py:18:0: 392 instructions in function
remark: cwze2hueou3sqqwq6gs5spigc4kfitvgnpxiyqqercmnmawpd37b.py:18:0: 327 instructions in function
remark: cwze2hueou3sqqwq6gs5spigc4kfitvgnpxiyqqercmnmawpd37b.py:18:0: 279 instructions in function
remark: cmcoir4hpf2dpt6ydze5fvzkaxjdtyudkmjejnaztrfepm74qc7r.py:18:0: 296 instructions in function
remark: cmcoir4hpf2dpt6ydze5fvzkaxjdtyudkmjejnaztrfepm74qc7r.py:18:0: 95 instructions in function
remark: cyjgkeibmid2jmso7cfgyct3lmyycmbwmiehcm4d2rzde4kb6hg4.py:18:0: 278 instructions in function
remark: cyjgkeibmid2jmso7cfgyct3lmyycmbwmiehcm4d2rzde4kb6hg4.py:18:0: 95 instructions in function
remark: cvhlwkv7vm7fzqck5it3entdn6moxhuv4wo76gafkfum7wdhf3u7.py:18:0: 16 instructions in function
remark: cvhlwkv7vm7fzqck5it3entdn6moxhuv4wo76gafkfum7wdhf3u7.py:18:0: 16 instructions in function
remark: cpwgiwbftu44ihl73qjyuc2nk5ari4ow33u7vnngm72xc4r2nvt2.py:18:0: 360 instructions in function
remark: cpwgiwbftu44ihl73qjyuc2nk5ari4ow33u7vnngm72xc4r2nvt2.py:18:0: 249 instructions in function
remark: cbr2eo2kfvwvtfucotzzdrtz7fplopx5tutjmt4egyrnzx5joxxo.py:18:0: 515 instructions in function
 2048   4   1   SPILL (peak 18.8 GiB > VRAM, 411 tok/s)
