GPU: NVIDIA GeForce RTX 4080 SUPER  torch 2.14.0+cu130  peak 104.5 TFLOPS (spec)
D:\dev\micro-model\slm\utils\sdpa.py:38: UserWarning: Memory efficient kernel not used because: (Triggered internally at C:\actions-runner\_work\pytorch\pytorch\aten\src\ATen\native\transformers\cuda\sdp_utils.cpp:1240.)
  F.scaled_dot_product_attention(q, k, v, is_causal=True, enable_gqa=True).sum().backward()
D:\dev\micro-model\slm\utils\sdpa.py:38: UserWarning: Memory Efficient attention has been runtime disabled. (Triggered internally at C:\actions-runner\_work\pytorch\pytorch\aten\src\ATen/native/transformers/sdp_utils_cpp.h:600.)
  F.scaled_dot_product_attention(q, k, v, is_causal=True, enable_gqa=True).sum().backward()
D:\dev\micro-model\slm\utils\sdpa.py:38: UserWarning: Flash attention kernel not used because: (Triggered internally at C:\actions-runner\_work\pytorch\pytorch\aten\src\ATen\native\transformers\cuda\sdp_utils.cpp:1242.)
  F.scaled_dot_product_attention(q, k, v, is_causal=True, enable_gqa=True).sum().backward()
D:\dev\micro-model\slm\utils\sdpa.py:38: UserWarning: Torch was not compiled with flash attention. (Triggered internally at C:\actions-runner\_work\pytorch\pytorch\aten\src\ATen\native\transformers\cuda\sdp_utils.cpp:1050.)
  F.scaled_dot_product_attention(q, k, v, is_causal=True, enable_gqa=True).sum().backward()
D:\dev\micro-model\slm\utils\sdpa.py:38: UserWarning: cuDNN attention kernel not used because: (Triggered internally at C:\actions-runner\_work\pytorch\pytorch\aten\src\ATen\native\transformers\cuda\sdp_utils.cpp:1244.)
  F.scaled_dot_product_attention(q, k, v, is_causal=True, enable_gqa=True).sum().backward()
D:\dev\micro-model\slm\utils\sdpa.py:38: UserWarning: cuDNN attention has been runtime disabled. (Triggered internally at C:\actions-runner\_work\pytorch\pytorch\aten\src\ATen\native\transformers\cuda\sdp_utils.cpp:922.)
  F.scaled_dot_product_attention(q, k, v, is_causal=True, enable_gqa=True).sum().backward()
SDPA backends: {'flash': 'FAIL', 'cudnn': '0.55ms', 'efficient': '0.73ms', 'math': '7.59ms'}
  seq  mb cmp    tok/s  step ms    fwd    bwd   opt   VRAM   MFU  MFUc
remark: c4y5mzo2f5kbtnxkqhtckw5k43k53j2ly5t2o7xm2fit7gfjbzl3.py:18:0: 334 instructions in function
remark: cai4culluv2oazurxoihngzwxzsn4mskjxk6gy5k6454c26i4md3.py:18:0: 16 instructions in function
remark: cai4culluv2oazurxoihngzwxzsn4mskjxk6gy5k6454c26i4md3.py:18:0: 12 instructions in function
remark: conqydr7jwnps4jej4cdhwdfjz76fwe3gxdwf4vmlojrr35iyck6.py:18:0: 49 instructions in function
remark: conqydr7jwnps4jej4cdhwdfjz76fwe3gxdwf4vmlojrr35iyck6.py:18:0: 68 instructions in function
remark: conqydr7jwnps4jej4cdhwdfjz76fwe3gxdwf4vmlojrr35iyck6.py:18:0: 70 instructions in function
remark: c4rnqhrtla2tddgihxbsar7nhjvyvvix7x3u4efrvyu5yw5chjjq.py:18:0: 51 instructions in function
remark: c4rnqhrtla2tddgihxbsar7nhjvyvvix7x3u4efrvyu5yw5chjjq.py:18:0: 70 instructions in function
remark: c4rnqhrtla2tddgihxbsar7nhjvyvvix7x3u4efrvyu5yw5chjjq.py:18:0: 72 instructions in function
remark: cfronwcqkcsjzcfsbm25n62ulnlfglln5nl3jpctyqx54b7kdlnb.py:18:0: 201 instructions in function
remark: cfronwcqkcsjzcfsbm25n62ulnlfglln5nl3jpctyqx54b7kdlnb.py:18:0: 98 instructions in function
remark: c7zqg27to2we5jr2mukitdkv4uw742czga3k3vxxea7ky4mixy6e.py:18:0: 202 instructions in function
remark: c7zqg27to2we5jr2mukitdkv4uw742czga3k3vxxea7ky4mixy6e.py:18:0: 97 instructions in function
remark: c4xnvigcqbw2xfjwr5emp3qyytj44qafg3pcx2w7vw3nuna2s3os.py:18:0: 16 instructions in function
remark: c4xnvigcqbw2xfjwr5emp3qyytj44qafg3pcx2w7vw3nuna2s3os.py:18:0: 12 instructions in function
remark: c3g7x3ahc75ufhsxk3hilswqdh5djaapgstzcsm6r6shnnqolii2.py:18:0: 41 instructions in function
remark: c3g7x3ahc75ufhsxk3hilswqdh5djaapgstzcsm6r6shnnqolii2.py:18:0: 41 instructions in function
remark: cvzaq7nthk6hfg2he2gvnfkgwtzsczzb5anxy4mcvsq475sfcczg.py:18:0: 264 instructions in function
remark: ckhdnug3aubazw6t6ylghih6ihvxdn2o7we2ja4ir24jqfg5oa3c.py:18:0: 16 instructions in function
remark: ckhdnug3aubazw6t6ylghih6ihvxdn2o7we2ja4ir24jqfg5oa3c.py:18:0: 12 instructions in function
remark: cnjv3o4mvq2miebmv5p2btm3m7xjznmpkv2rd5jtfk6zzdntdrbq.py:18:0: 16 instructions in function
remark: cnjv3o4mvq2miebmv5p2btm3m7xjznmpkv2rd5jtfk6zzdntdrbq.py:18:0: 12 instructions in function
remark: c6vualvl6gle6qwzb7sgsvb4d7vtt7elj4ifysq7yjpfzxrsxogi.py:18:0: 156 instructions in function
remark: c6vualvl6gle6qwzb7sgsvb4d7vtt7elj4ifysq7yjpfzxrsxogi.py:18:0: 57 instructions in function
remark: c6uimym467agwaaohim45x24bmsq2btejfg75gri2atorg7qzttp.py:18:0: 473 instructions in function
remark: cur3op3jgw3e7q4jf5t6jicljsdfya744soept3curqr2jnjhdcb.py:18:0: 558 instructions in function
remark: cxiiy4xn5z7xqevo7eqdr27a3o3yu67ifwtvsletj3jtw5ar23ur.py:18:0: 756 instructions in function
remark: czsw27t3ftjlkma7rmxboalrdcu77rpbufrozrtmgt7ctdl7q57a.py:18:0: 388 instructions in function
remark: cfofgadloi3upqm6fsrlavmwcehqzvapu6xhjbg4i7za4afy33rd.py:18:0: 755 instructions in function
remark: c6jfkvhjkgu32zi3vvcyzw56gmojxai36gza72z6alssqig7etaw.py:18:0: 642 instructions in function
remark: csqw56vdkh5iuwxlcreey4hwcacv6zix3ds4jfjvkijryolbephr.py:18:0: 16 instructions in function
remark: csqw56vdkh5iuwxlcreey4hwcacv6zix3ds4jfjvkijryolbephr.py:18:0: 12 instructions in function
remark: cikfqcylhvigfly6pof5wm5fpvgijkjile2ohzhjxup67eal2vjy.py:18:0: 298 instructions in function
remark: cobsx2dpuqjnaefc3a35qaman5qvdugfeiwshiivof3yk4ixziyd.py:18:0: 246 instructions in function
remark: csckbx4gcpmdrrayoaro6aorjn6dn2jknys3q5zvpecfmd23j6mu.py:18:0: 281 instructions in function
remark: cpd7lg654jo2o4wg263oaoko7weh2jpclzighzgbqfuqwmgbtr6r.py:18:0: 16 instructions in function
remark: cpd7lg654jo2o4wg263oaoko7weh2jpclzighzgbqfuqwmgbtr6r.py:18:0: 12 instructions in function
remark: cxtuusl64fwjhi2fd3ogfp5z7mqckjaouegd3wu2qhfjwpe3bvov.py:18:0: 44 instructions in function
remark: cxtuusl64fwjhi2fd3ogfp5z7mqckjaouegd3wu2qhfjwpe3bvov.py:18:0: 14 instructions in function
remark: c5iqeiwl6jzypandzdbpakjjg7h2oy7zknqryuxcweno5gvqluxb.py:18:0: 290 instructions in function
remark: c5iqeiwl6jzypandzdbpakjjg7h2oy7zknqryuxcweno5gvqluxb.py:18:0: 104 instructions in function
remark: catfzv2hyfrpuchf26rrhxh5cpd5b5fvqwug64evkrjc576b57qh.py:18:0: 44 instructions in function
remark: catfzv2hyfrpuchf26rrhxh5cpd5b5fvqwug64evkrjc576b57qh.py:18:0: 14 instructions in function
remark: cfgnarpnrkillo57dqxosw6frhgqfk5upzh5lrxvknrhjtccwouu.py:18:0: 303 instructions in function
remark: ckw74u7mcfyuawm54itridztfob57l5bikzpei3wo3tubd6w3nv4.py:18:0: 44 instructions in function
remark: ckw74u7mcfyuawm54itridztfob57l5bikzpei3wo3tubd6w3nv4.py:18:0: 14 instructions in function
remark: cp3bk6hlefn76tml2sj34zh3s6j44todbh3lzjzenlnnojwyqzff.py:18:0: 79 instructions in function
remark: cp3bk6hlefn76tml2sj34zh3s6j44todbh3lzjzenlnnojwyqzff.py:18:0: 246 instructions in function
remark: cp3bk6hlefn76tml2sj34zh3s6j44todbh3lzjzenlnnojwyqzff.py:18:0: 771 instructions in function
remark: cjfnldjl4miwqoc2sykhmeepxllrg57jnn7fqwjrdaqjjnlq6anh.py:18:0: 153 instructions in function
remark: cjfnldjl4miwqoc2sykhmeepxllrg57jnn7fqwjrdaqjjnlq6anh.py:18:0: 57 instructions in function
remark: c75jhhv54trgvvuofeymzawvgobxi5k2hpq7t5t36jd3pewzsfgj.py:18:0: 179 instructions in function
remark: cvmwvnby6dzwrrs7sryf5m67k3gx4mt2gtll7re3y6wkr63aqrae.py:18:0: 94 instructions in function
remark: ch33o3tw6e6gutbiwlanpjdlwys3navrpj5jc2hem4zh5kvjye4l.py:18:0: 397 instructions in function
remark: ch33o3tw6e6gutbiwlanpjdlwys3navrpj5jc2hem4zh5kvjye4l.py:18:0: 332 instructions in function
remark: ch33o3tw6e6gutbiwlanpjdlwys3navrpj5jc2hem4zh5kvjye4l.py:18:0: 284 instructions in function
remark: cnulb36gqxvaaujopf32ylkzrcx4auswntzynccoqvzmaxqxiv4k.py:18:0: 304 instructions in function
remark: cnulb36gqxvaaujopf32ylkzrcx4auswntzynccoqvzmaxqxiv4k.py:18:0: 97 instructions in function
remark: covhn6x5ewzaeud3cs26tky2seasu6zdo2mmc5fbt2b6iulw2375.py:18:0: 336 instructions in function
remark: covhn6x5ewzaeud3cs26tky2seasu6zdo2mmc5fbt2b6iulw2375.py:18:0: 102 instructions in function
remark: c6pjso2fmqwuwp5vdrogv2nbbhto4jpnpiokvxtgk35unslgpwit.py:18:0: 17 instructions in function
remark: c6pjso2fmqwuwp5vdrogv2nbbhto4jpnpiokvxtgk35unslgpwit.py:18:0: 17 instructions in function
remark: chp3q6flen3bkmdalp4spmpgthrhpaqfithpwvffc43frnt3sat5.py:18:0: 44 instructions in function
remark: chp3q6flen3bkmdalp4spmpgthrhpaqfithpwvffc43frnt3sat5.py:18:0: 14 instructions in function
remark: cfkysvih7ggej6iq57brfqogvlcfrjkgas3neeogk4lnddibdgeg.py:18:0: 573 instructions in function
remark: cypa2wzwfqkg5ogt5b7gwvzospydhzbw2qx3y65ilxmeot2vksnr.py:18:0: 11 instructions in function
remark: cypa2wzwfqkg5ogt5b7gwvzospydhzbw2qx3y65ilxmeot2vksnr.py:18:0: 10 instructions in function
remark: cuwap5vtkwrwyafaezmgolclgrzeyjxovdpyomuuxmm2j4cvqy3y.py:18:0: 496 instructions in function
remark: cr4j4njx4eftxvbnhwli4r6vpwq42ah3ixcxejspxvc56o54ggas.py:18:0: 52 instructions in function
remark: cr4j4njx4eftxvbnhwli4r6vpwq42ah3ixcxejspxvc56o54ggas.py:18:0: 19 instructions in function
 2048   4   1    44577    183.8   55.9  114.6  13.3   8.72 72.7% 63.3%
remark: cog7tmryactx7ki55zudmuo7we7bh6lylvung7rojeowq67w76i6.py:18:0: 343 instructions in function
remark: ccmgjcusmpfbzp4v6yttw3zjyilcx27kqfunb4ya2fzl73eo53hs.py:18:0: 59 instructions in function
remark: ccmgjcusmpfbzp4v6yttw3zjyilcx27kqfunb4ya2fzl73eo53hs.py:18:0: 80 instructions in function
remark: ccmgjcusmpfbzp4v6yttw3zjyilcx27kqfunb4ya2fzl73eo53hs.py:18:0: 82 instructions in function
remark: cnpezgadopppk4hq2yfwffougko6gdu47gjynnyhvozi3i54tkxc.py:18:0: 61 instructions in function
remark: cnpezgadopppk4hq2yfwffougko6gdu47gjynnyhvozi3i54tkxc.py:18:0: 82 instructions in function
remark: cnpezgadopppk4hq2yfwffougko6gdu47gjynnyhvozi3i54tkxc.py:18:0: 84 instructions in function
remark: ccjacchyaqs4ytzmx4kgjdeqlfqe55ryqz3cob3snejrxha4fqfw.py:18:0: 201 instructions in function
remark: ccjacchyaqs4ytzmx4kgjdeqlfqe55ryqz3cob3snejrxha4fqfw.py:18:0: 98 instructions in function
remark: cqssdlh5fhfnfd3dey6zgkny2ubhwmnar2gar2rqznucekiml47q.py:18:0: 202 instructions in function
remark: cqssdlh5fhfnfd3dey6zgkny2ubhwmnar2gar2rqznucekiml47q.py:18:0: 97 instructions in function
remark: coaf5f2x3jlfqcxtibv4fvtcfkxfegpeaz7hvpgqj54ijz67uq5e.py:18:0: 41 instructions in function
remark: coaf5f2x3jlfqcxtibv4fvtcfkxfegpeaz7hvpgqj54ijz67uq5e.py:18:0: 41 instructions in function
remark: clrmbwzif676ktzedoz3soii7dft7t4qpfx6wkq67rhzm75yyor3.py:18:0: 270 instructions in function
remark: c5xq4lmagp7t6d3zfb56kps2tpfuqwvvx3gqjbs34qogrwt5tpqc.py:18:0: 156 instructions in function
remark: c5xq4lmagp7t6d3zfb56kps2tpfuqwvvx3gqjbs34qogrwt5tpqc.py:18:0: 57 instructions in function
remark: coxylsqz2mdyn6thmiwohtjhhabwgwt4ghixg2n3hmjf6nv6frgz.py:18:0: 479 instructions in function
remark: c4ymj7yu7bzx4yvh4tiukrgx7ebee4lmalvnjkdma4qv2jixvvmg.py:18:0: 564 instructions in function
remark: cxv2gp5ud32xw6ejfcdxafiuuwjzv3gipx3llcbeig6svjdmvh4w.py:18:0: 762 instructions in function
remark: clehhpy7uzezfnxjk7xbvquz2mpde6fwi6tmhaea3nqt7hkmqdzx.py:18:0: 394 instructions in function
remark: cmqpzkyevgqdjyo2cwom2shi6by62njfap7ig5zdt5waqvmvlefw.py:18:0: 761 instructions in function
remark: cqaacqes7nn2mz5eg2mlqdcs6wo5pxaqm233hpwd5b6figietlqv.py:18:0: 648 instructions in function
remark: cw6zu2lk4pkqso2f255lkesjtzywdnahsx4a4cfzdwapjdqzopgr.py:18:0: 304 instructions in function
remark: c744sxxdv2kldpmooxj2s2nfjh6uhny6tff2vl3xzje4j2m4ie44.py:18:0: 276 instructions in function
remark: canykhg43jej64sbtfelah3dbrpe4iukwydil6522wa3ymgw3ssx.py:18:0: 312 instructions in function
remark: cbfe4ptzqbbab5uam5h6p2zcssmfmqyxax4bc37z4sgfervv3qr2.py:18:0: 290 instructions in function
remark: cbfe4ptzqbbab5uam5h6p2zcssmfmqyxax4bc37z4sgfervv3qr2.py:18:0: 104 instructions in function
remark: clgsszlbtqbbh5v7mousd6xk6oz3xnuzwcdprfrq7kresn2hcgwn.py:18:0: 334 instructions in function
remark: cttuyrs552sm77soc7ldv7txptg7p4fb6hcgxzitda6kqmkc74hw.py:18:0: 79 instructions in function
remark: cttuyrs552sm77soc7ldv7txptg7p4fb6hcgxzitda6kqmkc74hw.py:18:0: 246 instructions in function
remark: cttuyrs552sm77soc7ldv7txptg7p4fb6hcgxzitda6kqmkc74hw.py:18:0: 771 instructions in function
remark: cn6qe57icp7yrketn6ev5fjxrxvombt56mly4xlpuofl57v2yw3z.py:18:0: 153 instructions in function
remark: cn6qe57icp7yrketn6ev5fjxrxvombt56mly4xlpuofl57v2yw3z.py:18:0: 57 instructions in function
remark: c6eg2qh6j4dlk3n2jxvxvomosdxtnfictai4g5vkzurhtwzkrxgd.py:18:0: 204 instructions in function
remark: cbfxt6xrfhs7lbjwa4yo3ajeuoytx3kixg7xom4wrdzfkyizu75v.py:18:0: 398 instructions in function
remark: cbfxt6xrfhs7lbjwa4yo3ajeuoytx3kixg7xom4wrdzfkyizu75v.py:18:0: 333 instructions in function
remark: cbfxt6xrfhs7lbjwa4yo3ajeuoytx3kixg7xom4wrdzfkyizu75v.py:18:0: 285 instructions in function
remark: cj6v3z2lhkbgyyeh4hmd6qi52tm2ugmjtjgmdtma3k5v3adn3psc.py:18:0: 304 instructions in function
remark: cj6v3z2lhkbgyyeh4hmd6qi52tm2ugmjtjgmdtma3k5v3adn3psc.py:18:0: 97 instructions in function
remark: ct37ni4jm5sr4fhinqj5dcm36jheqpbkz3ci7ee4nsnybcopcwja.py:18:0: 336 instructions in function
remark: ct37ni4jm5sr4fhinqj5dcm36jheqpbkz3ci7ee4nsnybcopcwja.py:18:0: 102 instructions in function
remark: czadff2lzmjp5l3rmzfhbqj7egiat4xupukofwc7mcrkuxjjeydq.py:18:0: 17 instructions in function
remark: czadff2lzmjp5l3rmzfhbqj7egiat4xupukofwc7mcrkuxjjeydq.py:18:0: 17 instructions in function
remark: cbtpa6nebtatigibbz2fmizvmolyj3v6g33xkyiur33goz2eun3q.py:18:0: 578 instructions in function
remark: cwahnpdjuwpgsk5ozfzjmwcsftlff7wzw2m5glxcgsh6mtauclsg.py:18:0: 514 instructions in function
 2048   8   1   SPILL (peak 14.6 GiB > VRAM, 44998 tok/s)
