GPU: NVIDIA GeForce RTX 4080 SUPER  torch 2.14.0+cu130  peak 104.5 TFLOPS (spec)
measured bf16 GEMM: 107.2 TFLOPS
D:\dev\micro-model\slm\utils\sdpa.py:38: UserWarning: Memory efficient kernel not used because: (Triggered internally at C:\actions-runner\_work\pytorch\pytorch\aten\src\ATen\native\transformers\cuda\sdp_utils.cpp:1240.)
  F.scaled_dot_product_attention(q, k, v, is_causal=True, enable_gqa=True).sum().backward()
D:\dev\micro-model\slm\utils\sdpa.py:38: UserWarning: Memory Efficient attention has been runtime disabled. (Triggered internally at C:\actions-runner\_work\pytorch\pytorch\aten\src\ATen/native/transformers/sdp_utils_cpp.h:600.)
  F.scaled_dot_product_attention(q, k, v, is_causal=True, enable_gqa=True).sum().backward()
D:\dev\micro-model\slm\utils\sdpa.py:38: UserWarning: Flash attention kernel not used because: (Triggered internally at C:\actions-runner\_work\pytorch\pytorch\aten\src\ATen\native\transformers\cuda\sdp_utils.cpp:1242.)
  F.scaled_dot_product_attention(q, k, v, is_causal=True, enable_gqa=True).sum().backward()
D:\dev\micro-model\slm\utils\sdpa.py:38: UserWarning: Torch was not compiled with flash attention. (Triggered internally at C:\actions-runner\_work\pytorch\pytorch\aten\src\ATen\native\transformers\cuda\sdp_utils.cpp:1050.)
  F.scaled_dot_product_attention(q, k, v, is_causal=True, enable_gqa=True).sum().backward()
D:\dev\micro-model\slm\utils\sdpa.py:38: UserWarning: cuDNN attention kernel not used because: (Triggered internally at C:\actions-runner\_work\pytorch\pytorch\aten\src\ATen\native\transformers\cuda\sdp_utils.cpp:1244.)
  F.scaled_dot_product_attention(q, k, v, is_causal=True, enable_gqa=True).sum().backward()
D:\dev\micro-model\slm\utils\sdpa.py:38: UserWarning: cuDNN attention has been runtime disabled. (Triggered internally at C:\actions-runner\_work\pytorch\pytorch\aten\src\ATen\native\transformers\cuda\sdp_utils.cpp:922.)
  F.scaled_dot_product_attention(q, k, v, is_causal=True, enable_gqa=True).sum().backward()
SDPA backends: {'flash': 'FAIL', 'cudnn': '0.53ms', 'efficient': '0.69ms', 'math': '7.63ms'}
  seq  mb cmp    tok/s  step ms    fwd    bwd   opt   VRAM   MFU  MFUc
remark: c76bjtphhg3o76rcmagyoetjjb5hjwzsw5hjbqkxzyt6giizfo5e.py:18:0: 324 instructions in function
remark: ctt64tghkklunzmatwq6mig4zqn3stcza67mslejxdgvj5rbs66o.py:18:0: 49 instructions in function
remark: ctt64tghkklunzmatwq6mig4zqn3stcza67mslejxdgvj5rbs66o.py:18:0: 68 instructions in function
remark: ctt64tghkklunzmatwq6mig4zqn3stcza67mslejxdgvj5rbs66o.py:18:0: 70 instructions in function
remark: ckdgtycdbmv6rjf27jqd7i5xonouk7gfwfeu6p7df7hqgape5d3o.py:18:0: 51 instructions in function
remark: ckdgtycdbmv6rjf27jqd7i5xonouk7gfwfeu6p7df7hqgape5d3o.py:18:0: 70 instructions in function
remark: ckdgtycdbmv6rjf27jqd7i5xonouk7gfwfeu6p7df7hqgape5d3o.py:18:0: 72 instructions in function
remark: cxfblbhgthquohsl4cen4vjcv5swbhg6tmswtdgogojr3cvhbicl.py:18:0: 199 instructions in function
remark: cxfblbhgthquohsl4cen4vjcv5swbhg6tmswtdgogojr3cvhbicl.py:18:0: 96 instructions in function
remark: crifxrymmwdfy3ibfw767il47wf6s5cdrqdwkejhx3cwvmyh2jra.py:18:0: 202 instructions in function
remark: crifxrymmwdfy3ibfw767il47wf6s5cdrqdwkejhx3cwvmyh2jra.py:18:0: 97 instructions in function
remark: ckwddm6kso23iwx436wkzmntb4etj3syiktqipgodv3jokhuuy5w.py:18:0: 265 instructions in function
remark: cpkvasptytpz247ijbrmcahkpv7i3o5dtemadhsmbxbhes3shhfk.py:18:0: 156 instructions in function
remark: cpkvasptytpz247ijbrmcahkpv7i3o5dtemadhsmbxbhes3shhfk.py:18:0: 57 instructions in function
remark: c24ao5agc3xlv5avgqrc36zdimb7bqq4faetogggt5pqrog7btdk.py:18:0: 471 instructions in function
remark: ckyho6hucmapwre5yzy7tr4ccr4gowzmc25d5zkqydydhmtrij2n.py:18:0: 556 instructions in function
remark: cqncq2h3uva7nzep5fpesv2ln6qbfbfsalkih3pa5embxw5h5ov3.py:18:0: 753 instructions in function
remark: cfxydo6h7jqvm5gwjfvi4qoir3ovxrrkotkntayr27g2vxjil4vj.py:18:0: 386 instructions in function
remark: cwnk2p6omcdi56sk57ykxdkh5zv43xn4r62vytezm2yjtbgmbsda.py:18:0: 752 instructions in function
remark: c3sdnd2rn7pnuqitvw5kpa35geniisiue6yqducjcm5paihyklsr.py:18:0: 640 instructions in function
remark: cisezvkhy7bjxwce6kxa55vnp6w24u2jmfdofsu73klpid7wtcic.py:18:0: 298 instructions in function
remark: cd3f6vtpb22vomjrdfmqsatn4bws6rjqy5odrxxq2ijwwrktelsq.py:18:0: 246 instructions in function
remark: cgg3p2falga5ymc4yhcrmbmhyjcvrtb4ss2ocwlojkkxsprneoke.py:18:0: 435 instructions in function
remark: cww7y7k352k75bteyfhjcu5lcplvd26rofqcat5ngr6g2rvzhr7w.py:18:0: 281 instructions in function
remark: cwsvl2l6kyj3myeasw34rfemuhwmuiacrlnjibguzleazfkb3gjb.py:18:0: 16 instructions in function
remark: cwsvl2l6kyj3myeasw34rfemuhwmuiacrlnjibguzleazfkb3gjb.py:18:0: 12 instructions in function
remark: ct7vu5nbbww3vjeubix77l5bxbzklrqexfe7h262aj4xes4aduj2.py:18:0: 290 instructions in function
remark: ct7vu5nbbww3vjeubix77l5bxbzklrqexfe7h262aj4xes4aduj2.py:18:0: 104 instructions in function
remark: css7uapyvflbefxb5dygqf7ax7dud73j5z4qyusnrr6jzc243le2.py:18:0: 303 instructions in function
remark: cpbzoepaksgmbky23vgomygcy2otzevzykpi4sglenepuldwvghg.py:18:0: 84 instructions in function
remark: cpbzoepaksgmbky23vgomygcy2otzevzykpi4sglenepuldwvghg.py:18:0: 271 instructions in function
remark: cpbzoepaksgmbky23vgomygcy2otzevzykpi4sglenepuldwvghg.py:18:0: 819 instructions in function
remark: c767xc4eif56uyo4uqfjsqyvxzhrj5zx6t6l5wnuvxux7qmea7uk.py:18:0: 161 instructions in function
remark: c767xc4eif56uyo4uqfjsqyvxzhrj5zx6t6l5wnuvxux7qmea7uk.py:18:0: 64 instructions in function
remark: ccfn6z6i2fiddsyj2bhzfrrqljiqlpmsub5sbh7kwbcv4tzpcesc.py:18:0: 179 instructions in function
remark: cmljt56hbgd4adywgfeyhj5l4x23fzb37brizlglfbg42dtamk2n.py:18:0: 505 instructions in function
remark: cmljt56hbgd4adywgfeyhj5l4x23fzb37brizlglfbg42dtamk2n.py:18:0: 425 instructions in function
remark: cmljt56hbgd4adywgfeyhj5l4x23fzb37brizlglfbg42dtamk2n.py:18:0: 404 instructions in function
remark: cgqyeo7yg7mo23gxmphxozlqjyiggcjjzhrjkebq4f3aqujzxesr.py:18:0: 228 instructions in function
remark: cgqyeo7yg7mo23gxmphxozlqjyiggcjjzhrjkebq4f3aqujzxesr.py:18:0: 77 instructions in function
remark: cfaaw46ba6sviarivg2cy3n74muqci6o5olphpwkj5oe3jcarzij.py:18:0: 209 instructions in function
remark: cfaaw46ba6sviarivg2cy3n74muqci6o5olphpwkj5oe3jcarzij.py:18:0: 76 instructions in function
remark: caxql456h4h3b7wb3pwhfbsbgzlbqxc7vl3mvadurzytz6hgxgyn.py:18:0: 17 instructions in function
remark: caxql456h4h3b7wb3pwhfbsbgzlbqxc7vl3mvadurzytz6hgxgyn.py:18:0: 17 instructions in function
remark: chfxlyh35tkur36l26a64xzdphxeoxgtl2skhinqshh6kn7qiey7.py:18:0: 579 instructions in function
remark: c4g6a3xsrzpcqhbq4hjw32i5ewguuhz4r5y55khm3n2scpog7aos.py:18:0: 495 instructions in function
 2048   4   1    56184    145.8   40.9   95.5   9.5   6.59 66.4% 57.2%
 2048   8   1    58224    281.4   81.1  190.9   9.4  11.13 68.8% 59.3%
 2048  16   1      955  34297.0 5859.3 28392.4  45.3  20.23  1.1%  1.0%
 4096   4   1    43406    377.5   97.4  270.5   9.5  11.13 65.4% 51.3%
 4096   8   1      771  42485.8 6136.4 36307.0  42.5  20.24  1.2%  0.9%
remark: cbbp6mpq4hyys4k2i3lozffju3nisrlwzo7gxpjsle437yjwjnkx.py:18:0: 377 instructions in function
remark: cbbp6mpq4hyys4k2i3lozffju3nisrlwzo7gxpjsle437yjwjnkx.py:18:0: 377 instructions in function
remark: cbbp6mpq4hyys4k2i3lozffju3nisrlwzo7gxpjsle437yjwjnkx.py:18:0: 232 instructions in function
remark: cjbuifzkthajrutsskg4u66zv2xjpvabjvmmx7xzrbruaa67yrgv.py:18:0: 211 instructions in function
remark: cjbuifzkthajrutsskg4u66zv2xjpvabjvmmx7xzrbruaa67yrgv.py:18:0: 359 instructions in function
remark: cjbuifzkthajrutsskg4u66zv2xjpvabjvmmx7xzrbruaa67yrgv.py:18:0: 295 instructions in function
remark: cjbuifzkthajrutsskg4u66zv2xjpvabjvmmx7xzrbruaa67yrgv.py:18:0: 111 instructions in function
remark: cjbuifzkthajrutsskg4u66zv2xjpvabjvmmx7xzrbruaa67yrgv.py:18:0: 219 instructions in function
remark: c4z3ikzjlhdp7jwnqjnp57deabtwgukpioct5ijzhrvjkfldnhow.py:18:0: 34 instructions in function
remark: c4z3ikzjlhdp7jwnqjnp57deabtwgukpioct5ijzhrvjkfldnhow.py:18:0: 22 instructions in function
remark: cfhorwsk3k4tw6w4oydmruz535wx525kd64rtm6qlpckparwqor2.py:18:0: 16 instructions in function
remark: cfhorwsk3k4tw6w4oydmruz535wx525kd64rtm6qlpckparwqor2.py:18:0: 12 instructions in function
remark: cehnqumbvn5jqvpjjjckv3p35l7sdfxabewmxtu3lxurb6hgmkhj.py:18:0: 303 instructions in function
remark: chhxv5gzrzffeian5aqo355icq2ec6ouy6xxaiivqtnfcoujwb47.py:18:0: 373 instructions in function
remark: cgcpgxdctl2pphz7se7wuefwusyeazrbgy5bes2dj5d2m7hik3wb.py:18:0: 36 instructions in function
remark: cg24twrhjdr2wp66pd4hzx5w6dbxidz3pejy76n4dcggdcamywds.py:18:0: 16 instructions in function
remark: cfwjyzxj7xtp42k2cetnrurekxp54tjqo2pyxxihnzezhcxbohhy.py:18:0: 438 instructions in function
remark: chlbmru6twsyqchbtoyze2l5ybngelvse4yshsjoypztqfpjenfh.py:18:0: 469 instructions in function
remark: cqoxy3wzm5jsjrwtnfseznv3ohtutwdpzlgkfc55cuzp5e7slckl.py:18:0: 509 instructions in function
remark: ccaai6sfoj2vqbu64hv6zgntdkk5cqgmvw5lxxynwlhuj5wz6zbt.py:18:0: 818 instructions in function
 4096  16   1      404 162299.2 28485.8 133638.5 175.1  38.43  0.6%  0.5%
 8192   4   1      601  54531.7 6911.0 47592.3  28.5  20.24  1.3%  0.9%
 8192   8   1      280 233905.8 37189.9 196472.2 244.0  38.42  0.6%  0.4%
[W913 03:02:37.000000000 CUDACachingAllocator.cpp:3934] memory allocation failed with OOM on device 0 while trying to allocate 603979776 bytes (free: 0, total: 17170956288).
[W913 03:03:41.000000000 CUDACachingAllocator.cpp:3934] memory allocation failed with OOM on device 0 while trying to allocate 603979776 bytes (free: 0, total: 17170956288).
 8192  16   1   OOM
