GPU: NVIDIA GeForce RTX 4080 SUPER  torch 2.14.0+cu130  peak 104.5 TFLOPS (spec)
D:\dev\micro-model\slm\utils\sdpa.py:38: UserWarning: Memory efficient kernel not used because: (Triggered internally at C:\actions-runner\_work\pytorch\pytorch\aten\src\ATen\native\transformers\cuda\sdp_utils.cpp:1240.)
  F.scaled_dot_product_attention(q, k, v, is_causal=True, enable_gqa=True).sum().backward()
D:\dev\micro-model\slm\utils\sdpa.py:38: UserWarning: Memory Efficient attention has been runtime disabled. (Triggered internally at C:\actions-runner\_work\pytorch\pytorch\aten\src\ATen/native/transformers/sdp_utils_cpp.h:600.)
  F.scaled_dot_product_attention(q, k, v, is_causal=True, enable_gqa=True).sum().backward()
D:\dev\micro-model\slm\utils\sdpa.py:38: UserWarning: Flash attention kernel not used because: (Triggered internally at C:\actions-runner\_work\pytorch\pytorch\aten\src\ATen\native\transformers\cuda\sdp_utils.cpp:1242.)
  F.scaled_dot_product_attention(q, k, v, is_causal=True, enable_gqa=True).sum().backward()
D:\dev\micro-model\slm\utils\sdpa.py:38: UserWarning: Torch was not compiled with flash attention. (Triggered internally at C:\actions-runner\_work\pytorch\pytorch\aten\src\ATen\native\transformers\cuda\sdp_utils.cpp:1050.)
  F.scaled_dot_product_attention(q, k, v, is_causal=True, enable_gqa=True).sum().backward()
D:\dev\micro-model\slm\utils\sdpa.py:38: UserWarning: cuDNN attention kernel not used because: (Triggered internally at C:\actions-runner\_work\pytorch\pytorch\aten\src\ATen\native\transformers\cuda\sdp_utils.cpp:1244.)
  F.scaled_dot_product_attention(q, k, v, is_causal=True, enable_gqa=True).sum().backward()
D:\dev\micro-model\slm\utils\sdpa.py:38: UserWarning: cuDNN attention has been runtime disabled. (Triggered internally at C:\actions-runner\_work\pytorch\pytorch\aten\src\ATen\native\transformers\cuda\sdp_utils.cpp:922.)
  F.scaled_dot_product_attention(q, k, v, is_causal=True, enable_gqa=True).sum().backward()
SDPA backends: {'flash': 'FAIL', 'cudnn': '0.54ms', 'efficient': '0.72ms', 'math': '7.58ms'}
  seq  mb cmp    tok/s  step ms    fwd    bwd   opt   VRAM   MFU  MFUc
remark: c42ya5kgttmi2ts5gnzrupajnlwsy6mwpyixu2omwaycrfdeghux.py:18:0: 166 instructions in function
remark: cgvzcfpz75xx7hfm6p6acgb543ejl6allc5bkhewangwkhzg7nwj.py:18:0: 16 instructions in function
remark: cgvzcfpz75xx7hfm6p6acgb543ejl6allc5bkhewangwkhzg7nwj.py:18:0: 12 instructions in function
remark: cixux6sucrttgem3es3aaimcuu7o2cup3ra7ojlsg5na4iihnxfl.py:18:0: 49 instructions in function
remark: cixux6sucrttgem3es3aaimcuu7o2cup3ra7ojlsg5na4iihnxfl.py:18:0: 68 instructions in function
remark: cixux6sucrttgem3es3aaimcuu7o2cup3ra7ojlsg5na4iihnxfl.py:18:0: 70 instructions in function
remark: c3rhz5qaxpuncajxql4r6cuewrowoe7bwcnjfgbmx7jirflcjec5.py:18:0: 50 instructions in function
remark: c3rhz5qaxpuncajxql4r6cuewrowoe7bwcnjfgbmx7jirflcjec5.py:18:0: 69 instructions in function
remark: c3rhz5qaxpuncajxql4r6cuewrowoe7bwcnjfgbmx7jirflcjec5.py:18:0: 71 instructions in function
remark: cvguz52edonofjqfoq2qzh2tkbw7ogjfab47hgrhczplmmkvl74p.py:18:0: 199 instructions in function
remark: cvguz52edonofjqfoq2qzh2tkbw7ogjfab47hgrhczplmmkvl74p.py:18:0: 96 instructions in function
remark: cuvxda5xr42oeu3cqt6gvih7uhzsxianqekqs5dya43dwq4tekyi.py:18:0: 201 instructions in function
remark: cuvxda5xr42oeu3cqt6gvih7uhzsxianqekqs5dya43dwq4tekyi.py:18:0: 96 instructions in function
remark: cmatjwdfklokcjga4jbranxg75ke2nhmy2vt6vfyst5p55ifgxfa.py:18:0: 16 instructions in function
remark: cmatjwdfklokcjga4jbranxg75ke2nhmy2vt6vfyst5p55ifgxfa.py:18:0: 12 instructions in function
remark: cut72qocrbkbbscgddxkj7km2vad3cmvm3v7ahv63b2trahw2iq3.py:18:0: 39 instructions in function
remark: cut72qocrbkbbscgddxkj7km2vad3cmvm3v7ahv63b2trahw2iq3.py:18:0: 39 instructions in function
remark: cg5u24ydonuofcucblrjw4desmlpqqnqgdtshnapikmg45swytaw.py:18:0: 153 instructions in function
remark: clvek7odg5jlbcl7nvxmcqwo5tk4bdnsothokixko2aaqjbhymll.py:18:0: 16 instructions in function
remark: clvek7odg5jlbcl7nvxmcqwo5tk4bdnsothokixko2aaqjbhymll.py:18:0: 12 instructions in function
remark: cbxqo5beogcnqjixuezk43x5zbayuls4jhiz4bjy656nbat2cg7v.py:18:0: 16 instructions in function
remark: cbxqo5beogcnqjixuezk43x5zbayuls4jhiz4bjy656nbat2cg7v.py:18:0: 12 instructions in function
remark: cdy6uueyiywqly2z4pcqxzli646xx4cblqnmoahe3iss6iqeyfxy.py:18:0: 156 instructions in function
remark: cdy6uueyiywqly2z4pcqxzli646xx4cblqnmoahe3iss6iqeyfxy.py:18:0: 57 instructions in function
remark: czyobrlok4d4aqljvxd3yypg4h2t6iddsuqftvsukru5sr4xkjw7.py:18:0: 220 instructions in function
remark: c7dbmtfa76hroczzjtj572zctztawqygo4rg6bzgvp7eubg26oht.py:18:0: 374 instructions in function
remark: c7dbmtfa76hroczzjtj572zctztawqygo4rg6bzgvp7eubg26oht.py:18:0: 273 instructions in function
remark: cwv2wlgoww4ndodgtswrlmrivgmccwu2kjuz2jnhzgm5imudawi3.py:18:0: 236 instructions in function
remark: coy6swo2lagq7kmpvyh3fbumt6yf2wyqdvujr2xnyfgpumxrdzuf.py:18:0: 178 instructions in function
remark: cz42rxy3lqochtnz324mre66fu4eel3pobyjoxjrzkndx6xg6bjd.py:18:0: 231 instructions in function
remark: clq64wj6dgiyr7eripxxisyjgv33yiyutpqdgwiat3kyzh6y5la7.py:18:0: 227 instructions in function
remark: c3q4wtqn3lehrrxrhxqyduo5guncurd4x7dvn5jnqjc76jlxikfw.py:18:0: 16 instructions in function
remark: c3q4wtqn3lehrrxrhxqyduo5guncurd4x7dvn5jnqjc76jlxikfw.py:18:0: 12 instructions in function
remark: csgohtncpy2lbb6mpxgog6acgp5lwlhk4nsfakpn4aql5supdgko.py:18:0: 298 instructions in function
remark: chukmjj3autiv7r632kdfnylpdrtfeqynpuh6hcvvywkleyuqcb5.py:18:0: 290 instructions in function
remark: cplaybghtxdupsa54lun3gr2rxfsatixmdxdg4egy4gedmgp6ssu.py:18:0: 435 instructions in function
remark: ckwxidmx7iuxj5ehs7vmitgw5i6vljvj3plx6kiv562wu5ptxeuq.py:18:0: 186 instructions in function
remark: c7iwben6lm26gogqje6qhovagqupba4pwpfwibzyk6wey66seza6.py:18:0: 109 instructions in function
remark: cpz4my2forv2nqxb4j7wthr2iu3ny5c57ji2yqelqhvctnesl22m.py:18:0: 97 instructions in function
remark: cwunoc32gabotyr4ehgaoia3n5y4wvmxfb4igufx7b42oerp2z46.py:18:0: 44 instructions in function
remark: cwunoc32gabotyr4ehgaoia3n5y4wvmxfb4igufx7b42oerp2z46.py:18:0: 14 instructions in function
remark: ca5y55322z2go3zhgyyhnur7uwzzwp34krjp4w2gu5zeu4e2mrvf.py:18:0: 290 instructions in function
remark: ca5y55322z2go3zhgyyhnur7uwzzwp34krjp4w2gu5zeu4e2mrvf.py:18:0: 104 instructions in function
remark: cg4pq76mwjd5bwppzfxnx4tcdnoevxgkynbqylfex3pxrczdsord.py:18:0: 44 instructions in function
remark: cg4pq76mwjd5bwppzfxnx4tcdnoevxgkynbqylfex3pxrczdsord.py:18:0: 14 instructions in function
remark: c2ur476hujeomr5pvn2a5i7b6ijf6an5mxo6izpd3bwa3u5oljly.py:18:0: 190 instructions in function
remark: cxswoe5dvw4ypzu4q6crsefdxfhhotajkq3cffdfdmwux3yjiw7b.py:18:0: 44 instructions in function
remark: cxswoe5dvw4ypzu4q6crsefdxfhhotajkq3cffdfdmwux3yjiw7b.py:18:0: 14 instructions in function
remark: cr3i6xvj2lv7imdkbbbyvfyw7nn3woxd3r3znrupbpnkfpo42ydw.py:18:0: 83 instructions in function
remark: cr3i6xvj2lv7imdkbbbyvfyw7nn3woxd3r3znrupbpnkfpo42ydw.py:18:0: 248 instructions in function
remark: cr3i6xvj2lv7imdkbbbyvfyw7nn3woxd3r3znrupbpnkfpo42ydw.py:18:0: 773 instructions in function
remark: cze5boobmzew6l6os6ilmat324dnss5zxq72pijqxya2ng3y4nlt.py:18:0: 83 instructions in function
remark: cze5boobmzew6l6os6ilmat324dnss5zxq72pijqxya2ng3y4nlt.py:18:0: 249 instructions in function
remark: cze5boobmzew6l6os6ilmat324dnss5zxq72pijqxya2ng3y4nlt.py:18:0: 774 instructions in function
remark: cbp54hctwuv7yjh4i4wzvl2rn2axmv4xy4gsqah32ma5qvbhq4fk.py:18:0: 181 instructions in function
remark: chuqbzjxmxxjn2wzg6ibadubqol2ouezng3byu25eyzoztfalbhv.py:18:0: 74 instructions in function
remark: cdwpfs3duohmbq7btdbbojoep6uqd2emorlxkjhzxkf5uz7hktog.py:18:0: 188 instructions in function
remark: c27mmzxopektn2rer5yt46hvt3dq72444fhl6suto4luzzai3es7.py:18:0: 48 instructions in function
remark: cuwcqpfgeuuzw2qf6i7dnbb7wuv4rc32umgzfocrzbpag66dlpq5.py:18:0: 296 instructions in function
remark: cuwcqpfgeuuzw2qf6i7dnbb7wuv4rc32umgzfocrzbpag66dlpq5.py:18:0: 95 instructions in function
remark: cvdr73y654nfjen42brn4tmu6oaiarpjpwnu5mhqdclsy76k4bdl.py:18:0: 296 instructions in function
remark: cvdr73y654nfjen42brn4tmu6oaiarpjpwnu5mhqdclsy76k4bdl.py:18:0: 95 instructions in function
remark: cbytag33rq7lc2z5sqigymxsdwmx25lrujhhsdfaz5pt6z2jvz6f.py:18:0: 16 instructions in function
remark: cbytag33rq7lc2z5sqigymxsdwmx25lrujhhsdfaz5pt6z2jvz6f.py:18:0: 16 instructions in function
remark: cwexd3e3wk53sv6hjdibb7p4upnjwfmszpmwuibvtjbjiertmgas.py:18:0: 44 instructions in function
remark: cwexd3e3wk53sv6hjdibb7p4upnjwfmszpmwuibvtjbjiertmgas.py:18:0: 14 instructions in function
remark: caqq7tdkcvqpluk22ue247jdzklu4uczanm4xcwgklxautdi63fo.py:18:0: 353 instructions in function
remark: caqq7tdkcvqpluk22ue247jdzklu4uczanm4xcwgklxautdi63fo.py:18:0: 243 instructions in function
remark: cbr6hbyhdfmqb67fu5v3je6fuzp5t3zijumfv6z3ehvxhp5rjwm4.py:18:0: 193 instructions in function
remark: cz3itantccgzuygcl6cdxbkjzvlnljhzmgwoeagjctttu5u4ygkk.py:18:0: 11 instructions in function
remark: cz3itantccgzuygcl6cdxbkjzvlnljhzmgwoeagjctttu5u4ygkk.py:18:0: 10 instructions in function
remark: c3cskbnc2bunbvtggarpuuzxbt35ymnz5l6ptivvyp4ytkvfp33g.py:18:0: 388 instructions in function
remark: c3cskbnc2bunbvtggarpuuzxbt35ymnz5l6ptivvyp4ytkvfp33g.py:18:0: 322 instructions in function
remark: cnogyzhx47byj7ngffv2ucymlsh3p2wsoeskj3byds5scdxm3kld.py:18:0: 52 instructions in function
remark: cnogyzhx47byj7ngffv2ucymlsh3p2wsoeskj3byds5scdxm3kld.py:18:0: 19 instructions in function
 2048   2   1    20282    202.0   57.3  116.8  27.9  10.79 65.6% 58.4%
remark: cxg2365lmhpn53mxx6zxop4gahh2jucazz26lrhif4ilivljvwop.py:18:0: 177 instructions in function
remark: cthgpipm5boajfg4juzlosrgw4k55tklp46oopdcphphndbp4kqe.py:18:0: 59 instructions in function
remark: cthgpipm5boajfg4juzlosrgw4k55tklp46oopdcphphndbp4kqe.py:18:0: 80 instructions in function
remark: cthgpipm5boajfg4juzlosrgw4k55tklp46oopdcphphndbp4kqe.py:18:0: 82 instructions in function
remark: c7sa2zdelutwmgy4ffgxufbxeh7vlcubb65swtjqy2kut6avq26w.py:18:0: 60 instructions in function
remark: c7sa2zdelutwmgy4ffgxufbxeh7vlcubb65swtjqy2kut6avq26w.py:18:0: 81 instructions in function
remark: c7sa2zdelutwmgy4ffgxufbxeh7vlcubb65swtjqy2kut6avq26w.py:18:0: 83 instructions in function
remark: cbu76bhfdblynaf2fk4ovaldddglmd47ten3yh4nokzaemqt5tak.py:18:0: 199 instructions in function
remark: cbu76bhfdblynaf2fk4ovaldddglmd47ten3yh4nokzaemqt5tak.py:18:0: 96 instructions in function
remark: cis35qtwpb5mfr75gaw2z6dc2lzq37iaim4rgnlon5t7fesjqg3j.py:18:0: 201 instructions in function
remark: cis35qtwpb5mfr75gaw2z6dc2lzq37iaim4rgnlon5t7fesjqg3j.py:18:0: 96 instructions in function
remark: c2dx3gezoigthotwwqdtbt4tjw43vym525cbtlauhbb53pydf336.py:18:0: 39 instructions in function
remark: c2dx3gezoigthotwwqdtbt4tjw43vym525cbtlauhbb53pydf336.py:18:0: 39 instructions in function
remark: cv7oqyuoqwgx6xfoc74bh4v46pembsj27zltyhyca7h5ukozu6id.py:18:0: 158 instructions in function
remark: csdmft2djwktbaeosbpxtbncfalulbamcamd4fwz4uo4ysxulbty.py:18:0: 156 instructions in function
remark: csdmft2djwktbaeosbpxtbncfalulbamcamd4fwz4uo4ysxulbty.py:18:0: 57 instructions in function
remark: co57wdrqeqs2smvoirsmcbw2y2gk4wegkcjxc4bqn6f72qnywvvv.py:18:0: 227 instructions in function
remark: chkk3csrq6b6iqm537sqb6bx2rl4jb4fxweijluysw7m2ulch4ri.py:18:0: 390 instructions in function
remark: chkk3csrq6b6iqm537sqb6bx2rl4jb4fxweijluysw7m2ulch4ri.py:18:0: 286 instructions in function
remark: c3bjuvv4rniudnbpjvvr3hilceymligvxjhrp4f6qqbsgzpj7lqu.py:18:0: 243 instructions in function
remark: cxx2ny2hsphg67j6dhluwfn6ew2egfs333oxl6yylvwegffbclbe.py:18:0: 185 instructions in function
remark: clkt55ti7uresuucbqykcy6ccdutczmiolm4qmwhcp5db3sffaja.py:18:0: 238 instructions in function
remark: cxp3a6yfwog4m3wqfasy3wk2krhv7sgph3drpfbzax2xzrxnaxqs.py:18:0: 234 instructions in function
remark: c7vy5z2gwl6r6xairjh2byzznbrgfatijsa4umsyb2lkdgyrb66r.py:18:0: 252 instructions in function
remark: c4555gelpmgmx6huf57qooxlqsunulbutxzlrs4qqm4avg7yr2dz.py:18:0: 315 instructions in function
remark: cy6o24k466clqwoy4f2nlo4wnc73ryrq6zhki6tmzuu2hgylq63n.py:18:0: 44 instructions in function
remark: cy6o24k466clqwoy4f2nlo4wnc73ryrq6zhki6tmzuu2hgylq63n.py:18:0: 14 instructions in function
remark: cwxzzdj6t23rl4tynfupsgpgwj5dmok7o4rtqlvyhlpoa25nyxct.py:18:0: 290 instructions in function
remark: cwxzzdj6t23rl4tynfupsgpgwj5dmok7o4rtqlvyhlpoa25nyxct.py:18:0: 104 instructions in function
remark: c7chmdlloxi2t27cxtdwy3yi3czql2vfdsqf3tjxfir3ijn2lohb.py:18:0: 44 instructions in function
remark: c7chmdlloxi2t27cxtdwy3yi3czql2vfdsqf3tjxfir3ijn2lohb.py:18:0: 14 instructions in function
remark: ckwsfwnoj6hxl7j5xegizy4egjyhd35fc76kfu3w3i4tkzxwngh2.py:18:0: 338 instructions in function
remark: c2t2x6rfzoze4hi25yalxdofafxnl4t3uh2htkuldwledm4gu2be.py:18:0: 44 instructions in function
remark: c2t2x6rfzoze4hi25yalxdofafxnl4t3uh2htkuldwledm4gu2be.py:18:0: 14 instructions in function
remark: cmv5jz4icd3cr7r446mfxnhequvwxrrbz6oksipilw5xh7shnxny.py:18:0: 83 instructions in function
remark: cmv5jz4icd3cr7r446mfxnhequvwxrrbz6oksipilw5xh7shnxny.py:18:0: 248 instructions in function
remark: cmv5jz4icd3cr7r446mfxnhequvwxrrbz6oksipilw5xh7shnxny.py:18:0: 773 instructions in function
remark: cyddiibby3pn3qbvtbxmcipfejpi53ryzerigzqbfqttnewz5rjg.py:18:0: 206 instructions in function
remark: cevivpvdadtu7dz57yqdcx4ps76jjzhigl3rcxos4gdmsutlnc3g.py:18:0: 47 instructions in function
remark: ct7ny3bggejzr33al5skeurhlafvvcvmi5bg5swjspnd3n7x5rqa.py:18:0: 392 instructions in function
remark: ct7ny3bggejzr33al5skeurhlafvvcvmi5bg5swjspnd3n7x5rqa.py:18:0: 327 instructions in function
remark: ct7ny3bggejzr33al5skeurhlafvvcvmi5bg5swjspnd3n7x5rqa.py:18:0: 279 instructions in function
remark: ct5guigkujupan437jxcen23va5o6z6pcb3teeqdy7sh7hlqkmbq.py:18:0: 296 instructions in function
remark: ct5guigkujupan437jxcen23va5o6z6pcb3teeqdy7sh7hlqkmbq.py:18:0: 95 instructions in function
remark: cxtdp6wolehgp75kp2mrd5uac6nymvr2ynl3itiv3qtzth3l6rgw.py:18:0: 296 instructions in function
remark: cxtdp6wolehgp75kp2mrd5uac6nymvr2ynl3itiv3qtzth3l6rgw.py:18:0: 95 instructions in function
remark: cbnfn4uzq4ygz7ojog3bbtfejath7m6c2k5qdeg5un6irhbgvi2l.py:18:0: 16 instructions in function
remark: cbnfn4uzq4ygz7ojog3bbtfejath7m6c2k5qdeg5un6irhbgvi2l.py:18:0: 16 instructions in function
remark: cddkgz63kmeu3xxxfhuea2gjze7gojtgdaaezhsu6qk4vaolimwc.py:18:0: 44 instructions in function
remark: cddkgz63kmeu3xxxfhuea2gjze7gojtgdaaezhsu6qk4vaolimwc.py:18:0: 14 instructions in function
remark: cxib4hgvypxpi5xahmrmgbflw2pflpjupzcopvahffxf5ugtydkh.py:18:0: 360 instructions in function
remark: cxib4hgvypxpi5xahmrmgbflw2pflpjupzcopvahffxf5ugtydkh.py:18:0: 249 instructions in function
remark: cbhtq6de6xfptidxeopzlxtldgap3lfaykwg5jh6zvzis3u2zcha.py:18:0: 11 instructions in function
remark: cbhtq6de6xfptidxeopzlxtldgap3lfaykwg5jh6zvzis3u2zcha.py:18:0: 10 instructions in function
remark: cwwzebcwkpz5fq554dfc5lqdqutkkkalsdixsfewb4squvg4eq7s.py:18:0: 521 instructions in function
remark: c2jyr6e4ull6gn5lbsib2c47ccsnlgn5qm4zj6fp6h2nua62izfr.py:18:0: 52 instructions in function
remark: c2jyr6e4ull6gn5lbsib2c47ccsnlgn5qm4zj6fp6h2nua62izfr.py:18:0: 19 instructions in function
 2048   4   1   SPILL (peak 15.6 GiB > VRAM, 1922 tok/s)
