GPU: NVIDIA GeForce RTX 4080 SUPER  torch 2.14.0+cu130  peak 104.5 TFLOPS (spec)
D:\dev\micro-model\slm\utils\sdpa.py:38: UserWarning: Memory efficient kernel not used because: (Triggered internally at C:\actions-runner\_work\pytorch\pytorch\aten\src\ATen\native\transformers\cuda\sdp_utils.cpp:1240.)
  F.scaled_dot_product_attention(q, k, v, is_causal=True, enable_gqa=True).sum().backward()
D:\dev\micro-model\slm\utils\sdpa.py:38: UserWarning: Memory Efficient attention has been runtime disabled. (Triggered internally at C:\actions-runner\_work\pytorch\pytorch\aten\src\ATen/native/transformers/sdp_utils_cpp.h:600.)
  F.scaled_dot_product_attention(q, k, v, is_causal=True, enable_gqa=True).sum().backward()
D:\dev\micro-model\slm\utils\sdpa.py:38: UserWarning: Flash attention kernel not used because: (Triggered internally at C:\actions-runner\_work\pytorch\pytorch\aten\src\ATen\native\transformers\cuda\sdp_utils.cpp:1242.)
  F.scaled_dot_product_attention(q, k, v, is_causal=True, enable_gqa=True).sum().backward()
D:\dev\micro-model\slm\utils\sdpa.py:38: UserWarning: Torch was not compiled with flash attention. (Triggered internally at C:\actions-runner\_work\pytorch\pytorch\aten\src\ATen\native\transformers\cuda\sdp_utils.cpp:1050.)
  F.scaled_dot_product_attention(q, k, v, is_causal=True, enable_gqa=True).sum().backward()
D:\dev\micro-model\slm\utils\sdpa.py:38: UserWarning: cuDNN attention kernel not used because: (Triggered internally at C:\actions-runner\_work\pytorch\pytorch\aten\src\ATen\native\transformers\cuda\sdp_utils.cpp:1244.)
  F.scaled_dot_product_attention(q, k, v, is_causal=True, enable_gqa=True).sum().backward()
D:\dev\micro-model\slm\utils\sdpa.py:38: UserWarning: cuDNN attention has been runtime disabled. (Triggered internally at C:\actions-runner\_work\pytorch\pytorch\aten\src\ATen\native\transformers\cuda\sdp_utils.cpp:922.)
  F.scaled_dot_product_attention(q, k, v, is_causal=True, enable_gqa=True).sum().backward()
SDPA backends: {'flash': 'FAIL', 'cudnn': '0.56ms', 'efficient': '0.72ms', 'math': '7.54ms'}
  seq  mb cmp    tok/s  step ms    fwd    bwd   opt   VRAM   MFU  MFUc
remark: ctuzo2jwoz6stl6icy7flvpn7ljytzggmwpdytnplul224ycrgdx.py:18:0: 324 instructions in function
remark: c3wq2zn6xqejpryn7eqff5wz56xoqnt55kocoiy2ykfccpx6q2vc.py:18:0: 49 instructions in function
remark: c3wq2zn6xqejpryn7eqff5wz56xoqnt55kocoiy2ykfccpx6q2vc.py:18:0: 68 instructions in function
remark: c3wq2zn6xqejpryn7eqff5wz56xoqnt55kocoiy2ykfccpx6q2vc.py:18:0: 70 instructions in function
remark: ckpev4o5kkbv6ohl6r2xbbgmkjkvc7mvmhg3sxlyhviuxnwmde55.py:18:0: 51 instructions in function
remark: ckpev4o5kkbv6ohl6r2xbbgmkjkvc7mvmhg3sxlyhviuxnwmde55.py:18:0: 70 instructions in function
remark: ckpev4o5kkbv6ohl6r2xbbgmkjkvc7mvmhg3sxlyhviuxnwmde55.py:18:0: 72 instructions in function
remark: cnfn2rlecfidhvr6jdp4sljb5nugricadlepckazuync65aro4cz.py:18:0: 199 instructions in function
remark: cnfn2rlecfidhvr6jdp4sljb5nugricadlepckazuync65aro4cz.py:18:0: 96 instructions in function
remark: cvgl4wi63z455ks7l6ofpz6dw5czovblutilcmks2dk3ucujoeeu.py:18:0: 202 instructions in function
remark: cvgl4wi63z455ks7l6ofpz6dw5czovblutilcmks2dk3ucujoeeu.py:18:0: 97 instructions in function
remark: ccxevzaf7djys7tbmif7sirjduvazz7saai2py6h3qsb67nclosv.py:18:0: 265 instructions in function
remark: ch7m7sladjvpzcd2nnhcxriustvvyc3fl33hojf7fwfl62cg344t.py:18:0: 156 instructions in function
remark: ch7m7sladjvpzcd2nnhcxriustvvyc3fl33hojf7fwfl62cg344t.py:18:0: 57 instructions in function
remark: c6cgo2e5765mrxbfhp4itwmns2f5ux47zyry7ejtpxvvxuynqnbw.py:18:0: 471 instructions in function
remark: coz4yscku52g4otzhrq4lzwwdginypdekuhghdeyed7bntjug75j.py:18:0: 556 instructions in function
remark: c7murhs7ogbnyjkp2hougiewfewpi3brfxtrxwhj2zl7sgbvcxzo.py:18:0: 753 instructions in function
remark: cj5zjqh6i6mp5ixlkhpjpuzw6h4qjxap4h6bcavojaxl7j2gpg3a.py:18:0: 386 instructions in function
remark: chet4rnoiw6hsdorkwf4rgyntppzckrxtp6netztqx32o2wfjjj7.py:18:0: 752 instructions in function
remark: c6ggghr6decesgxxljksluurewt4rua6mlmcvhbzk7zwzjbvv4yb.py:18:0: 576 instructions in function
remark: ctdnj7wmj2qfz4ivlje4432hbvdatzvvdvj46w2bidaxtud7jcof.py:18:0: 208 instructions in function
remark: c5uhjsjo3ykf3d4qsqwdv7b57gdqupcvqmddxati5cgbqiyghz2m.py:18:0: 18 instructions in function
remark: chshyum3s2647f4t7teca6elau6nwgqifuggpvjldsixhsoni6ws.py:18:0: 16 instructions in function
remark: chshyum3s2647f4t7teca6elau6nwgqifuggpvjldsixhsoni6ws.py:18:0: 12 instructions in function
remark: c7ul6pbqh3w66wu7zqw6nvsa6okabcihtimhyif24ou4rtwtjy2p.py:18:0: 95 instructions in function
remark: c7ul6pbqh3w66wu7zqw6nvsa6okabcihtimhyif24ou4rtwtjy2p.py:18:0: 44 instructions in function
remark: ch2lqkdnfmobcmwmtj7tjlz67ns7jgkbvsj47ruwlke56nwyaxvh.py:18:0: 259 instructions in function
remark: ckgvn25bx3fittyrvmfo6nkntxhnhtfba2lwz65pmao7chnpam6v.py:18:0: 273 instructions in function
remark: cr5zltobxjshbpfk5w6zyfjvauotas55dk2rwovzndqzgcusvkzb.py:18:0: 274 instructions in function
remark: cp4xiva6pzhogqjn7qt2mfatfkuaacfhlzymmjidpcbhfwgv6rnv.py:18:0: 274 instructions in function
remark: csclhs3vkfwisb4unj6z5juyhaoghhxe7javw4euwynnrz5nsklm.py:18:0: 279 instructions in function
remark: cxwqlqdlazsnu4i2qjgkspmim66nloyszkrwi4jtbuygao3mud5v.py:18:0: 16 instructions in function
remark: cxwqlqdlazsnu4i2qjgkspmim66nloyszkrwi4jtbuygao3mud5v.py:18:0: 12 instructions in function
remark: cc72odx5wl5a4vljzxikas2gtjibcmcipdpqi6bxv3oqfynxnxyb.py:18:0: 95 instructions in function
remark: cc72odx5wl5a4vljzxikas2gtjibcmcipdpqi6bxv3oqfynxnxyb.py:18:0: 44 instructions in function
remark: criqt25vxh7xluow2nvysaffmab2mdygykt3sfcyjig5rvo2izks.py:18:0: 2156 instructions in function
remark: criqt25vxh7xluow2nvysaffmab2mdygykt3sfcyjig5rvo2izks.py:18:0: 449 instructions in function
remark: criqt25vxh7xluow2nvysaffmab2mdygykt3sfcyjig5rvo2izks.py:18:0: 1329 instructions in function
remark: cws3zjmau5k7qx7n7ld67t7euxwki63pzbkljdb42msbwvf744zt.py:18:0: 2156 instructions in function
remark: cws3zjmau5k7qx7n7ld67t7euxwki63pzbkljdb42msbwvf744zt.py:18:0: 449 instructions in function
remark: cws3zjmau5k7qx7n7ld67t7euxwki63pzbkljdb42msbwvf744zt.py:18:0: 1329 instructions in function
remark: cfv5slsoq5ir3mt6mi73n3cvf6fhtpgeqwvq4n3g7mrlr5u6s6hq.py:18:0: 2156 instructions in function
remark: cfv5slsoq5ir3mt6mi73n3cvf6fhtpgeqwvq4n3g7mrlr5u6s6hq.py:18:0: 449 instructions in function
remark: cfv5slsoq5ir3mt6mi73n3cvf6fhtpgeqwvq4n3g7mrlr5u6s6hq.py:18:0: 1329 instructions in function
remark: coikpcvrnkm3m7zxainrsszjrcw2weqptv2mr3jnjbsejzxx7oa3.py:18:0: 2155 instructions in function
remark: coikpcvrnkm3m7zxainrsszjrcw2weqptv2mr3jnjbsejzxx7oa3.py:18:0: 448 instructions in function
remark: coikpcvrnkm3m7zxainrsszjrcw2weqptv2mr3jnjbsejzxx7oa3.py:18:0: 1328 instructions in function
remark: c6k4ffkus4wx4wrrxu26u65oq443vyi4m762v52dpzou3ll46jle.py:18:0: 149 instructions in function
remark: c6k4ffkus4wx4wrrxu26u65oq443vyi4m762v52dpzou3ll46jle.py:18:0: 53 instructions in function
remark: c7to5l6hnobm5j6svgm434jyou3j2qsvoyndm635sbb7izxdgwib.py:18:0: 248 instructions in function
remark: cmq362krbo5qa22shol7jimzkwbdrovmtxkz4zjyfa7j2q6ezhdl.py:18:0: 16 instructions in function
remark: cmq362krbo5qa22shol7jimzkwbdrovmtxkz4zjyfa7j2q6ezhdl.py:18:0: 12 instructions in function
remark: ctns4lyej75famklow6bytlcst657asbdnj424k3rtgundzev2fo.py:18:0: 44 instructions in function
remark: ctns4lyej75famklow6bytlcst657asbdnj424k3rtgundzev2fo.py:18:0: 14 instructions in function
remark: cbipdsbaobn2wz4cx7bjdb5xips4kq2pidjplhts4xqu6com6x3o.py:18:0: 290 instructions in function
remark: cbipdsbaobn2wz4cx7bjdb5xips4kq2pidjplhts4xqu6com6x3o.py:18:0: 104 instructions in function
remark: czxgwpyggww6moe6eymgrkrn4m5vem5uluc2lvxzkbra5sroxbj4.py:18:0: 44 instructions in function
remark: czxgwpyggww6moe6eymgrkrn4m5vem5uluc2lvxzkbra5sroxbj4.py:18:0: 14 instructions in function
remark: cunnhksrh5u6646muprnpatpvqtpstwgpi6w57pwuts24cwg6hom.py:18:0: 303 instructions in function
remark: clopjjcqthzdetfnaa6lwjq3wtc7ghgabfj74le63jx5mq23fl5s.py:18:0: 44 instructions in function
remark: clopjjcqthzdetfnaa6lwjq3wtc7ghgabfj74le63jx5mq23fl5s.py:18:0: 14 instructions in function
remark: cq4vmemehq7fw5qdbimmo6ga5sufemesei4mvfxvbfpvnci62yue.py:18:0: 84 instructions in function
remark: cq4vmemehq7fw5qdbimmo6ga5sufemesei4mvfxvbfpvnci62yue.py:18:0: 271 instructions in function
remark: cq4vmemehq7fw5qdbimmo6ga5sufemesei4mvfxvbfpvnci62yue.py:18:0: 819 instructions in function
remark: czc52bcdh2gu3atlnuw2wtwvcomag2aefud7vjedzxv6slcyscl3.py:18:0: 161 instructions in function
remark: czc52bcdh2gu3atlnuw2wtwvcomag2aefud7vjedzxv6slcyscl3.py:18:0: 64 instructions in function
remark: cf5yyc4elshy6von6p46rjg4g2uimd7ophnngbjbizopsuqxlmwy.py:18:0: 179 instructions in function
remark: cxnjzsk6ay6mubhn4pc3dpqaazpy3eejn4q6vo333p2gzr4jsvfd.py:18:0: 48 instructions in function
remark: cit2p5riv6e7nugm4sxcgsytwm3z7xcyopgzfhwzyxhrifol35bk.py:18:0: 505 instructions in function
remark: cit2p5riv6e7nugm4sxcgsytwm3z7xcyopgzfhwzyxhrifol35bk.py:18:0: 425 instructions in function
remark: cit2p5riv6e7nugm4sxcgsytwm3z7xcyopgzfhwzyxhrifol35bk.py:18:0: 404 instructions in function
remark: csgbdycod2e46u3bx6j3p3gooqj74x72hfvogvkqxap364uq74ik.py:18:0: 228 instructions in function
remark: csgbdycod2e46u3bx6j3p3gooqj74x72hfvogvkqxap364uq74ik.py:18:0: 77 instructions in function
remark: c5zipd3g5cvdtewaoum2jbvkgw57w5wn6wboyssuyoecnr7vstpa.py:18:0: 209 instructions in function
remark: c5zipd3g5cvdtewaoum2jbvkgw57w5wn6wboyssuyoecnr7vstpa.py:18:0: 76 instructions in function
remark: c5dorl3bvht2er6rkuvtmq6uszjkq4jzutdmm4edpwcvgtkuwkzw.py:18:0: 17 instructions in function
remark: c5dorl3bvht2er6rkuvtmq6uszjkq4jzutdmm4edpwcvgtkuwkzw.py:18:0: 17 instructions in function
remark: cppgzb4aeue3zicnmeb3j4dab2eumtqdytt25swc6k64p2egpfmg.py:18:0: 44 instructions in function
remark: cppgzb4aeue3zicnmeb3j4dab2eumtqdytt25swc6k64p2egpfmg.py:18:0: 14 instructions in function
remark: cupec3tknuovjy543vn63rbjhwtextoxmndouii2j6omofqebuda.py:18:0: 579 instructions in function
remark: c22q5jbokmqokgwaskznsrdex4ue5ryrycow2de6qn54t6wbcglg.py:18:0: 11 instructions in function
remark: c22q5jbokmqokgwaskznsrdex4ue5ryrycow2de6qn54t6wbcglg.py:18:0: 10 instructions in function
remark: cn5m3wj4qtv345m7muimglcrjbrcgxhglj7x2uv77cy7qqoowlkf.py:18:0: 495 instructions in function
remark: c6oobv3gmmdaoqyzta5bzd7v3igapht76ih4kk7ezizlxapkanwo.py:18:0: 119 instructions in function
remark: c6oobv3gmmdaoqyzta5bzd7v3igapht76ih4kk7ezizlxapkanwo.py:18:0: 41 instructions in function
 2048   8   1    56380    290.6   81.0  200.1   9.5  10.52 66.6% 57.4%
remark: cwftuotmbcrhizrrnalljwpjsq3sbaccaghdaluax2pwou2owh6y.py:18:0: 324 instructions in function
remark: coietq7djhyiiizrdyyhdnchy55yijxqsnm4o4wwwkg5jzpcuqhf.py:18:0: 49 instructions in function
remark: coietq7djhyiiizrdyyhdnchy55yijxqsnm4o4wwwkg5jzpcuqhf.py:18:0: 68 instructions in function
remark: coietq7djhyiiizrdyyhdnchy55yijxqsnm4o4wwwkg5jzpcuqhf.py:18:0: 70 instructions in function
remark: cy3bksddsyoscyof547cr6psxkdpwcsxya6knvljqyxe6cs3qass.py:18:0: 51 instructions in function
remark: cy3bksddsyoscyof547cr6psxkdpwcsxya6knvljqyxe6cs3qass.py:18:0: 70 instructions in function
remark: cy3bksddsyoscyof547cr6psxkdpwcsxya6knvljqyxe6cs3qass.py:18:0: 72 instructions in function
remark: cz3rfbt64icdns62em5deiswhy3wrrw3bplf377i3is734bal6ej.py:18:0: 199 instructions in function
remark: cz3rfbt64icdns62em5deiswhy3wrrw3bplf377i3is734bal6ej.py:18:0: 96 instructions in function
remark: cbf55v4kel2wjtp5q6mps2kzizj25upxuarvwmg6fabw4mkn4lkn.py:18:0: 202 instructions in function
remark: cbf55v4kel2wjtp5q6mps2kzizj25upxuarvwmg6fabw4mkn4lkn.py:18:0: 97 instructions in function
remark: cttbfrqo6ztaa7skvij5vdz5mggyukrmej5zofpfgmovvi2ltvan.py:18:0: 265 instructions in function
remark: cnwmmvupe4vaji3v7zvgct5biporykcwmjhzzsb2mkva5ey5zx7q.py:18:0: 156 instructions in function
remark: cnwmmvupe4vaji3v7zvgct5biporykcwmjhzzsb2mkva5ey5zx7q.py:18:0: 57 instructions in function
remark: cqyhb5yjkzjhhww44c4e5zrksqno4zetutxoffuarmf5ln7kqxob.py:18:0: 471 instructions in function
remark: cxj5ozkjk4qgygesbcqtrrwlpyvx5feh53tycdp6xh4tzwncqsot.py:18:0: 556 instructions in function
remark: cms6njt6o4uduhb5da2jiekcrb4uh36q2m377x7l5zxjchqlpyrg.py:18:0: 753 instructions in function
remark: cebzgxh4ktktodud52o34ys4mmyqgyr2qd75dqfylaqhda2kuzzy.py:18:0: 386 instructions in function
remark: cnd65cpgsmzrsj4hyx4heelowsmiunss37rfgijcrj22pkwbshvn.py:18:0: 752 instructions in function
remark: crpfqxcifs7vkay7mimhoyh76v6vwqetrz7yrbkhpzlibuxfonia.py:18:0: 576 instructions in function
remark: c4mr77k3fkloput44vjvdvcckgoyfcajv3uwv6roue3deypwn346.py:18:0: 150 instructions in function
remark: cuk47oovjky4hawjvco6yunuxm5mbqpupv25yre4ljl6es7fnwx2.py:18:0: 27 instructions in function
remark: cmdnymxbizvywqh22kmev33jxsjqzxtw252t5tlkgu6unpekpxz3.py:18:0: 167 instructions in function
remark: cmdnymxbizvywqh22kmev33jxsjqzxtw252t5tlkgu6unpekpxz3.py:18:0: 72 instructions in function
remark: cr4lg5wkicow6yfpluvs2bfj7dui7bxprk2noghydvbwdfdbcoax.py:18:0: 274 instructions in function
remark: cg5rec6rtc7ulr5puosduyrzlumzaqdppd3jy2rn3wtssh72ngxf.py:18:0: 274 instructions in function
remark: cl5qnil52iawjci3rtxz7prurgnq3r4ootvv2jy5wqwxgmuyk7js.py:18:0: 274 instructions in function
remark: cw5f7toc5ng5zgbrhtogw2j3pr2cq7i74lnsh2dqa7ss334lsh37.py:18:0: 274 instructions in function
remark: cekgo6oinx7ukg3lus3xigvc7deuzgmc4ph6ud6r3l7r3kpmy5vg.py:18:0: 287 instructions in function
remark: cuay5rmoqnpjfxhfnmoxbmv4occczfulqfv3mpizjrj6om674jtj.py:18:0: 167 instructions in function
remark: cuay5rmoqnpjfxhfnmoxbmv4occczfulqfv3mpizjrj6om674jtj.py:18:0: 72 instructions in function
remark: cpvs3nempou74r56heaemn724g3tpca4hdg3ktpy7pu5xlu4ewz4.py:18:0: 2156 instructions in function
remark: cpvs3nempou74r56heaemn724g3tpca4hdg3ktpy7pu5xlu4ewz4.py:18:0: 449 instructions in function
remark: cpvs3nempou74r56heaemn724g3tpca4hdg3ktpy7pu5xlu4ewz4.py:18:0: 1329 instructions in function
remark: cwv3eoses425b2pdcn4t7jo5u2e6wtsfiuah4fcc5v4d4w4fd5dr.py:18:0: 2156 instructions in function
remark: cwv3eoses425b2pdcn4t7jo5u2e6wtsfiuah4fcc5v4d4w4fd5dr.py:18:0: 449 instructions in function
remark: cwv3eoses425b2pdcn4t7jo5u2e6wtsfiuah4fcc5v4d4w4fd5dr.py:18:0: 1329 instructions in function
remark: ctkh53ssp2rqweh7yxrk46ywhlb5q7dt4i4dsvlxt4qxnakln7zs.py:18:0: 2156 instructions in function
remark: ctkh53ssp2rqweh7yxrk46ywhlb5q7dt4i4dsvlxt4qxnakln7zs.py:18:0: 449 instructions in function
remark: ctkh53ssp2rqweh7yxrk46ywhlb5q7dt4i4dsvlxt4qxnakln7zs.py:18:0: 1329 instructions in function
remark: c7o76wvszxjrcgb6rjls45uv3eoyezelvpblyoav27ms3fg34xgt.py:18:0: 2156 instructions in function
remark: c7o76wvszxjrcgb6rjls45uv3eoyezelvpblyoav27ms3fg34xgt.py:18:0: 449 instructions in function
remark: c7o76wvszxjrcgb6rjls45uv3eoyezelvpblyoav27ms3fg34xgt.py:18:0: 1329 instructions in function
remark: cvdqyoav3jdzcpvkievwvzbmnvw3ok7q7dyb46a7wjjidhghc275.py:18:0: 2156 instructions in function
remark: cvdqyoav3jdzcpvkievwvzbmnvw3ok7q7dyb46a7wjjidhghc275.py:18:0: 449 instructions in function
remark: cvdqyoav3jdzcpvkievwvzbmnvw3ok7q7dyb46a7wjjidhghc275.py:18:0: 1329 instructions in function
remark: csamq75ojx2ogpcd23bhniqtpewibbd4tj5nm7v6mhvxxsmy7pai.py:18:0: 2156 instructions in function
remark: csamq75ojx2ogpcd23bhniqtpewibbd4tj5nm7v6mhvxxsmy7pai.py:18:0: 449 instructions in function
remark: csamq75ojx2ogpcd23bhniqtpewibbd4tj5nm7v6mhvxxsmy7pai.py:18:0: 1329 instructions in function
remark: c7n5xjbrskdecugfntaurvkhfhwdf5fgukn5xkpnraveyjvyihbf.py:18:0: 2156 instructions in function
remark: c7n5xjbrskdecugfntaurvkhfhwdf5fgukn5xkpnraveyjvyihbf.py:18:0: 449 instructions in function
remark: c7n5xjbrskdecugfntaurvkhfhwdf5fgukn5xkpnraveyjvyihbf.py:18:0: 1329 instructions in function
remark: corw3zgm6wm5dagqd3wu4k6diwpmu2wi3ylc6bp7d7kmzrjgqweh.py:18:0: 250 instructions in function
remark: corw3zgm6wm5dagqd3wu4k6diwpmu2wi3ylc6bp7d7kmzrjgqweh.py:18:0: 91 instructions in function
remark: clnrngjlvdpbthiqvqqtuqjwq4wtcadvs34axxxfqwa2gnjzwj23.py:18:0: 2155 instructions in function
remark: clnrngjlvdpbthiqvqqtuqjwq4wtcadvs34axxxfqwa2gnjzwj23.py:18:0: 448 instructions in function
remark: clnrngjlvdpbthiqvqqtuqjwq4wtcadvs34axxxfqwa2gnjzwj23.py:18:0: 1328 instructions in function
remark: c6thtnecsxg2ftyqldn7cpfex2z7x3x5eh56geiyd6akoj2vetyu.py:18:0: 352 instructions in function
remark: cs7t2jj5uqvvxfgjqyrzav26ksmmhkvlw55pwe3dmshobnzbbn7d.py:18:0: 44 instructions in function
remark: cs7t2jj5uqvvxfgjqyrzav26ksmmhkvlw55pwe3dmshobnzbbn7d.py:18:0: 14 instructions in function
remark: cd37g2f7dungva7ydpiacp4efj7q2ypoji6a3zptyaeoos7vlwhd.py:18:0: 290 instructions in function
remark: cd37g2f7dungva7ydpiacp4efj7q2ypoji6a3zptyaeoos7vlwhd.py:18:0: 104 instructions in function
remark: cvji7nq4vyrcpblnkyxelp6zqhmpcgmjhfv2gxhlzadnlfkigame.py:18:0: 44 instructions in function
remark: cvji7nq4vyrcpblnkyxelp6zqhmpcgmjhfv2gxhlzadnlfkigame.py:18:0: 14 instructions in function
remark: cdtyku77vzq7om5c3imllnr7j4jms7ulpwcmdz6j6xfr26h63ddk.py:18:0: 303 instructions in function
remark: c6pbmyg7m2dkcinzxutivbxcpdbxtvq5xf632owzsqqgqyufgtkl.py:18:0: 44 instructions in function
remark: c6pbmyg7m2dkcinzxutivbxcpdbxtvq5xf632owzsqqgqyufgtkl.py:18:0: 14 instructions in function
remark: cjotnkigt5k7qn3i4t3fed57j7irgbh46pht7eqbsfvpffdytbkl.py:18:0: 160 instructions in function
remark: cjotnkigt5k7qn3i4t3fed57j7irgbh46pht7eqbsfvpffdytbkl.py:18:0: 63 instructions in function
remark: cmqnmx52b72nrcywwz7xyspy2nokkddifevkcx7qwoumi3xu4aje.py:18:0: 161 instructions in function
remark: cmqnmx52b72nrcywwz7xyspy2nokkddifevkcx7qwoumi3xu4aje.py:18:0: 64 instructions in function
remark: cclh6mo3bjlkze5d6mhhgbxovwfkj6zsp4yfkcg4opo2lmieq74h.py:18:0: 490 instructions in function
remark: cclh6mo3bjlkze5d6mhhgbxovwfkj6zsp4yfkcg4opo2lmieq74h.py:18:0: 410 instructions in function
remark: cclh6mo3bjlkze5d6mhhgbxovwfkj6zsp4yfkcg4opo2lmieq74h.py:18:0: 389 instructions in function
remark: cr7d4avxelpovqdewg3qfjkibje3rlzi6oi3podul66rwd2o7npg.py:18:0: 505 instructions in function
remark: cr7d4avxelpovqdewg3qfjkibje3rlzi6oi3podul66rwd2o7npg.py:18:0: 425 instructions in function
remark: cr7d4avxelpovqdewg3qfjkibje3rlzi6oi3podul66rwd2o7npg.py:18:0: 404 instructions in function
remark: cu7bchttthkozktldlx7tvk2uwjlnwhjmsxsehrfijrnoeq57gvl.py:18:0: 228 instructions in function
remark: cu7bchttthkozktldlx7tvk2uwjlnwhjmsxsehrfijrnoeq57gvl.py:18:0: 77 instructions in function
remark: ct2yj7gtokyz2i5u5qb2amr26bn4ocikshxvzykdomlzeippgw4c.py:18:0: 209 instructions in function
remark: ct2yj7gtokyz2i5u5qb2amr26bn4ocikshxvzykdomlzeippgw4c.py:18:0: 76 instructions in function
remark: cmkhbv2i5ojsywcza4fov67za5txr4e6m4miq3mavy2fc6pv3l6v.py:18:0: 17 instructions in function
remark: cmkhbv2i5ojsywcza4fov67za5txr4e6m4miq3mavy2fc6pv3l6v.py:18:0: 17 instructions in function
remark: cmh5v4hlo6r3jg4cc4zh2zqncs7q324mdhpldn47jiuwh77gs3vm.py:18:0: 44 instructions in function
remark: cmh5v4hlo6r3jg4cc4zh2zqncs7q324mdhpldn47jiuwh77gs3vm.py:18:0: 14 instructions in function
remark: cm6u5glxn2kjl7lpap7fqy2gfxgi6u25v2sbv2lxw3ncticwmgv2.py:18:0: 579 instructions in function
remark: c4ni4olzltyeegzxqhzxpzca5hhl4uzndvken7bp4uuosyaeyk7y.py:18:0: 11 instructions in function
remark: c4ni4olzltyeegzxqhzxpzca5hhl4uzndvken7bp4uuosyaeyk7y.py:18:0: 10 instructions in function
remark: chfuwktuisinxomfswkhvcobvm3jhg5j27ntuhdmllv53tqsoj7a.py:18:0: 495 instructions in function
remark: cf53a5be24pmdqx5noz3ou6pmoq74rkho5davivxhwic5yj4wfy6.py:18:0: 207 instructions in function
remark: cf53a5be24pmdqx5noz3ou6pmoq74rkho5davivxhwic5yj4wfy6.py:18:0: 69 instructions in function
 2048  16   1      861  38063.0 6087.3 31873.0 102.7  19.24  1.0%  0.9%
remark: c3x6in7zuqsephstyumzx6ocnb23sfxptxvhx6cpcykeov2cdmjt.py:18:0: 380 instructions in function
remark: c3x6in7zuqsephstyumzx6ocnb23sfxptxvhx6cpcykeov2cdmjt.py:18:0: 237 instructions in function
remark: cxigixrronwyjxbukurvamjgsoxjagx4fww5lkdcq6ec5fgszxh3.py:18:0: 325 instructions in function
remark: cfai5lrnwuomrhw43vphl54ppg5txcqj4ltywpakdgnm2gybv224.py:18:0: 579 instructions in function
remark: ckfbdzplefxydj63xaiugb7jb5k33ljy2un6qsnd256fq4n3pltn.py:18:0: 190 instructions in function
remark: cupi5jqjcfkjzwlzdcvblrswh2zp7pa6dfjjvetod5zpzgqy3dz2.py:18:0: 36 instructions in function
remark: cy23xilytx6rjrmo27ssclkxvthhjymdu5puj3goyrf5jcqh5x4x.py:18:0: 16 instructions in function
remark: cy23xilytx6rjrmo27ssclkxvthhjymdu5puj3goyrf5jcqh5x4x.py:18:0: 12 instructions in function
remark: cooceonqgcetusv2xlqqjla54fbks32gpuhhv4dep64eeszsp6up.py:18:0: 410 instructions in function
remark: cooceonqgcetusv2xlqqjla54fbks32gpuhhv4dep64eeszsp6up.py:18:0: 269 instructions in function
remark: chjafygey44wq4xv7yiauymjcr2nrjasopcinrqkyu4bzqqlzx2w.py:18:0: 259 instructions in function
remark: ceoir7ajckrorhgzbxpc4d3dwkdebbsgehaqtkkuam63gmgfv3sn.py:18:0: 273 instructions in function
remark: cdrnpcs5yan5bb7bqsmp65eztkstf3skuu4o26p2jkpdzxujgimn.py:18:0: 274 instructions in function
remark: cma54t6z3g72frdt5azqz4eokaxny44u4bdxyto4ba3gwlhtnnmo.py:18:0: 274 instructions in function
remark: civeh7wcfnbc2g5imjvzllqgu7wut3u4mpt6gextr6w5djpv7fny.py:18:0: 274 instructions in function
remark: cvtdjynusaekpp4wqgu2cstk4st2dp47so2xos626jhwj3rhjkly.py:18:0: 274 instructions in function
remark: cpunwwsnxo5evfnwtfguqbpcrvd76etsd6jdks67tdqe44ljayy5.py:18:0: 274 instructions in function
remark: cguywhujuehgs7dshdicrh3vkaz252l7y4lzi6rcfzwouu4p6itm.py:18:0: 274 instructions in function
remark: cob3lwoeimvdehj2mmz7utv224luewn7kkkzsrsasrrn54twlwpb.py:18:0: 274 instructions in function
remark: cds535zgst6m2xm64q6ciguwc4h6cx6tyeakklmlxqcq7iotgm4u.py:18:0: 274 instructions in function
remark: c4ngfzwf7oeieu3tpycr62dnoi4za55wwxiwcsrd5xgfuyftibl5.py:18:0: 274 instructions in function
remark: c6fu6zwgdw7v6cefuucidtwskomvt4gzwxsqyicw7w6ehi5lc43n.py:18:0: 274 instructions in function
remark: cauujpjiirh56sx3fzd5ctx7dtehxckekwpak3laarqvjvmx27zk.py:18:0: 274 instructions in function
remark: cazhwstfomalunujsynooyz6ptam7l2zi3ostgecen4es2cmw6iz.py:18:0: 274 instructions in function
remark: caleuom6upehyuysmtrcangjtnacvixhptqxohdchybu6twqupex.py:18:0: 121 instructions in function
remark: caleuom6upehyuysmtrcangjtnacvixhptqxohdchybu6twqupex.py:18:0: 80 instructions in function
remark: ckjqkcbfsglax36zvckcofpdgiyfstypjiwgrmejiks7xjfdhijd.py:18:0: 274 instructions in function
remark: chvsok7hlok6p3yffyxusberrzzo2nw32vddgfokzkblollwkera.py:18:0: 274 instructions in function
remark: ckwlmhov6sqktlqr35crawhpsotmjezrle4pmsx7ou3k7f6jxbnr.py:18:0: 303 instructions in function
remark: cqh5bfgnsz7323tzrgi2oqs7edbc4yvb5vsrtgjgl4bwokpksadj.py:18:0: 237 instructions in function
remark: cqh5bfgnsz7323tzrgi2oqs7edbc4yvb5vsrtgjgl4bwokpksadj.py:18:0: 156 instructions in function
remark: ca4hxfzf7wzjriqhpl55b7kepn5qtex3gakstqidkcxdrhvzx3da.py:18:0: 2156 instructions in function
remark: ca4hxfzf7wzjriqhpl55b7kepn5qtex3gakstqidkcxdrhvzx3da.py:18:0: 449 instructions in function
remark: ca4hxfzf7wzjriqhpl55b7kepn5qtex3gakstqidkcxdrhvzx3da.py:18:0: 1329 instructions in function
remark: cxl3aos7ih7ym7ixiqh2axfwffkngab5ycjx57ywezquinoavqzm.py:18:0: 2156 instructions in function
remark: cxl3aos7ih7ym7ixiqh2axfwffkngab5ycjx57ywezquinoavqzm.py:18:0: 449 instructions in function
remark: cxl3aos7ih7ym7ixiqh2axfwffkngab5ycjx57ywezquinoavqzm.py:18:0: 1329 instructions in function
remark: c3cxgbwmblw566yzjww7wa34zl65qo5ojxkalbhfosxlitmk2dsr.py:18:0: 2156 instructions in function
remark: c3cxgbwmblw566yzjww7wa34zl65qo5ojxkalbhfosxlitmk2dsr.py:18:0: 449 instructions in function
remark: c3cxgbwmblw566yzjww7wa34zl65qo5ojxkalbhfosxlitmk2dsr.py:18:0: 1329 instructions in function
remark: c44daipaqmhu64bxewyydfqcry24seyx7maxq5ugadibnrcit7dc.py:18:0: 2156 instructions in function
remark: c44daipaqmhu64bxewyydfqcry24seyx7maxq5ugadibnrcit7dc.py:18:0: 449 instructions in function
remark: c44daipaqmhu64bxewyydfqcry24seyx7maxq5ugadibnrcit7dc.py:18:0: 1329 instructions in function
remark: c7ipfmavnkhkm7m22yairik4n65h2crfbhu3oiejlfbaeff4ivl7.py:18:0: 208 instructions in function
remark: c7ipfmavnkhkm7m22yairik4n65h2crfbhu3oiejlfbaeff4ivl7.py:18:0: 137 instructions in function
remark: cu4crnknruw3zgqbzk2byppp4t3offcf2mdqco62kh2mxdgmiqsh.py:18:0: 2156 instructions in function
remark: cu4crnknruw3zgqbzk2byppp4t3offcf2mdqco62kh2mxdgmiqsh.py:18:0: 449 instructions in function
remark: cu4crnknruw3zgqbzk2byppp4t3offcf2mdqco62kh2mxdgmiqsh.py:18:0: 1329 instructions in function
remark: c4wiuqijpz4xqtrrrz3wm5e4ktg7jrypr7nlzy4pxh6rryta7b6l.py:18:0: 2156 instructions in function
remark: c4wiuqijpz4xqtrrrz3wm5e4ktg7jrypr7nlzy4pxh6rryta7b6l.py:18:0: 449 instructions in function
remark: c4wiuqijpz4xqtrrrz3wm5e4ktg7jrypr7nlzy4pxh6rryta7b6l.py:18:0: 1329 instructions in function
remark: cz6k3oykm2efhefgt3dp34q6bsp5r7lfmccecccea6abqrwyusgk.py:18:0: 120 instructions in function
remark: cz6k3oykm2efhefgt3dp34q6bsp5r7lfmccecccea6abqrwyusgk.py:18:0: 79 instructions in function
remark: croyg33gk2rn3j5a5xsgcuymccdptm6rgyplelp6enlzb7pzzulx.py:18:0: 2156 instructions in function
remark: croyg33gk2rn3j5a5xsgcuymccdptm6rgyplelp6enlzb7pzzulx.py:18:0: 449 instructions in function
remark: croyg33gk2rn3j5a5xsgcuymccdptm6rgyplelp6enlzb7pzzulx.py:18:0: 1329 instructions in function
remark: curfz3pvcpyizrygxtoabavtszkj4z6kl64deduaylxcuvy3sr7n.py:18:0: 2156 instructions in function
remark: curfz3pvcpyizrygxtoabavtszkj4z6kl64deduaylxcuvy3sr7n.py:18:0: 449 instructions in function
remark: curfz3pvcpyizrygxtoabavtszkj4z6kl64deduaylxcuvy3sr7n.py:18:0: 1329 instructions in function
remark: ckbyg33b3fl6wljmmo4c7sclzizwb3mjdx7xced5olgzuzwlddps.py:18:0: 2155 instructions in function
remark: ckbyg33b3fl6wljmmo4c7sclzizwb3mjdx7xced5olgzuzwlddps.py:18:0: 448 instructions in function
remark: ckbyg33b3fl6wljmmo4c7sclzizwb3mjdx7xced5olgzuzwlddps.py:18:0: 1328 instructions in function
remark: crzbedmt675di3hkvrdecehzs73sgqoobvdw4jbvjgcfgnmglayc.py:18:0: 2156 instructions in function
remark: crzbedmt675di3hkvrdecehzs73sgqoobvdw4jbvjgcfgnmglayc.py:18:0: 449 instructions in function
remark: crzbedmt675di3hkvrdecehzs73sgqoobvdw4jbvjgcfgnmglayc.py:18:0: 1329 instructions in function
remark: cviefyt4em2lj2x6jpy3jlxfhuckt5spla72k7unuq3tc57x4lee.py:18:0: 2156 instructions in function
remark: cviefyt4em2lj2x6jpy3jlxfhuckt5spla72k7unuq3tc57x4lee.py:18:0: 449 instructions in function
remark: cviefyt4em2lj2x6jpy3jlxfhuckt5spla72k7unuq3tc57x4lee.py:18:0: 1329 instructions in function
remark: ckkkbcctsr4soxrnjmbowwv6eq4gz2alvq3b52dvfzisi3ypx65c.py:18:0: 2156 instructions in function
remark: ckkkbcctsr4soxrnjmbowwv6eq4gz2alvq3b52dvfzisi3ypx65c.py:18:0: 449 instructions in function
remark: ckkkbcctsr4soxrnjmbowwv6eq4gz2alvq3b52dvfzisi3ypx65c.py:18:0: 1329 instructions in function
remark: c2hegr3blka4jorvdybtoeixkfuk44wjzbyc2nebuqawytjieukv.py:18:0: 2156 instructions in function
remark: c2hegr3blka4jorvdybtoeixkfuk44wjzbyc2nebuqawytjieukv.py:18:0: 449 instructions in function
remark: c2hegr3blka4jorvdybtoeixkfuk44wjzbyc2nebuqawytjieukv.py:18:0: 1329 instructions in function
remark: cz63e3hsayo7sfxjk2blypswnlz6uw7auzywifnastatzbgt2vlf.py:18:0: 2156 instructions in function
remark: cz63e3hsayo7sfxjk2blypswnlz6uw7auzywifnastatzbgt2vlf.py:18:0: 449 instructions in function
remark: cz63e3hsayo7sfxjk2blypswnlz6uw7auzywifnastatzbgt2vlf.py:18:0: 1329 instructions in function
remark: cw3pbeq5dlgfpvr2f7435jg2jggwn7pv5cdhpu65jkr2wqzvglg2.py:18:0: 2156 instructions in function
remark: cw3pbeq5dlgfpvr2f7435jg2jggwn7pv5cdhpu65jkr2wqzvglg2.py:18:0: 449 instructions in function
remark: cw3pbeq5dlgfpvr2f7435jg2jggwn7pv5cdhpu65jkr2wqzvglg2.py:18:0: 1329 instructions in function
remark: cfhkpojukoqnkryncevw35m3oxdbxwdscehetllvkqv35hcdlq3r.py:18:0: 2156 instructions in function
remark: cfhkpojukoqnkryncevw35m3oxdbxwdscehetllvkqv35hcdlq3r.py:18:0: 449 instructions in function
remark: cfhkpojukoqnkryncevw35m3oxdbxwdscehetllvkqv35hcdlq3r.py:18:0: 1329 instructions in function
remark: cp6pxvzuvoy5v3ykugul4ssdqnrmoy3l3hcmvb5mqic4urkjnjph.py:18:0: 599 instructions in function
remark: cp6pxvzuvoy5v3ykugul4ssdqnrmoy3l3hcmvb5mqic4urkjnjph.py:18:0: 229 instructions in function
remark: cdsktd6puxthza67zmnvudttv6ntyve6zzta6t5c3rti3gmk5im2.py:18:0: 749 instructions in function
remark: cf4xyiuawy2fvkjtziynz7ayasc4kf4l3afcnx3mbg6qw7as5icm.py:18:0: 294 instructions in function
remark: cf4xyiuawy2fvkjtziynz7ayasc4kf4l3afcnx3mbg6qw7as5icm.py:18:0: 108 instructions in function
remark: cwruf6gsbihr4tqq6flcaqq7kpqzvwyne6gjuigjt6kz7gcmyq4x.py:18:0: 630 instructions in function
remark: co2fysuxz6sbzv4oj5ewuycpsmnckrxzg4z2gssuw3lrfrxmfx2z.py:18:0: 18 instructions in function
remark: co2fysuxz6sbzv4oj5ewuycpsmnckrxzg4z2gssuw3lrfrxmfx2z.py:18:0: 14 instructions in function
remark: cxpqcso3kzabtui647xojw3wn4arw44yi6cpg2qrraylrsnmdvqu.py:18:0: 175 instructions in function
remark: cxpqcso3kzabtui647xojw3wn4arw44yi6cpg2qrraylrsnmdvqu.py:18:0: 76 instructions in function
remark: c47ldatcfawmehqdn47azb4ztu23v2uuc6tj7z2decweoeaa4lwp.py:18:0: 658 instructions in function
remark: c47ldatcfawmehqdn47azb4ztu23v2uuc6tj7z2decweoeaa4lwp.py:18:0: 572 instructions in function
remark: c47ldatcfawmehqdn47azb4ztu23v2uuc6tj7z2decweoeaa4lwp.py:18:0: 559 instructions in function
remark: cyhoji26lsdvyyg5sbbfsmtazwbanurodiqklpt72xu6lnp6bbwy.py:18:0: 259 instructions in function
remark: cyhoji26lsdvyyg5sbbfsmtazwbanurodiqklpt72xu6lnp6bbwy.py:18:0: 100 instructions in function
remark: cdyj7hboxasqpd2zmowapnqxlml6kuh5mybela22gcwl4j26pxsr.py:18:0: 174 instructions in function
remark: cdyj7hboxasqpd2zmowapnqxlml6kuh5mybela22gcwl4j26pxsr.py:18:0: 75 instructions in function
remark: caylu7ythya2dcyzb7etlbbkkenyqye7bycbx4zgijmsm5cm7eye.py:18:0: 637 instructions in function
remark: caylu7ythya2dcyzb7etlbbkkenyqye7bycbx4zgijmsm5cm7eye.py:18:0: 554 instructions in function
remark: caylu7ythya2dcyzb7etlbbkkenyqye7bycbx4zgijmsm5cm7eye.py:18:0: 541 instructions in function
remark: csmmcbxdfzp5dkgfxoh7eafmx2j5ajgybur3wsts4tu6rr5kooxa.py:18:0: 240 instructions in function
remark: csmmcbxdfzp5dkgfxoh7eafmx2j5ajgybur3wsts4tu6rr5kooxa.py:18:0: 99 instructions in function
remark: crrkf7iufkfxdvjse35c5leuq4yw2chqy6rtqz24lv3qppmeghsv.py:18:0: 19 instructions in function
remark: crrkf7iufkfxdvjse35c5leuq4yw2chqy6rtqz24lv3qppmeghsv.py:18:0: 19 instructions in function
remark: co5zlebyuvv5qdmqnyk4lb37ojpqjwjt3kjzeng7imr776xuy7ks.py:18:0: 509 instructions in function
remark: ccxhu4lszkdlniaccvzsiox2v3pwb3axfreaxqxftq722ccvj4mh.py:18:0: 582 instructions in function
remark: c32cnzb33gim4b7jy36bipmi7lwrjw2v6vvglourhu7jt5hnhe7t.py:18:0: 11 instructions in function
remark: c32cnzb33gim4b7jy36bipmi7lwrjw2v6vvglourhu7jt5hnhe7t.py:18:0: 10 instructions in function
remark: cuujpm2ivofrstgjrrd4pwqklynzf3cj6e4ourpfp6fyqzmkxp5u.py:18:0: 818 instructions in function
remark: cv2xys5xl2eyiwjygymblxepmuznx3bsc5a6igdkac3jali5yfho.py:18:0: 383 instructions in function
remark: cv2xys5xl2eyiwjygymblxepmuznx3bsc5a6igdkac3jali5yfho.py:18:0: 125 instructions in function
remark: c5yvtqni477jqmj65rkj6mahz2hjz6fcf5ijg3ctaqrj4oq7zi3u.py:18:0: 44 instructions in function
remark: c5yvtqni477jqmj65rkj6mahz2hjz6fcf5ijg3ctaqrj4oq7zi3u.py:18:0: 14 instructions in function
remark: cjw4rnvn64qgouhmpy2uzzbynvdx6lbvmq7wfj3r3mczgecxk45r.py:18:0: 44 instructions in function
remark: cjw4rnvn64qgouhmpy2uzzbynvdx6lbvmq7wfj3r3mczgecxk45r.py:18:0: 14 instructions in function
remark: ccdymlnlyys27gij3i5be3jp2znugonbbkxdsuj7b56lsnzanov6.py:18:0: 44 instructions in function
remark: ccdymlnlyys27gij3i5be3jp2znugonbbkxdsuj7b56lsnzanov6.py:18:0: 14 instructions in function
remark: cnzotxrttjoe3f656w2w3vtmwxdv6hq66rtgunpkhheowg4jtaa5.py:18:0: 44 instructions in function
remark: cnzotxrttjoe3f656w2w3vtmwxdv6hq66rtgunpkhheowg4jtaa5.py:18:0: 14 instructions in function
 8192   8   1      345 189968.9 35589.1 154112.2 267.9  37.96  0.7%  0.5%
remark: cwc4rrvxnrw36v4ikzt4eg2nmgmbk233efck2b4xnjb34xf7iklc.py:18:0: 190 instructions in function
remark: c5cjjigi5apx5nuz6bv3fxgmmmt7z5u24zh67pdfy23siah5hhim.py:18:0: 45 instructions in function
remark: c7vlffn5bcuxmrrz43evctk7pxmox3knvw7od5dljg5kpkkbbvtr.py:18:0: 411 instructions in function
remark: c7vlffn5bcuxmrrz43evctk7pxmox3knvw7od5dljg5kpkkbbvtr.py:18:0: 270 instructions in function
remark: cbbo4axq5srsiy6mkhor4zdvqugzvxmpuwi2zmqql5xjpbtejj7f.py:18:0: 274 instructions in function
remark: c6fiwhdagmqdxsozlpv2fbamaha677f4dbipvdrdnac5fmpb22ff.py:18:0: 274 instructions in function
remark: ct4canpugoxi5oqblf4fwd2jqtiotpn4fmyjthxkizqbmstfiuce.py:18:0: 274 instructions in function
remark: cijlzpmlxjcp3ouuqy62joregoqfcyftdp42qnlmxa67rzepzhhw.py:18:0: 274 instructions in function
remark: cpkwdp6zwsxndts42n5xntfm57ho5gxspepr6n2egaulfjlcjdf5.py:18:0: 274 instructions in function
remark: cheku22eaz5mnpyarqh5gvrptv6mkpcskh4glzkmc262jqhbygro.py:18:0: 274 instructions in function
remark: cgxgiftjf7vmiiwcm36dvt7f6zeqary5pulcxwtu7bmu2jajrn7x.py:18:0: 274 instructions in function
remark: czeqv5btxnijxmpwxim53ith4k6eyl2a5476ouc6kjlnq2smgilv.py:18:0: 274 instructions in function
remark: cmw25y4xzhisr26rytx7y7nbfuuskxed6vxzhmfvz43qjwfxnp7a.py:18:0: 274 instructions in function
remark: ctsmguxbz4lbpkkqrgh65etfnneech3ximiv54o7d3i2uhor2jaq.py:18:0: 274 instructions in function
remark: c2oifsrjbg35xb4i3gmq32fooxy7csb5bvuf5pavbsmqu35yxnba.py:18:0: 274 instructions in function
remark: chekw2bla6npxh35hfzjxs6gzm5qe6ivsuwbijhmkxz6xn34dbnu.py:18:0: 208 instructions in function
remark: chekw2bla6npxh35hfzjxs6gzm5qe6ivsuwbijhmkxz6xn34dbnu.py:18:0: 137 instructions in function
remark: cuh4dei5buhg75dwdh44nxyeus6qwat3c7d7da44kvlotuxqre4n.py:18:0: 274 instructions in function
remark: czvon5bxrmpimlwdng4amoha3w4aqke3lq6osqorsws3vpnajsqf.py:18:0: 274 instructions in function
remark: cdwlso3r6rcgje6qf5o7euqxsbxgp433bbyxdcztexonjxahhxoi.py:18:0: 274 instructions in function
remark: cniodysuxadnzitem5mc4fc6ixdl2ocq6oixtvc5sekeyoz2siyj.py:18:0: 274 instructions in function
remark: cgrftd7qfhgolur7ny6zldx5j6w35h4h722m5tvtdgro4arwbeum.py:18:0: 274 instructions in function
remark: c7q7adyzszgtiimdi7nyzjkakflpc2rtoa4q4yqhuriykadq2pdf.py:18:0: 335 instructions in function
remark: c7hcsrmar6w7seupavx3e4yjh65lvbtbnzvrxoxidmlemi5lxods.py:18:0: 208 instructions in function
remark: c7hcsrmar6w7seupavx3e4yjh65lvbtbnzvrxoxidmlemi5lxods.py:18:0: 137 instructions in function
remark: czxsdfebtum5q3f2wtwb6lbbab2eyayxsqzct6apsfbhxsgit2tg.py:18:0: 208 instructions in function
remark: czxsdfebtum5q3f2wtwb6lbbab2eyayxsqzct6apsfbhxsgit2tg.py:18:0: 137 instructions in function
remark: cc2dd6rtdhz63io2o4gvajnjnbq6aekbvpb3rhodu2xi32gdnoli.py:18:0: 208 instructions in function
remark: cc2dd6rtdhz63io2o4gvajnjnbq6aekbvpb3rhodu2xi32gdnoli.py:18:0: 137 instructions in function
remark: cgqp3q5soi2a2c3xk3ynxarymibq2c2w3ix2x7uyzgt2frkymgdl.py:18:0: 237 instructions in function
remark: cgqp3q5soi2a2c3xk3ynxarymibq2c2w3ix2x7uyzgt2frkymgdl.py:18:0: 156 instructions in function
remark: cdwpdgajtp2u4elkgudctlevbujfskvij3trcp6vs7u5v5xbha27.py:18:0: 236 instructions in function
remark: cdwpdgajtp2u4elkgudctlevbujfskvij3trcp6vs7u5v5xbha27.py:18:0: 155 instructions in function
remark: cetrvmnudrtq4alhqwcdjc35nlph77imdoh3zu5coxdfr6e5tdg4.py:18:0: 16 instructions in function
remark: cetrvmnudrtq4alhqwcdjc35nlph77imdoh3zu5coxdfr6e5tdg4.py:18:0: 12 instructions in function
remark: ci4p4ab2ba3l7fpgglffsbghrsvejry5ckrr43yi3q5vtg6s23ex.py:18:0: 11 instructions in function
remark: ci4p4ab2ba3l7fpgglffsbghrsvejry5ckrr43yi3q5vtg6s23ex.py:18:0: 10 instructions in function
remark: c2bgnxxgoblbhtmme5dlhkj6sdig7rknbms63daq6kdurrbkvivv.py:18:0: 2156 instructions in function
remark: c2bgnxxgoblbhtmme5dlhkj6sdig7rknbms63daq6kdurrbkvivv.py:18:0: 449 instructions in function
remark: c2bgnxxgoblbhtmme5dlhkj6sdig7rknbms63daq6kdurrbkvivv.py:18:0: 1329 instructions in function
remark: cfdxfabbg4bcqkox4kzlaib7j5fcvqubf7vzqnrr3ntagtjxgh4v.py:18:0: 2156 instructions in function
remark: cfdxfabbg4bcqkox4kzlaib7j5fcvqubf7vzqnrr3ntagtjxgh4v.py:18:0: 449 instructions in function
remark: cfdxfabbg4bcqkox4kzlaib7j5fcvqubf7vzqnrr3ntagtjxgh4v.py:18:0: 1329 instructions in function
remark: ctvetyma6hx4gzbhk6gaf2gtzndbmg77arvx2xqgcq2hvjg3loln.py:18:0: 2156 instructions in function
remark: ctvetyma6hx4gzbhk6gaf2gtzndbmg77arvx2xqgcq2hvjg3loln.py:18:0: 449 instructions in function
remark: ctvetyma6hx4gzbhk6gaf2gtzndbmg77arvx2xqgcq2hvjg3loln.py:18:0: 1329 instructions in function
remark: ce6gacn5523uroutca6czjjkljsemhxxakecoj4yv4n5riynb4x5.py:18:0: 2156 instructions in function
remark: ce6gacn5523uroutca6czjjkljsemhxxakecoj4yv4n5riynb4x5.py:18:0: 449 instructions in function
remark: ce6gacn5523uroutca6czjjkljsemhxxakecoj4yv4n5riynb4x5.py:18:0: 1329 instructions in function
remark: cmajp2dbm4ntvhep6rgrkewrnpj4hhaxvfhaotd2cnqvz5kdl4jz.py:18:0: 2156 instructions in function
remark: cmajp2dbm4ntvhep6rgrkewrnpj4hhaxvfhaotd2cnqvz5kdl4jz.py:18:0: 449 instructions in function
remark: cmajp2dbm4ntvhep6rgrkewrnpj4hhaxvfhaotd2cnqvz5kdl4jz.py:18:0: 1329 instructions in function
remark: cnl77eki6l2n4dkx3hppdlegfwspqou5vvfpgav7pudujpp6e3s5.py:18:0: 2156 instructions in function
remark: cnl77eki6l2n4dkx3hppdlegfwspqou5vvfpgav7pudujpp6e3s5.py:18:0: 449 instructions in function
remark: cnl77eki6l2n4dkx3hppdlegfwspqou5vvfpgav7pudujpp6e3s5.py:18:0: 1329 instructions in function
remark: ckdhihymdjmtoll42wygcnchgflun4itfjehxb7t4fy56zh5moxe.py:18:0: 2156 instructions in function
remark: ckdhihymdjmtoll42wygcnchgflun4itfjehxb7t4fy56zh5moxe.py:18:0: 449 instructions in function
remark: ckdhihymdjmtoll42wygcnchgflun4itfjehxb7t4fy56zh5moxe.py:18:0: 1329 instructions in function
remark: ctrgctmvw6dk2taj4kin3tar2xjzikm6cv7pb42il2qz3qi22x3d.py:18:0: 2156 instructions in function
remark: ctrgctmvw6dk2taj4kin3tar2xjzikm6cv7pb42il2qz3qi22x3d.py:18:0: 449 instructions in function
remark: ctrgctmvw6dk2taj4kin3tar2xjzikm6cv7pb42il2qz3qi22x3d.py:18:0: 1329 instructions in function
remark: crxpbm24m7n2dpice4wjor5rypmuo76laltv6lzrwrlvudmadpi5.py:18:0: 2156 instructions in function
remark: crxpbm24m7n2dpice4wjor5rypmuo76laltv6lzrwrlvudmadpi5.py:18:0: 449 instructions in function
remark: crxpbm24m7n2dpice4wjor5rypmuo76laltv6lzrwrlvudmadpi5.py:18:0: 1329 instructions in function
remark: cc2lihnx3ll5wr73yfxm2mwd65jvralz2usowndbvmd3557hlavn.py:18:0: 2156 instructions in function
remark: cc2lihnx3ll5wr73yfxm2mwd65jvralz2usowndbvmd3557hlavn.py:18:0: 449 instructions in function
remark: cc2lihnx3ll5wr73yfxm2mwd65jvralz2usowndbvmd3557hlavn.py:18:0: 1329 instructions in function
remark: cuhwae4q4mdpmzhy5qbajfl3yjordwwltlldfxrzfk2u4dlqzu6t.py:18:0: 2156 instructions in function
remark: cuhwae4q4mdpmzhy5qbajfl3yjordwwltlldfxrzfk2u4dlqzu6t.py:18:0: 449 instructions in function
remark: cuhwae4q4mdpmzhy5qbajfl3yjordwwltlldfxrzfk2u4dlqzu6t.py:18:0: 1329 instructions in function
remark: cxfjv3jsczgs2nzqfoxarh3ob3umjrbbgloe7pth6jvmtbjn7olj.py:18:0: 2156 instructions in function
remark: cxfjv3jsczgs2nzqfoxarh3ob3umjrbbgloe7pth6jvmtbjn7olj.py:18:0: 449 instructions in function
remark: cxfjv3jsczgs2nzqfoxarh3ob3umjrbbgloe7pth6jvmtbjn7olj.py:18:0: 1329 instructions in function
remark: cgvo3y4ilt44l6w4w2kcnwooaiywiyue77hvnkhzge7rrdhtf5uf.py:18:0: 2156 instructions in function
remark: cgvo3y4ilt44l6w4w2kcnwooaiywiyue77hvnkhzge7rrdhtf5uf.py:18:0: 449 instructions in function
remark: cgvo3y4ilt44l6w4w2kcnwooaiywiyue77hvnkhzge7rrdhtf5uf.py:18:0: 1329 instructions in function
remark: cozehiymlb5brq23h64q657ndkcy4bcv2husmp32xhijzakatnwn.py:18:0: 2156 instructions in function
remark: cozehiymlb5brq23h64q657ndkcy4bcv2husmp32xhijzakatnwn.py:18:0: 449 instructions in function
remark: cozehiymlb5brq23h64q657ndkcy4bcv2husmp32xhijzakatnwn.py:18:0: 1329 instructions in function
remark: c63tvyqmhoevwm2nr5wcu6ikvrxjifxoa2cuctzav5qny5i2zlum.py:18:0: 2156 instructions in function
remark: c63tvyqmhoevwm2nr5wcu6ikvrxjifxoa2cuctzav5qny5i2zlum.py:18:0: 449 instructions in function
remark: c63tvyqmhoevwm2nr5wcu6ikvrxjifxoa2cuctzav5qny5i2zlum.py:18:0: 1329 instructions in function
remark: cbyyxa5cn26vgu3lkp2axaijeaup75on2ptvta5un64o47r7jgaf.py:18:0: 2156 instructions in function
remark: cbyyxa5cn26vgu3lkp2axaijeaup75on2ptvta5un64o47r7jgaf.py:18:0: 449 instructions in function
remark: cbyyxa5cn26vgu3lkp2axaijeaup75on2ptvta5un64o47r7jgaf.py:18:0: 1329 instructions in function
remark: cklyyvx67agtipyrxm2yozp2qmzsnifziainf7ydpgmdiflhompt.py:18:0: 2156 instructions in function
remark: cklyyvx67agtipyrxm2yozp2qmzsnifziainf7ydpgmdiflhompt.py:18:0: 449 instructions in function
remark: cklyyvx67agtipyrxm2yozp2qmzsnifziainf7ydpgmdiflhompt.py:18:0: 1329 instructions in function
remark: ctawq6aep7aotnqtthhxojfb3qbwlzx4whqslv5l2lrbpbpp4amb.py:18:0: 2156 instructions in function
remark: ctawq6aep7aotnqtthhxojfb3qbwlzx4whqslv5l2lrbpbpp4amb.py:18:0: 449 instructions in function
remark: ctawq6aep7aotnqtthhxojfb3qbwlzx4whqslv5l2lrbpbpp4amb.py:18:0: 1329 instructions in function
remark: cdalmx35znbmv5e743gi5azoyr62ctnzgnlke5sap4na7idw2463.py:18:0: 2156 instructions in function
remark: cdalmx35znbmv5e743gi5azoyr62ctnzgnlke5sap4na7idw2463.py:18:0: 449 instructions in function
remark: cdalmx35znbmv5e743gi5azoyr62ctnzgnlke5sap4na7idw2463.py:18:0: 1329 instructions in function
remark: cs64uaenv62z2agjwkeltxpymvd6c4iuc7eyui5nwlj4fscw4cp2.py:18:0: 2156 instructions in function
remark: cs64uaenv62z2agjwkeltxpymvd6c4iuc7eyui5nwlj4fscw4cp2.py:18:0: 449 instructions in function
remark: cs64uaenv62z2agjwkeltxpymvd6c4iuc7eyui5nwlj4fscw4cp2.py:18:0: 1329 instructions in function
remark: c25rzoktqkbmuqv64o7ec5qfipuumhqbq7bdtu6avhqz4yt2z6t5.py:18:0: 2156 instructions in function
remark: c25rzoktqkbmuqv64o7ec5qfipuumhqbq7bdtu6avhqz4yt2z6t5.py:18:0: 449 instructions in function
remark: c25rzoktqkbmuqv64o7ec5qfipuumhqbq7bdtu6avhqz4yt2z6t5.py:18:0: 1329 instructions in function
remark: cqsd4uscwb7dqspwp2i27kpnwrtw53leplzbaljai3wj4mrhq7ci.py:18:0: 2156 instructions in function
remark: cqsd4uscwb7dqspwp2i27kpnwrtw53leplzbaljai3wj4mrhq7ci.py:18:0: 449 instructions in function
remark: cqsd4uscwb7dqspwp2i27kpnwrtw53leplzbaljai3wj4mrhq7ci.py:18:0: 1329 instructions in function
remark: c7bdwirsj2g6wkwtmnbjhlms6235kcfw6hl6ihbbiqwsiwy6ib25.py:18:0: 2156 instructions in function
remark: c7bdwirsj2g6wkwtmnbjhlms6235kcfw6hl6ihbbiqwsiwy6ib25.py:18:0: 449 instructions in function
remark: c7bdwirsj2g6wkwtmnbjhlms6235kcfw6hl6ihbbiqwsiwy6ib25.py:18:0: 1329 instructions in function
remark: cd6xxovzedswmha3o6irhlxmokedgxkhitj6nyfpjhjfom7muydi.py:18:0: 2156 instructions in function
remark: cd6xxovzedswmha3o6irhlxmokedgxkhitj6nyfpjhjfom7muydi.py:18:0: 449 instructions in function
remark: cd6xxovzedswmha3o6irhlxmokedgxkhitj6nyfpjhjfom7muydi.py:18:0: 1329 instructions in function
remark: c7alcbdf6kifbueiwyayqspd2iy6v3qtbjnsute4722374teyp5g.py:18:0: 2156 instructions in function
remark: c7alcbdf6kifbueiwyayqspd2iy6v3qtbjnsute4722374teyp5g.py:18:0: 449 instructions in function
remark: c7alcbdf6kifbueiwyayqspd2iy6v3qtbjnsute4722374teyp5g.py:18:0: 1329 instructions in function
remark: cabzi2ksofvaestwj3lag3p3rbbhf32nukf7z5wc3rgyybrq66ld.py:18:0: 2156 instructions in function
remark: cabzi2ksofvaestwj3lag3p3rbbhf32nukf7z5wc3rgyybrq66ld.py:18:0: 449 instructions in function
remark: cabzi2ksofvaestwj3lag3p3rbbhf32nukf7z5wc3rgyybrq66ld.py:18:0: 1329 instructions in function
remark: czrghfpp2zp4dcjeafdubz2gglkymxnr7bvcclzhqjxaif26gwpu.py:18:0: 2156 instructions in function
remark: czrghfpp2zp4dcjeafdubz2gglkymxnr7bvcclzhqjxaif26gwpu.py:18:0: 449 instructions in function
remark: czrghfpp2zp4dcjeafdubz2gglkymxnr7bvcclzhqjxaif26gwpu.py:18:0: 1329 instructions in function
remark: calmmhymrfngn75gk5ita6lksjs4fwf26kdhbjf3he6rcmelk4yx.py:18:0: 2156 instructions in function
remark: calmmhymrfngn75gk5ita6lksjs4fwf26kdhbjf3he6rcmelk4yx.py:18:0: 449 instructions in function
remark: calmmhymrfngn75gk5ita6lksjs4fwf26kdhbjf3he6rcmelk4yx.py:18:0: 1329 instructions in function
remark: cfiyrhdwl7gxva74peqjgpuajwz7bcg3dx3q75t4nfdrplzwj7fg.py:18:0: 2156 instructions in function
remark: cfiyrhdwl7gxva74peqjgpuajwz7bcg3dx3q75t4nfdrplzwj7fg.py:18:0: 449 instructions in function
remark: cfiyrhdwl7gxva74peqjgpuajwz7bcg3dx3q75t4nfdrplzwj7fg.py:18:0: 1329 instructions in function
remark: czcsiu4wiyrli6vknwiqjsc5op2u6e4g7d45ivvlyzpogw3b23v7.py:18:0: 2156 instructions in function
remark: czcsiu4wiyrli6vknwiqjsc5op2u6e4g7d45ivvlyzpogw3b23v7.py:18:0: 449 instructions in function
remark: czcsiu4wiyrli6vknwiqjsc5op2u6e4g7d45ivvlyzpogw3b23v7.py:18:0: 1329 instructions in function
remark: cs2bjpglzgpjnqr6otmwnjsgzsbdrch7bpf5u67eskwm767ffxnu.py:18:0: 2156 instructions in function
remark: cs2bjpglzgpjnqr6otmwnjsgzsbdrch7bpf5u67eskwm767ffxnu.py:18:0: 449 instructions in function
remark: cs2bjpglzgpjnqr6otmwnjsgzsbdrch7bpf5u67eskwm767ffxnu.py:18:0: 1329 instructions in function
remark: c2nnocvtfvpvd3jt6yy26zbyke2c3ds6rvm7eeuaqnwnidir2ljr.py:18:0: 2155 instructions in function
remark: c2nnocvtfvpvd3jt6yy26zbyke2c3ds6rvm7eeuaqnwnidir2ljr.py:18:0: 448 instructions in function
remark: c2nnocvtfvpvd3jt6yy26zbyke2c3ds6rvm7eeuaqnwnidir2ljr.py:18:0: 1328 instructions in function
remark: ccthm5xzhefhawmzl2bziwdhc3xrmpkrzuxexjmgamathdd4gjjh.py:18:0: 1079 instructions in function
remark: ccthm5xzhefhawmzl2bziwdhc3xrmpkrzuxexjmgamathdd4gjjh.py:18:0: 413 instructions in function
remark: cro6xpbaxhktq543hrp6gdkhg6qmutz7nmtjhya3ad6ms4o6puqf.py:18:0: 1045 instructions in function
remark: casr6tqgloyw4yoomgetzxtxldwsa6uqdo7huh5kfayuilef6nt6.py:18:0: 18 instructions in function
remark: casr6tqgloyw4yoomgetzxtxldwsa6uqdo7huh5kfayuilef6nt6.py:18:0: 14 instructions in function
remark: cabg6hj7edmvaz5ixdklyb3j6qjy56h6fuandqo625s6ralv5bx4.py:18:0: 44 instructions in function
remark: cabg6hj7edmvaz5ixdklyb3j6qjy56h6fuandqo625s6ralv5bx4.py:18:0: 14 instructions in function
remark: cwsih2runtxazxl5ror4aymtqeb3ku5gcb3m2po5hdcgrxkbtk4x.py:18:0: 294 instructions in function
remark: cwsih2runtxazxl5ror4aymtqeb3ku5gcb3m2po5hdcgrxkbtk4x.py:18:0: 108 instructions in function
remark: c3nsltvqcdvjcbnyjixmygfqpz6rdqsfa7bscivehxv3wp4brgpk.py:18:0: 858 instructions in function
remark: c6kdt7ihvldlwpol4tpblumjeugyc25hr7fmxmehzr5dfyvqpcvc.py:18:0: 44 instructions in function
remark: c6kdt7ihvldlwpol4tpblumjeugyc25hr7fmxmehzr5dfyvqpcvc.py:18:0: 14 instructions in function
remark: c5pbcjoicitqf2f736agbiaclwmv6f4ofls32ygt23smos7kgkgt.py:18:0: 19 instructions in function
remark: c5pbcjoicitqf2f736agbiaclwmv6f4ofls32ygt23smos7kgkgt.py:18:0: 19 instructions in function
remark: czzvfiaq7dhrvwde3fsqmhntvlj2eihdelocioian7uxb5ge5aqk.py:18:0: 44 instructions in function
remark: czzvfiaq7dhrvwde3fsqmhntvlj2eihdelocioian7uxb5ge5aqk.py:18:0: 14 instructions in function
remark: cpl6wnm3muoq2cpm7hdbyxfoar7bgv5572gszupmqtno3vg6uxxo.py:18:0: 174 instructions in function
remark: cpl6wnm3muoq2cpm7hdbyxfoar7bgv5572gszupmqtno3vg6uxxo.py:18:0: 75 instructions in function
remark: c2eqzxmtv3tfd4grivu2cf44e5k27rra6nw7yf4cret7jsckzp3t.py:18:0: 637 instructions in function
remark: c2eqzxmtv3tfd4grivu2cf44e5k27rra6nw7yf4cret7jsckzp3t.py:18:0: 554 instructions in function
remark: c2eqzxmtv3tfd4grivu2cf44e5k27rra6nw7yf4cret7jsckzp3t.py:18:0: 541 instructions in function
remark: cbc6nmjyvmw5qdf3belafw2xdnbtmlpzqhsimgye6cfhp7vnqvnx.py:18:0: 240 instructions in function
remark: cbc6nmjyvmw5qdf3belafw2xdnbtmlpzqhsimgye6cfhp7vnqvnx.py:18:0: 99 instructions in function
remark: cmj5cjq2covtdh7lwzfsnrdlg6l5sycrd3s5dsp7ghwzb773ivjh.py:18:0: 175 instructions in function
remark: cmj5cjq2covtdh7lwzfsnrdlg6l5sycrd3s5dsp7ghwzb773ivjh.py:18:0: 76 instructions in function
remark: coduvxwahtiby3xtjmxju26j7rf2hkuwnqd7fxxgyrnja35ugyg6.py:18:0: 658 instructions in function
remark: coduvxwahtiby3xtjmxju26j7rf2hkuwnqd7fxxgyrnja35ugyg6.py:18:0: 572 instructions in function
remark: coduvxwahtiby3xtjmxju26j7rf2hkuwnqd7fxxgyrnja35ugyg6.py:18:0: 559 instructions in function
remark: cumkqu6oupm7hsfvpjlreyxcz73a4ocb4nxcxch5pz35cbiurhza.py:18:0: 259 instructions in function
remark: cumkqu6oupm7hsfvpjlreyxcz73a4ocb4nxcxch5pz35cbiurhza.py:18:0: 100 instructions in function
remark: cmrdoh5nybxuibacdvk7raneefeii5ynvtk2jo6nbui2ywndp3q3.py:18:0: 44 instructions in function
remark: cmrdoh5nybxuibacdvk7raneefeii5ynvtk2jo6nbui2ywndp3q3.py:18:0: 14 instructions in function
remark: c2ugluioywzo74pf3nnbvaf2qcpw7emuutbskvttaqc65nnqgqtb.py:18:0: 582 instructions in function
remark: cbhyc2ennuaeekgxyqi57zl6h6l35m6tlnenfham7lyfjo6ltlpg.py:18:0: 1377 instructions in function
remark: cbhyc2ennuaeekgxyqi57zl6h6l35m6tlnenfham7lyfjo6ltlpg.py:18:0: 1018 instructions in function
remark: cf7maix3dtygsehxzydwihtmw2hukztwlko2oum5bx5mvul7ajtb.py:18:0: 735 instructions in function
remark: cf7maix3dtygsehxzydwihtmw2hukztwlko2oum5bx5mvul7ajtb.py:18:0: 237 instructions in function
[W913 03:42:47.000000000 CUDACachingAllocator.cpp:3934] memory allocation failed with OOM on device 0 while trying to allocate 1207959552 bytes (free: 0, total: 17170956288).
[W913 03:43:46.000000000 CUDACachingAllocator.cpp:3934] memory allocation failed with OOM on device 0 while trying to allocate 1207959552 bytes (free: 0, total: 17170956288).
 8192  16   1   OOM
