D:\dev\micro-model\slm\config.py:124: FutureWarning: In the future `np.str` will be defined as the corresponding NumPy scalar.
  obj = getattr(mod, name, None)
08:25:25 [m4_sft_149m] 2.0 epochs x 225M tokens = 450M total; milestone = 1 epoch
08:25:25 [m4_sft_149m] initialized weights from runs/m2_base_149m_1b/checkpoints/final.pt (trained 1.00B tokens; missing keys: 0; optimizer: False)
08:25:25 [m4_sft_149m] fresh start. model 149,059,584 params (123,893,760 non-embed); 8x8x2048 = 131,072 tokens/update; data 225M tokens available; val 2.0M tokens
remark: cnltqzue52wzddifqx432v7mz2yxkv3ja2ncxmpx4j7htljvmwco.py:18:0: 273 instructions in function
remark: ckgqu3lmo6ybthzsl7a245wilt35nyg6udxfrjpsv2dcuzsupk5m.py:18:0: 18 instructions in function
remark: c4vlrflfig7idj6x32pdkzm3c23r4rxqszgseqkndbvzn3phk47i.py:18:0: 12 instructions in function
remark: cvicsx443nei2iotqyin4tulvs75igrsnhkz62fwaxwitfv2qxbi.py:18:0: 435 instructions in function
08:26:07 upd 10 | 1M (0.3%) | loss 2.4452 | lr 4.72e-06 | gn 0.82 | 31,125 tok/s | 4211 ms/upd (data 15) | 12.1 GiB | ETA 4h 00m
08:26:28 upd 20 | 3M (0.6%) | loss 2.3820 | lr 9.96e-06 | gn 0.50 | 62,781 tok/s | 2088 ms/upd (data 11) | 12.1 GiB | ETA 3h 18m
08:26:49 upd 30 | 4M (0.9%) | loss 2.3088 | lr 1.52e-05 | gn 0.39 | 62,771 tok/s | 2088 ms/upd (data 8) | 12.1 GiB | ETA 2h 54m
08:26:49 *** initial estimate: whole run ~1h 59m at 62,771 tok/s ***
08:27:10 upd 40 | 5M (1.2%) | loss 2.2502 | lr 2.00e-05 | gn 0.33 | 62,783 tok/s | 2088 ms/upd (data 8) | 12.1 GiB | ETA 2h 39m
08:27:31 upd 50 | 7M (1.5%) | loss 2.2470 | lr 2.00e-05 | gn 0.30 | 62,779 tok/s | 2088 ms/upd (data 12) | 12.1 GiB | ETA 2h 28m
08:27:52 upd 60 | 8M (1.7%) | loss 2.1805 | lr 2.00e-05 | gn 0.31 | 62,786 tok/s | 2088 ms/upd (data 9) | 12.1 GiB | ETA 2h 20m
08:28:13 upd 70 | 9M (2.0%) | loss 2.1579 | lr 2.00e-05 | gn 0.29 | 62,776 tok/s | 2088 ms/upd (data 9) | 12.1 GiB | ETA 2h 14m
08:28:33 upd 80 | 10M (2.3%) | loss 2.1358 | lr 2.00e-05 | gn 0.29 | 62,776 tok/s | 2088 ms/upd (data 8) | 12.1 GiB | ETA 2h 10m
08:28:54 upd 90 | 12M (2.6%) | loss 2.1236 | lr 2.00e-05 | gn 0.29 | 62,776 tok/s | 2088 ms/upd (data 12) | 12.1 GiB | ETA 2h 07m
08:29:15 upd 100 | 13M (2.9%) | loss 2.1207 | lr 2.00e-05 | gn 0.28 | 62,779 tok/s | 2088 ms/upd (data 8) | 12.1 GiB | ETA 2h 04m
08:29:36 upd 110 | 14M (3.2%) | loss 2.1247 | lr 2.00e-05 | gn 0.29 | 62,775 tok/s | 2088 ms/upd (data 8) | 12.1 GiB | ETA 2h 02m
08:29:57 upd 120 | 16M (3.5%) | loss 2.1024 | lr 2.00e-05 | gn 0.28 | 62,767 tok/s | 2088 ms/upd (data 8) | 12.1 GiB | ETA 2h 00m
08:30:18 upd 130 | 17M (3.8%) | loss 2.0969 | lr 2.00e-05 | gn 0.27 | 62,772 tok/s | 2088 ms/upd (data 12) | 12.1 GiB | ETA 1h 59m
08:30:39 upd 140 | 18M (4.1%) | loss 2.1089 | lr 2.00e-05 | gn 0.27 | 62,768 tok/s | 2088 ms/upd (data 14) | 12.1 GiB | ETA 1h 57m
08:31:00 upd 150 | 20M (4.4%) | loss 2.0786 | lr 2.00e-05 | gn 0.28 | 62,771 tok/s | 2088 ms/upd (data 13) | 12.1 GiB | ETA 1h 56m
remark: cl5rdm2pimy77cw37r5snghpgqxqm7xpctttxyj43pvlu5hubhfd.py:18:0: 401 instructions in function
remark: cjmssktwrap6hfekjbvuz7w2dzj6kquklw47qemh7ivknqfl4wwc.py:18:0: 12 instructions in function
remark: cozafhmuupuoiyeqtw4fp7mpb2va5rhxibqaixivryzkzfunkpgk.py:18:0: 199 instructions in function
remark: cadlyths3a4ovdb4v5jfcm3crlroqnt4betfjtiwgne3xql2gt4r.py:18:0: 78 instructions in function
remark: cadlyths3a4ovdb4v5jfcm3crlroqnt4betfjtiwgne3xql2gt4r.py:18:0: 210 instructions in function
remark: cadlyths3a4ovdb4v5jfcm3crlroqnt4betfjtiwgne3xql2gt4r.py:18:0: 751 instructions in function
remark: caxgn46ddto3gs5fqa6hbvbx4vco2ftsk4z7kczb27guj6ntwiz7.py:18:0: 81 instructions in function
remark: caxgn46ddto3gs5fqa6hbvbx4vco2ftsk4z7kczb27guj6ntwiz7.py:18:0: 213 instructions in function
remark: caxgn46ddto3gs5fqa6hbvbx4vco2ftsk4z7kczb27guj6ntwiz7.py:18:0: 719 instructions in function
remark: cqtrpsu72um6umc2ytyxrakkn2la73uf2wmjfj7o4zpiloyhk7lf.py:18:0: 39 instructions in function
remark: cqtrpsu72um6umc2ytyxrakkn2la73uf2wmjfj7o4zpiloyhk7lf.py:18:0: 39 instructions in function
remark: cvpqjixssaruom7tuk6arngs43it2ekxjhvodozrtyyghbiwvhp6.py:18:0: 288 instructions in function
remark: ctnp5oqdvrsdorgefbzat5xxb4eqrh6og5ljrua6fc6ggawuzhml.py:18:0: 156 instructions in function
remark: ctnp5oqdvrsdorgefbzat5xxb4eqrh6og5ljrua6fc6ggawuzhml.py:18:0: 57 instructions in function
remark: c7by6n7hfn5t6msrxfxzkrxaxue5hmjmye5gwtkidar2z7lhkhm7.py:18:0: 377 instructions in function
remark: co3nnqkbb5m3iwntxxksz77w5sf7lzphrnh7637dscobkuqae4gc.py:18:0: 585 instructions in function
remark: c54snmyvplypslwqbgq4bji76jdr4kxu5vo7qhxsuy6mr4v3zj3a.py:18:0: 262 instructions in function
remark: cczlixdkvuokisjbpgherrircjukh62zdrjtbascipve66pvs4fq.py:18:0: 347 instructions in function
remark: cwpuh7prwtz73wy6qpevren76naewn257gvwjb56aaexcdf63alh.py:18:0: 432 instructions in function
remark: cwuk7nprbflgejp7iiy456lporyt6j6ek7u5qen2g4bdpiynd2k3.py:18:0: 637 instructions in function
remark: cy7bqflgfmk7k34q3cc7jhurue7tkblf7qmo36jw4trz3ljo424h.py:18:0: 253 instructions in function
remark: c4s6gvwajnrbw5uxtvxqbppnoyfbatsusva7zpjzrj4cvmhrnwtz.py:18:0: 259 instructions in function
remark: ccdpoi7qwsqw4yhxhfo5s4iyjq4bbksmwsaxz55op5hooqbnsvkf.py:18:0: 399 instructions in function
remark: covklxej4o7hgiit23bxb3m5a35gacotswww7gbjtti7hyrnr6vt.py:18:0: 414 instructions in function
08:31:52 eval @ 20M: val loss 2.0807 ppl 8.01 (best) | pretrain-val 3.0971 [47s]
08:32:07 upd 160 | 21M (4.7%) | loss 2.0709 | lr 1.99e-05 | gn 0.27 | 19,459 tok/s | 6736 ms/upd (data 7) | 12.1 GiB | ETA 2h 14m
08:32:28 upd 170 | 22M (5.0%) | loss 2.0675 | lr 1.99e-05 | gn 0.28 | 62,774 tok/s | 2088 ms/upd (data 8) | 12.1 GiB | ETA 2h 09m
08:32:49 upd 180 | 24M (5.2%) | loss 2.0601 | lr 1.99e-05 | gn 0.29 | 62,760 tok/s | 2088 ms/upd (data 9) | 12.1 GiB | ETA 2h 05m
08:33:10 upd 190 | 25M (5.5%) | loss 2.0447 | lr 1.99e-05 | gn 0.28 | 62,754 tok/s | 2089 ms/upd (data 9) | 12.1 GiB | ETA 2h 02m
08:33:30 upd 200 | 26M (5.8%) | loss 2.0488 | lr 1.99e-05 | gn 0.29 | 62,962 tok/s | 2082 ms/upd (data 11) | 12.1 GiB | ETA 2h 00m
08:33:51 upd 210 | 28M (6.1%) | loss 2.0465 | lr 1.99e-05 | gn 0.28 | 63,129 tok/s | 2076 ms/upd (data 10) | 12.1 GiB | ETA 1h 57m
08:34:12 upd 220 | 29M (6.4%) | loss 2.0279 | lr 1.99e-05 | gn 0.28 | 63,129 tok/s | 2076 ms/upd (data 9) | 12.1 GiB | ETA 1h 56m
08:34:33 upd 230 | 30M (6.7%) | loss 2.0328 | lr 1.99e-05 | gn 0.28 | 63,124 tok/s | 2076 ms/upd (data 8) | 12.1 GiB | ETA 1h 54m
08:34:53 upd 240 | 31M (7.0%) | loss 2.0383 | lr 1.98e-05 | gn 0.29 | 63,132 tok/s | 2076 ms/upd (data 8) | 12.1 GiB | ETA 1h 53m
08:35:14 upd 250 | 33M (7.3%) | loss 2.0425 | lr 1.98e-05 | gn 0.28 | 63,128 tok/s | 2076 ms/upd (data 13) | 12.1 GiB | ETA 1h 52m
08:35:35 upd 260 | 34M (7.6%) | loss 2.0191 | lr 1.98e-05 | gn 0.29 | 63,135 tok/s | 2076 ms/upd (data 7) | 12.1 GiB | ETA 1h 51m
08:35:56 upd 270 | 35M (7.9%) | loss 2.0025 | lr 1.98e-05 | gn 0.29 | 63,126 tok/s | 2076 ms/upd (data 12) | 12.1 GiB | ETA 1h 50m
08:36:17 upd 280 | 37M (8.2%) | loss 2.0338 | lr 1.98e-05 | gn 0.28 | 63,133 tok/s | 2076 ms/upd (data 8) | 12.1 GiB | ETA 1h 50m
08:36:37 upd 290 | 38M (8.5%) | loss 2.0139 | lr 1.98e-05 | gn 0.29 | 63,130 tok/s | 2076 ms/upd (data 9) | 12.1 GiB | ETA 1h 49m
08:36:58 upd 300 | 39M (8.7%) | loss 2.0157 | lr 1.97e-05 | gn 0.28 | 63,133 tok/s | 2076 ms/upd (data 10) | 12.1 GiB | ETA 1h 49m
08:37:29 eval @ 40M: val loss 2.0157 ppl 7.51 (best) | pretrain-val 3.1186 [19s]
08:37:38 upd 310 | 41M (9.0%) | loss 1.9959 | lr 1.97e-05 | gn 0.27 | 33,058 tok/s | 3965 ms/upd (data 10) | 12.1 GiB | ETA 2h 00m
08:37:58 upd 320 | 42M (9.3%) | loss 2.0182 | lr 1.97e-05 | gn 0.29 | 63,131 tok/s | 2076 ms/upd (data 6) | 12.1 GiB | ETA 1h 57m
08:38:19 upd 330 | 43M (9.6%) | loss 1.9618 | lr 1.97e-05 | gn 0.30 | 63,129 tok/s | 2076 ms/upd (data 9) | 12.1 GiB | ETA 1h 54m
08:38:40 upd 340 | 45M (9.9%) | loss 1.9982 | lr 1.97e-05 | gn 0.30 | 63,123 tok/s | 2076 ms/upd (data 8) | 12.1 GiB | ETA 1h 52m
08:39:01 upd 350 | 46M (10.2%) | loss 2.0084 | lr 1.96e-05 | gn 0.29 | 63,132 tok/s | 2076 ms/upd (data 9) | 12.1 GiB | ETA 1h 51m
08:39:22 upd 360 | 47M (10.5%) | loss 1.9872 | lr 1.96e-05 | gn 0.28 | 63,130 tok/s | 2076 ms/upd (data 12) | 12.1 GiB | ETA 1h 49m
08:39:42 upd 370 | 48M (10.8%) | loss 1.9739 | lr 1.96e-05 | gn 0.29 | 63,133 tok/s | 2076 ms/upd (data 11) | 12.1 GiB | ETA 1h 48m
08:40:03 upd 380 | 50M (11.1%) | loss 1.9813 | lr 1.96e-05 | gn 0.28 | 63,128 tok/s | 2076 ms/upd (data 8) | 12.1 GiB | ETA 1h 47m
08:40:11 samples written @ 50M [4s]
08:40:29 upd 390 | 51M (11.4%) | loss 1.9866 | lr 1.95e-05 | gn 0.29 | 51,333 tok/s | 2553 ms/upd (data 7) | 12.1 GiB | ETA 1h 51m
08:40:49 upd 400 | 52M (11.7%) | loss 1.9728 | lr 1.95e-05 | gn 0.30 | 63,133 tok/s | 2076 ms/upd (data 11) | 12.1 GiB | ETA 1h 49m
08:41:10 upd 410 | 54M (11.9%) | loss 1.9809 | lr 1.95e-05 | gn 0.31 | 63,137 tok/s | 2076 ms/upd (data 12) | 12.1 GiB | ETA 1h 48m
08:41:31 upd 420 | 55M (12.2%) | loss 1.9727 | lr 1.94e-05 | gn 0.30 | 63,132 tok/s | 2076 ms/upd (data 10) | 12.1 GiB | ETA 1h 47m
08:41:52 upd 430 | 56M (12.5%) | loss 1.9450 | lr 1.94e-05 | gn 0.29 | 63,131 tok/s | 2076 ms/upd (data 12) | 12.1 GiB | ETA 1h 46m
08:42:12 upd 440 | 58M (12.8%) | loss 1.9519 | lr 1.94e-05 | gn 0.29 | 63,136 tok/s | 2076 ms/upd (data 7) | 12.1 GiB | ETA 1h 45m
08:42:33 upd 450 | 59M (13.1%) | loss 1.9529 | lr 1.94e-05 | gn 0.31 | 63,137 tok/s | 2076 ms/upd (data 11) | 12.1 GiB | ETA 1h 44m
08:43:09 eval @ 60M: val loss 1.9779 ppl 7.23 (best) | pretrain-val 3.1346 [19s]
08:43:13 upd 460 | 60M (13.4%) | loss 1.9655 | lr 1.93e-05 | gn 0.29 | 33,050 tok/s | 3966 ms/upd (data 11) | 12.1 GiB | ETA 1h 55m
08:43:34 upd 470 | 62M (13.7%) | loss 1.9436 | lr 1.93e-05 | gn 0.30 | 63,131 tok/s | 2076 ms/upd (data 10) | 12.1 GiB | ETA 1h 52m
08:43:54 upd 480 | 63M (14.0%) | loss 1.9419 | lr 1.93e-05 | gn 0.29 | 63,138 tok/s | 2076 ms/upd (data 7) | 12.1 GiB | ETA 1h 49m
08:44:15 upd 490 | 64M (14.3%) | loss 1.9666 | lr 1.92e-05 | gn 0.30 | 63,135 tok/s | 2076 ms/upd (data 8) | 12.1 GiB | ETA 1h 47m
08:44:36 upd 500 | 66M (14.6%) | loss 1.9164 | lr 1.92e-05 | gn 0.29 | 63,133 tok/s | 2076 ms/upd (data 8) | 12.1 GiB | ETA 1h 46m
08:44:57 upd 510 | 67M (14.9%) | loss 1.9237 | lr 1.92e-05 | gn 0.30 | 63,132 tok/s | 2076 ms/upd (data 12) | 12.1 GiB | ETA 1h 44m
08:45:17 upd 520 | 68M (15.2%) | loss 1.9251 | lr 1.91e-05 | gn 0.29 | 63,139 tok/s | 2076 ms/upd (data 9) | 12.1 GiB | ETA 1h 43m
08:45:38 upd 530 | 69M (15.4%) | loss 1.9541 | lr 1.91e-05 | gn 0.29 | 63,133 tok/s | 2076 ms/upd (data 8) | 12.1 GiB | ETA 1h 42m
08:45:59 upd 540 | 71M (15.7%) | loss 1.9377 | lr 1.90e-05 | gn 0.30 | 63,136 tok/s | 2076 ms/upd (data 12) | 12.1 GiB | ETA 1h 41m
08:46:20 upd 550 | 72M (16.0%) | loss 1.9255 | lr 1.90e-05 | gn 0.29 | 63,137 tok/s | 2076 ms/upd (data 9) | 12.1 GiB | ETA 1h 41m
08:46:40 upd 560 | 73M (16.3%) | loss 1.9301 | lr 1.90e-05 | gn 0.30 | 63,133 tok/s | 2076 ms/upd (data 12) | 12.1 GiB | ETA 1h 40m
08:47:01 upd 570 | 75M (16.6%) | loss 1.9367 | lr 1.89e-05 | gn 0.29 | 63,130 tok/s | 2076 ms/upd (data 8) | 12.1 GiB | ETA 1h 39m
08:47:22 upd 580 | 76M (16.9%) | loss 1.9161 | lr 1.89e-05 | gn 0.31 | 63,134 tok/s | 2076 ms/upd (data 9) | 12.1 GiB | ETA 1h 39m
08:47:43 upd 590 | 77M (17.2%) | loss 1.9284 | lr 1.89e-05 | gn 0.31 | 63,139 tok/s | 2076 ms/upd (data 9) | 12.1 GiB | ETA 1h 38m
08:48:03 upd 600 | 79M (17.5%) | loss 1.9017 | lr 1.88e-05 | gn 0.30 | 63,133 tok/s | 2076 ms/upd (data 11) | 12.1 GiB | ETA 1h 38m
08:48:24 upd 610 | 80M (17.8%) | loss 1.9106 | lr 1.88e-05 | gn 0.29 | 63,136 tok/s | 2076 ms/upd (data 11) | 12.1 GiB | ETA 1h 37m
08:48:45 eval @ 80M: val loss 1.9520 ppl 7.04 (best) | pretrain-val 3.1467 [19s]
08:49:04 upd 620 | 81M (18.1%) | loss 1.9024 | lr 1.87e-05 | gn 0.29 | 33,036 tok/s | 3968 ms/upd (data 8) | 12.1 GiB | ETA 1h 47m
08:49:25 upd 630 | 83M (18.4%) | loss 1.8767 | lr 1.87e-05 | gn 0.32 | 63,136 tok/s | 2076 ms/upd (data 9) | 12.1 GiB | ETA 1h 45m
08:49:45 upd 640 | 84M (18.7%) | loss 1.9098 | lr 1.86e-05 | gn 0.30 | 63,136 tok/s | 2076 ms/upd (data 10) | 12.1 GiB | ETA 1h 43m
08:50:06 upd 650 | 85M (18.9%) | loss 1.8897 | lr 1.86e-05 | gn 0.29 | 63,139 tok/s | 2076 ms/upd (data 8) | 12.1 GiB | ETA 1h 41m
08:50:27 upd 660 | 87M (19.2%) | loss 1.8892 | lr 1.86e-05 | gn 0.34 | 63,136 tok/s | 2076 ms/upd (data 7) | 12.1 GiB | ETA 1h 39m
08:50:48 upd 670 | 88M (19.5%) | loss 1.8744 | lr 1.85e-05 | gn 0.30 | 63,135 tok/s | 2076 ms/upd (data 11) | 12.1 GiB | ETA 1h 38m
08:51:08 upd 680 | 89M (19.8%) | loss 1.9082 | lr 1.85e-05 | gn 0.30 | 63,142 tok/s | 2076 ms/upd (data 9) | 12.1 GiB | ETA 1h 37m
08:51:29 upd 690 | 90M (20.1%) | loss 1.9070 | lr 1.84e-05 | gn 0.31 | 63,137 tok/s | 2076 ms/upd (data 9) | 12.1 GiB | ETA 1h 36m
08:51:50 upd 700 | 92M (20.4%) | loss 1.8958 | lr 1.84e-05 | gn 0.30 | 63,136 tok/s | 2076 ms/upd (data 9) | 12.1 GiB | ETA 1h 36m
08:52:11 upd 710 | 93M (20.7%) | loss 1.9122 | lr 1.83e-05 | gn 0.31 | 63,137 tok/s | 2076 ms/upd (data 8) | 12.1 GiB | ETA 1h 35m
08:52:31 upd 720 | 94M (21.0%) | loss 1.8757 | lr 1.83e-05 | gn 0.31 | 63,137 tok/s | 2076 ms/upd (data 9) | 12.1 GiB | ETA 1h 34m
08:52:52 upd 730 | 96M (21.3%) | loss 1.8733 | lr 1.82e-05 | gn 0.30 | 63,132 tok/s | 2076 ms/upd (data 13) | 12.1 GiB | ETA 1h 34m
08:53:13 upd 740 | 97M (21.6%) | loss 1.8659 | lr 1.82e-05 | gn 0.30 | 63,136 tok/s | 2076 ms/upd (data 11) | 12.1 GiB | ETA 1h 33m
08:53:34 upd 750 | 98M (21.9%) | loss 1.8816 | lr 1.81e-05 | gn 0.29 | 63,134 tok/s | 2076 ms/upd (data 9) | 12.1 GiB | ETA 1h 33m
08:53:55 upd 760 | 100M (22.2%) | loss 1.8939 | lr 1.81e-05 | gn 0.30 | 63,138 tok/s | 2076 ms/upd (data 8) | 12.1 GiB | ETA 1h 32m
08:54:20 eval @ 100M: val loss 1.9354 ppl 6.93 (best) | pretrain-val 3.1560 [19s]
08:54:24 samples written @ 100M [4s]
08:54:38 upd 770 | 101M (22.4%) | loss 1.8432 | lr 1.80e-05 | gn 0.32 | 30,067 tok/s | 4359 ms/upd (data 11) | 12.1 GiB | ETA 1h 43m
08:54:59 upd 780 | 102M (22.7%) | loss 1.8621 | lr 1.80e-05 | gn 0.30 | 63,132 tok/s | 2076 ms/upd (data 8) | 12.1 GiB | ETA 1h 40m
08:55:20 upd 790 | 104M (23.0%) | loss 1.8402 | lr 1.79e-05 | gn 0.33 | 62,068 tok/s | 2112 ms/upd (data 11) | 12.1 GiB | ETA 1h 38m
08:55:43 upd 800 | 105M (23.3%) | loss 1.8872 | lr 1.79e-05 | gn 0.31 | 57,977 tok/s | 2261 ms/upd (data 11) | 12.1 GiB | ETA 1h 38m
08:56:04 upd 810 | 106M (23.6%) | loss 1.8794 | lr 1.78e-05 | gn 0.33 | 62,043 tok/s | 2113 ms/upd (data 9) | 12.1 GiB | ETA 1h 36m
08:56:25 upd 820 | 107M (23.9%) | loss 1.8442 | lr 1.77e-05 | gn 0.30 | 62,034 tok/s | 2113 ms/upd (data 10) | 12.1 GiB | ETA 1h 35m
08:56:46 upd 830 | 109M (24.2%) | loss 1.8341 | lr 1.77e-05 | gn 0.30 | 62,048 tok/s | 2112 ms/upd (data 12) | 12.1 GiB | ETA 1h 34m
08:57:07 upd 840 | 110M (24.5%) | loss 1.8523 | lr 1.76e-05 | gn 0.31 | 62,034 tok/s | 2113 ms/upd (data 12) | 12.1 GiB | ETA 1h 33m
08:57:28 upd 850 | 111M (24.8%) | loss 1.8669 | lr 1.76e-05 | gn 0.31 | 62,043 tok/s | 2113 ms/upd (data 9) | 12.1 GiB | ETA 1h 32m
08:57:49 upd 860 | 113M (25.1%) | loss 1.8330 | lr 1.75e-05 | gn 0.33 | 62,078 tok/s | 2111 ms/upd (data 8) | 12.1 GiB | ETA 1h 31m
08:58:10 upd 870 | 114M (25.4%) | loss 1.8328 | lr 1.75e-05 | gn 0.34 | 62,047 tok/s | 2112 ms/upd (data 12) | 12.1 GiB | ETA 1h 31m
08:58:32 upd 880 | 115M (25.6%) | loss 1.8620 | lr 1.74e-05 | gn 0.32 | 62,035 tok/s | 2113 ms/upd (data 7) | 12.1 GiB | ETA 1h 30m
08:58:53 upd 890 | 117M (25.9%) | loss 1.8476 | lr 1.73e-05 | gn 0.36 | 62,077 tok/s | 2111 ms/upd (data 11) | 12.1 GiB | ETA 1h 30m
08:59:14 upd 900 | 118M (26.2%) | loss 1.8451 | lr 1.73e-05 | gn 0.29 | 62,060 tok/s | 2112 ms/upd (data 8) | 12.1 GiB | ETA 1h 29m
08:59:35 upd 910 | 119M (26.5%) | loss 1.8342 | lr 1.72e-05 | gn 0.30 | 62,077 tok/s | 2111 ms/upd (data 10) | 12.1 GiB | ETA 1h 29m
09:00:07 eval @ 120M: val loss 1.9249 ppl 6.85 (best) | pretrain-val 3.1632 [19s]
09:00:15 upd 920 | 121M (26.8%) | loss 1.8438 | lr 1.72e-05 | gn 0.35 | 32,737 tok/s | 4004 ms/upd (data 9) | 12.1 GiB | ETA 1h 38m
09:00:36 upd 930 | 122M (27.1%) | loss 1.8262 | lr 1.71e-05 | gn 0.32 | 63,082 tok/s | 2078 ms/upd (data 12) | 12.1 GiB | ETA 1h 35m
09:00:57 upd 940 | 123M (27.4%) | loss 1.8185 | lr 1.70e-05 | gn 0.33 | 63,085 tok/s | 2078 ms/upd (data 11) | 12.1 GiB | ETA 1h 32m
09:01:17 upd 950 | 125M (27.7%) | loss 1.8343 | lr 1.70e-05 | gn 0.37 | 63,083 tok/s | 2078 ms/upd (data 11) | 12.1 GiB | ETA 1h 31m
09:01:38 upd 960 | 126M (28.0%) | loss 1.8271 | lr 1.69e-05 | gn 0.32 | 63,079 tok/s | 2078 ms/upd (data 12) | 12.1 GiB | ETA 1h 29m
09:01:59 upd 970 | 127M (28.3%) | loss 1.8245 | lr 1.69e-05 | gn 0.32 | 63,079 tok/s | 2078 ms/upd (data 10) | 12.1 GiB | ETA 1h 28m
09:02:20 upd 980 | 128M (28.6%) | loss 1.8430 | lr 1.68e-05 | gn 0.38 | 63,083 tok/s | 2078 ms/upd (data 8) | 12.1 GiB | ETA 1h 27m
09:02:40 upd 990 | 130M (28.9%) | loss 1.8416 | lr 1.67e-05 | gn 0.34 | 63,070 tok/s | 2078 ms/upd (data 12) | 12.1 GiB | ETA 1h 26m
09:03:01 upd 1000 | 131M (29.1%) | loss 1.8222 | lr 1.67e-05 | gn 0.31 | 62,913 tok/s | 2083 ms/upd (data 12) | 12.1 GiB | ETA 1h 25m
09:03:22 upd 1010 | 132M (29.4%) | loss 1.8313 | lr 1.66e-05 | gn 0.49 | 63,130 tok/s | 2076 ms/upd (data 8) | 12.1 GiB | ETA 1h 25m
09:03:43 upd 1020 | 134M (29.7%) | loss 1.8284 | lr 1.65e-05 | gn 0.38 | 63,130 tok/s | 2076 ms/upd (data 7) | 12.1 GiB | ETA 1h 24m
09:04:04 upd 1030 | 135M (30.0%) | loss 1.8392 | lr 1.65e-05 | gn 0.30 | 63,126 tok/s | 2076 ms/upd (data 11) | 12.1 GiB | ETA 1h 23m
09:04:24 upd 1040 | 136M (30.3%) | loss 1.8239 | lr 1.64e-05 | gn 0.32 | 63,132 tok/s | 2076 ms/upd (data 11) | 12.1 GiB | ETA 1h 23m
09:04:45 upd 1050 | 138M (30.6%) | loss 1.8356 | lr 1.63e-05 | gn 0.35 | 63,125 tok/s | 2076 ms/upd (data 11) | 12.1 GiB | ETA 1h 22m
09:05:06 upd 1060 | 139M (30.9%) | loss 1.8103 | lr 1.63e-05 | gn 0.39 | 63,131 tok/s | 2076 ms/upd (data 10) | 12.1 GiB | ETA 1h 22m
09:05:43 eval @ 140M: val loss 1.9140 ppl 6.78 (best) | pretrain-val 3.1702 [19s]
09:05:46 upd 1070 | 140M (31.2%) | loss 1.8184 | lr 1.62e-05 | gn 0.36 | 33,031 tok/s | 3968 ms/upd (data 8) | 12.1 GiB | ETA 1h 30m
09:06:06 upd 1080 | 142M (31.5%) | loss 1.8427 | lr 1.61e-05 | gn 0.36 | 63,127 tok/s | 2076 ms/upd (data 11) | 12.1 GiB | ETA 1h 28m
09:06:27 upd 1090 | 143M (31.8%) | loss 1.8145 | lr 1.61e-05 | gn 0.37 | 63,134 tok/s | 2076 ms/upd (data 12) | 12.1 GiB | ETA 1h 26m
09:06:48 upd 1100 | 144M (32.1%) | loss 1.7800 | lr 1.60e-05 | gn 0.42 | 63,135 tok/s | 2076 ms/upd (data 11) | 12.1 GiB | ETA 1h 24m
09:07:09 upd 1110 | 145M (32.4%) | loss 1.7891 | lr 1.59e-05 | gn 0.43 | 63,134 tok/s | 2076 ms/upd (data 10) | 12.1 GiB | ETA 1h 23m
09:07:29 upd 1120 | 147M (32.6%) | loss 1.7665 | lr 1.59e-05 | gn 0.34 | 63,137 tok/s | 2076 ms/upd (data 12) | 12.1 GiB | ETA 1h 22m
09:07:50 upd 1130 | 148M (32.9%) | loss 1.7964 | lr 1.58e-05 | gn 0.39 | 63,141 tok/s | 2076 ms/upd (data 11) | 12.1 GiB | ETA 1h 21m
09:08:11 upd 1140 | 149M (33.2%) | loss 1.8162 | lr 1.57e-05 | gn 0.39 | 63,139 tok/s | 2076 ms/upd (data 7) | 12.1 GiB | ETA 1h 20m
09:08:25 samples written @ 150M [4s]
09:08:36 upd 1150 | 151M (33.5%) | loss 1.7890 | lr 1.56e-05 | gn 0.57 | 52,389 tok/s | 2502 ms/upd (data 9) | 12.1 GiB | ETA 1h 23m
09:08:57 upd 1160 | 152M (33.8%) | loss 1.7708 | lr 1.56e-05 | gn 0.38 | 63,144 tok/s | 2076 ms/upd (data 12) | 12.1 GiB | ETA 1h 21m
09:09:17 upd 1170 | 153M (34.1%) | loss 1.7536 | lr 1.55e-05 | gn 0.33 | 63,142 tok/s | 2076 ms/upd (data 7) | 12.1 GiB | ETA 1h 20m
09:09:38 upd 1180 | 155M (34.4%) | loss 1.7723 | lr 1.54e-05 | gn 0.36 | 63,143 tok/s | 2076 ms/upd (data 12) | 12.1 GiB | ETA 1h 19m
09:09:59 upd 1190 | 156M (34.7%) | loss 1.7682 | lr 1.54e-05 | gn 0.52 | 63,138 tok/s | 2076 ms/upd (data 10) | 12.1 GiB | ETA 1h 19m
09:10:20 upd 1200 | 157M (35.0%) | loss 1.7809 | lr 1.53e-05 | gn 0.34 | 63,146 tok/s | 2076 ms/upd (data 11) | 12.1 GiB | ETA 1h 18m
09:10:41 upd 1210 | 159M (35.3%) | loss 1.7869 | lr 1.52e-05 | gn 0.36 | 60,110 tok/s | 2181 ms/upd (data 8) | 12.1 GiB | ETA 1h 18m
09:11:02 upd 1220 | 160M (35.6%) | loss 1.7955 | lr 1.51e-05 | gn 0.36 | 63,139 tok/s | 2076 ms/upd (data 11) | 12.1 GiB | ETA 1h 17m
09:11:23 eval @ 160M: val loss 1.9181 ppl 6.81 | pretrain-val 3.1777 [19s]
09:11:42 upd 1230 | 161M (35.8%) | loss 1.7963 | lr 1.51e-05 | gn 0.33 | 33,220 tok/s | 3946 ms/upd (data 6) | 12.1 GiB | ETA 1h 25m
09:12:02 upd 1240 | 163M (36.1%) | loss 1.7956 | lr 1.50e-05 | gn 0.33 | 63,136 tok/s | 2076 ms/upd (data 11) | 12.1 GiB | ETA 1h 23m
09:12:23 upd 1250 | 164M (36.4%) | loss 1.7909 | lr 1.49e-05 | gn 0.39 | 63,134 tok/s | 2076 ms/upd (data 10) | 12.1 GiB | ETA 1h 21m
09:12:44 upd 1260 | 165M (36.7%) | loss 1.7653 | lr 1.48e-05 | gn 0.45 | 63,135 tok/s | 2076 ms/upd (data 12) | 12.1 GiB | ETA 1h 19m
09:13:05 upd 1270 | 166M (37.0%) | loss 1.7772 | lr 1.48e-05 | gn 0.43 | 63,134 tok/s | 2076 ms/upd (data 12) | 12.1 GiB | ETA 1h 18m
09:13:25 upd 1280 | 168M (37.3%) | loss 1.8143 | lr 1.47e-05 | gn 0.31 | 63,139 tok/s | 2076 ms/upd (data 12) | 12.1 GiB | ETA 1h 17m
09:13:46 upd 1290 | 169M (37.6%) | loss 1.7475 | lr 1.46e-05 | gn 0.32 | 63,128 tok/s | 2076 ms/upd (data 11) | 12.1 GiB | ETA 1h 16m
09:14:07 upd 1300 | 170M (37.9%) | loss 1.7730 | lr 1.45e-05 | gn 0.38 | 63,135 tok/s | 2076 ms/upd (data 8) | 12.1 GiB | ETA 1h 15m
09:14:28 upd 1310 | 172M (38.2%) | loss 1.7494 | lr 1.45e-05 | gn 0.43 | 63,137 tok/s | 2076 ms/upd (data 8) | 12.1 GiB | ETA 1h 14m
09:14:49 upd 1320 | 173M (38.5%) | loss 1.7681 | lr 1.44e-05 | gn 0.31 | 63,135 tok/s | 2076 ms/upd (data 8) | 12.1 GiB | ETA 1h 14m
09:15:09 upd 1330 | 174M (38.8%) | loss 1.7999 | lr 1.43e-05 | gn 0.33 | 63,133 tok/s | 2076 ms/upd (data 8) | 12.1 GiB | ETA 1h 13m
09:15:30 upd 1340 | 176M (39.1%) | loss 1.7778 | lr 1.42e-05 | gn 0.44 | 63,133 tok/s | 2076 ms/upd (data 5) | 12.1 GiB | ETA 1h 13m
09:15:51 upd 1350 | 177M (39.3%) | loss 1.7712 | lr 1.41e-05 | gn 0.39 | 63,136 tok/s | 2076 ms/upd (data 12) | 12.1 GiB | ETA 1h 12m
09:16:12 upd 1360 | 178M (39.6%) | loss 1.7575 | lr 1.41e-05 | gn 0.39 | 63,136 tok/s | 2076 ms/upd (data 11) | 12.1 GiB | ETA 1h 12m
09:16:32 upd 1370 | 180M (39.9%) | loss 1.8116 | lr 1.40e-05 | gn 0.47 | 63,137 tok/s | 2076 ms/upd (data 9) | 12.1 GiB | ETA 1h 11m
09:17:00 eval @ 180M: val loss 1.9119 ppl 6.77 (best) | pretrain-val 3.1828 [19s]
09:17:12 upd 1380 | 181M (40.2%) | loss 1.7533 | lr 1.39e-05 | gn 0.38 | 33,043 tok/s | 3967 ms/upd (data 9) | 12.1 GiB | ETA 1h 18m
09:17:33 upd 1390 | 182M (40.5%) | loss 1.7520 | lr 1.38e-05 | gn 0.41 | 63,122 tok/s | 2076 ms/upd (data 9) | 12.1 GiB | ETA 1h 16m
09:17:54 upd 1400 | 184M (40.8%) | loss 1.7541 | lr 1.38e-05 | gn 0.39 | 63,139 tok/s | 2076 ms/upd (data 9) | 12.1 GiB | ETA 1h 15m
09:18:14 upd 1410 | 185M (41.1%) | loss 1.7533 | lr 1.37e-05 | gn 0.40 | 63,137 tok/s | 2076 ms/upd (data 7) | 12.1 GiB | ETA 1h 13m
09:18:35 upd 1420 | 186M (41.4%) | loss 1.7508 | lr 1.36e-05 | gn 0.34 | 63,128 tok/s | 2076 ms/upd (data 9) | 12.1 GiB | ETA 1h 12m
09:18:56 upd 1430 | 187M (41.7%) | loss 1.7672 | lr 1.35e-05 | gn 0.40 | 63,132 tok/s | 2076 ms/upd (data 9) | 12.1 GiB | ETA 1h 11m
09:19:17 upd 1440 | 189M (42.0%) | loss 1.7644 | lr 1.34e-05 | gn 0.34 | 63,133 tok/s | 2076 ms/upd (data 9) | 12.1 GiB | ETA 1h 10m
09:19:37 upd 1450 | 190M (42.3%) | loss 1.7327 | lr 1.34e-05 | gn 0.39 | 63,131 tok/s | 2076 ms/upd (data 8) | 12.1 GiB | ETA 1h 10m
09:19:58 upd 1460 | 191M (42.6%) | loss 1.7291 | lr 1.33e-05 | gn 0.32 | 63,132 tok/s | 2076 ms/upd (data 8) | 12.1 GiB | ETA 1h 09m
09:20:19 upd 1470 | 193M (42.8%) | loss 1.7815 | lr 1.32e-05 | gn 0.31 | 63,138 tok/s | 2076 ms/upd (data 9) | 12.1 GiB | ETA 1h 08m
09:20:40 upd 1480 | 194M (43.1%) | loss 1.7566 | lr 1.31e-05 | gn 0.33 | 63,132 tok/s | 2076 ms/upd (data 14) | 12.1 GiB | ETA 1h 08m
09:21:00 upd 1490 | 195M (43.4%) | loss 1.7544 | lr 1.30e-05 | gn 0.32 | 63,134 tok/s | 2076 ms/upd (data 11) | 12.1 GiB | ETA 1h 07m
09:21:21 upd 1500 | 197M (43.7%) | loss 1.7338 | lr 1.29e-05 | gn 0.34 | 63,132 tok/s | 2076 ms/upd (data 11) | 12.1 GiB | ETA 1h 07m
09:21:42 upd 1510 | 198M (44.0%) | loss 1.7707 | lr 1.29e-05 | gn 0.34 | 63,133 tok/s | 2076 ms/upd (data 8) | 12.1 GiB | ETA 1h 06m
09:22:03 upd 1520 | 199M (44.3%) | loss 1.7446 | lr 1.28e-05 | gn 0.34 | 63,133 tok/s | 2076 ms/upd (data 12) | 12.1 GiB | ETA 1h 06m
09:22:34 eval @ 200M: val loss 1.8997 ppl 6.68 (best) | pretrain-val 3.1861 [19s]
09:22:39 samples written @ 200M [5s]
09:22:47 upd 1530 | 201M (44.6%) | loss 1.7398 | lr 1.27e-05 | gn 0.34 | 29,601 tok/s | 4428 ms/upd (data 10) | 12.1 GiB | ETA 1h 13m
09:23:08 upd 1540 | 202M (44.9%) | loss 1.7705 | lr 1.26e-05 | gn 0.40 | 63,140 tok/s | 2076 ms/upd (data 9) | 12.1 GiB | ETA 1h 11m
09:23:28 upd 1550 | 203M (45.2%) | loss 1.7232 | lr 1.25e-05 | gn 0.39 | 63,142 tok/s | 2076 ms/upd (data 10) | 12.1 GiB | ETA 1h 10m
09:23:49 upd 1560 | 204M (45.5%) | loss 1.7367 | lr 1.25e-05 | gn 0.32 | 63,142 tok/s | 2076 ms/upd (data 8) | 12.1 GiB | ETA 1h 08m
09:24:10 upd 1570 | 206M (45.8%) | loss 1.7946 | lr 1.24e-05 | gn 0.35 | 63,143 tok/s | 2076 ms/upd (data 12) | 12.1 GiB | ETA 1h 07m
09:24:31 upd 1580 | 207M (46.0%) | loss 1.7092 | lr 1.23e-05 | gn 0.44 | 63,142 tok/s | 2076 ms/upd (data 9) | 12.1 GiB | ETA 1h 06m
09:24:51 upd 1590 | 208M (46.3%) | loss 1.7261 | lr 1.22e-05 | gn 0.39 | 63,138 tok/s | 2076 ms/upd (data 11) | 12.1 GiB | ETA 1h 05m
09:25:12 upd 1600 | 210M (46.6%) | loss 1.7682 | lr 1.21e-05 | gn 0.40 | 63,144 tok/s | 2076 ms/upd (data 11) | 12.1 GiB | ETA 1h 04m
09:25:33 upd 1610 | 211M (46.9%) | loss 1.7603 | lr 1.20e-05 | gn 0.36 | 63,140 tok/s | 2076 ms/upd (data 11) | 12.1 GiB | ETA 1h 04m
09:25:55 upd 1620 | 212M (47.2%) | loss 1.7190 | lr 1.20e-05 | gn 0.41 | 60,079 tok/s | 2182 ms/upd (data 7) | 12.1 GiB | ETA 1h 04m
09:26:16 upd 1630 | 214M (47.5%) | loss 1.7623 | lr 1.19e-05 | gn 0.36 | 63,140 tok/s | 2076 ms/upd (data 13) | 12.1 GiB | ETA 1h 03m
09:26:36 upd 1640 | 215M (47.8%) | loss 1.7244 | lr 1.18e-05 | gn 0.43 | 63,135 tok/s | 2076 ms/upd (data 12) | 12.1 GiB | ETA 1h 02m
09:26:57 upd 1650 | 216M (48.1%) | loss 1.7270 | lr 1.17e-05 | gn 0.54 | 63,141 tok/s | 2076 ms/upd (data 12) | 12.1 GiB | ETA 1h 02m
09:27:18 upd 1660 | 218M (48.4%) | loss 1.7118 | lr 1.16e-05 | gn 0.38 | 63,140 tok/s | 2076 ms/upd (data 10) | 12.1 GiB | ETA 1h 01m
09:27:39 upd 1670 | 219M (48.7%) | loss 1.7368 | lr 1.15e-05 | gn 0.32 | 63,139 tok/s | 2076 ms/upd (data 14) | 12.1 GiB | ETA 1h 01m
09:28:16 eval @ 220M: val loss 1.9006 ppl 6.69 | pretrain-val 3.1923 [19s]
09:28:18 upd 1680 | 220M (49.0%) | loss 1.7304 | lr 1.15e-05 | gn 0.37 | 33,186 tok/s | 3950 ms/upd (data 7) | 12.1 GiB | ETA 1h 07m
09:28:39 upd 1690 | 222M (49.3%) | loss 1.7100 | lr 1.14e-05 | gn 0.33 | 63,136 tok/s | 2076 ms/upd (data 11) | 12.1 GiB | ETA 1h 05m
09:29:00 upd 1700 | 223M (49.5%) | loss 1.7396 | lr 1.13e-05 | gn 0.34 | 63,140 tok/s | 2076 ms/upd (data 11) | 12.1 GiB | ETA 1h 04m
09:29:20 upd 1710 | 224M (49.8%) | loss 1.7318 | lr 1.12e-05 | gn 0.35 | 63,141 tok/s | 2076 ms/upd (data 9) | 12.1 GiB | ETA 1h 02m
09:29:33 === milestone 225M: segment 1h 04m, elapsed 1h 04m ===
09:29:42 upd 1720 | 225M (50.1%) | loss 1.7463 | lr 1.11e-05 | gn 0.32 | 59,282 tok/s | 2211 ms/upd (data 11) | 12.1 GiB | ETA 1h 02m
09:30:03 upd 1730 | 227M (50.4%) | loss 1.7472 | lr 1.10e-05 | gn 0.30 | 63,135 tok/s | 2076 ms/upd (data 12) | 12.1 GiB | ETA 1h 01m
09:30:24 upd 1740 | 228M (50.7%) | loss 1.7702 | lr 1.10e-05 | gn 0.32 | 63,139 tok/s | 2076 ms/upd (data 8) | 12.1 GiB | ETA 1h 00m
09:30:45 upd 1750 | 229M (51.0%) | loss 1.7379 | lr 1.09e-05 | gn 0.33 | 63,134 tok/s | 2076 ms/upd (data 9) | 12.1 GiB | ETA 59m 48s
09:31:06 upd 1760 | 231M (51.3%) | loss 1.7461 | lr 1.08e-05 | gn 0.31 | 63,139 tok/s | 2076 ms/upd (data 11) | 12.1 GiB | ETA 59m 07s
09:31:26 upd 1770 | 232M (51.6%) | loss 1.7357 | lr 1.07e-05 | gn 0.32 | 63,139 tok/s | 2076 ms/upd (data 12) | 12.1 GiB | ETA 58m 30s
09:31:47 upd 1780 | 233M (51.9%) | loss 1.7347 | lr 1.06e-05 | gn 0.33 | 63,138 tok/s | 2076 ms/upd (data 12) | 12.1 GiB | ETA 57m 56s
09:32:08 upd 1790 | 235M (52.2%) | loss 1.7483 | lr 1.05e-05 | gn 0.32 | 63,137 tok/s | 2076 ms/upd (data 8) | 12.1 GiB | ETA 57m 25s
09:32:29 upd 1800 | 236M (52.5%) | loss 1.7095 | lr 1.05e-05 | gn 0.34 | 63,135 tok/s | 2076 ms/upd (data 8) | 12.1 GiB | ETA 56m 56s
09:32:49 upd 1810 | 237M (52.8%) | loss 1.7123 | lr 1.04e-05 | gn 0.34 | 63,137 tok/s | 2076 ms/upd (data 9) | 12.1 GiB | ETA 56m 29s
09:33:10 upd 1820 | 239M (53.0%) | loss 1.7158 | lr 1.03e-05 | gn 0.33 | 63,133 tok/s | 2076 ms/upd (data 9) | 12.1 GiB | ETA 56m 04s
09:33:31 upd 1830 | 240M (53.3%) | loss 1.7041 | lr 1.02e-05 | gn 0.33 | 63,136 tok/s | 2076 ms/upd (data 11) | 12.1 GiB | ETA 55m 39s
09:33:54 eval @ 240M: val loss 1.8918 ppl 6.63 (best) | pretrain-val 3.1939 [19s]
09:34:11 upd 1840 | 241M (53.6%) | loss 1.6803 | lr 1.01e-05 | gn 0.35 | 33,005 tok/s | 3971 ms/upd (data 9) | 12.1 GiB | ETA 1h 01m
09:34:31 upd 1850 | 242M (53.9%) | loss 1.7065 | lr 1.00e-05 | gn 0.46 | 63,141 tok/s | 2076 ms/upd (data 9) | 12.1 GiB | ETA 59m 25s
09:34:52 upd 1860 | 244M (54.2%) | loss 1.7363 | lr 9.97e-06 | gn 0.35 | 63,135 tok/s | 2076 ms/upd (data 9) | 12.1 GiB | ETA 58m 02s
09:35:13 upd 1870 | 245M (54.5%) | loss 1.7053 | lr 9.88e-06 | gn 0.33 | 63,146 tok/s | 2076 ms/upd (data 9) | 12.1 GiB | ETA 56m 54s
09:35:34 upd 1880 | 246M (54.8%) | loss 1.7035 | lr 9.80e-06 | gn 0.32 | 63,137 tok/s | 2076 ms/upd (data 12) | 12.1 GiB | ETA 55m 56s
09:35:54 upd 1890 | 248M (55.1%) | loss 1.7463 | lr 9.72e-06 | gn 0.33 | 63,144 tok/s | 2076 ms/upd (data 13) | 12.1 GiB | ETA 55m 06s
09:36:15 upd 1900 | 249M (55.4%) | loss 1.7027 | lr 9.64e-06 | gn 0.31 | 63,136 tok/s | 2076 ms/upd (data 9) | 12.1 GiB | ETA 54m 23s
09:36:36 samples written @ 250M [5s]
09:36:40 upd 1910 | 250M (55.7%) | loss 1.6871 | lr 9.55e-06 | gn 0.34 | 51,978 tok/s | 2522 ms/upd (data 11) | 12.1 GiB | ETA 55m 45s
09:37:01 upd 1920 | 252M (56.0%) | loss 1.7229 | lr 9.47e-06 | gn 0.34 | 63,134 tok/s | 2076 ms/upd (data 11) | 12.1 GiB | ETA 54m 44s
09:37:22 upd 1930 | 253M (56.2%) | loss 1.7059 | lr 9.39e-06 | gn 0.33 | 63,138 tok/s | 2076 ms/upd (data 11) | 12.1 GiB | ETA 53m 52s
09:37:43 upd 1940 | 254M (56.5%) | loss 1.7004 | lr 9.31e-06 | gn 0.31 | 63,135 tok/s | 2076 ms/upd (data 11) | 12.1 GiB | ETA 53m 07s
09:38:03 upd 1950 | 256M (56.8%) | loss 1.7041 | lr 9.23e-06 | gn 0.34 | 63,136 tok/s | 2076 ms/upd (data 12) | 12.1 GiB | ETA 52m 27s
09:38:24 upd 1960 | 257M (57.1%) | loss 1.7242 | lr 9.14e-06 | gn 0.32 | 63,139 tok/s | 2076 ms/upd (data 10) | 12.1 GiB | ETA 51m 51s
09:38:45 upd 1970 | 258M (57.4%) | loss 1.7249 | lr 9.06e-06 | gn 0.31 | 63,133 tok/s | 2076 ms/upd (data 11) | 12.1 GiB | ETA 51m 18s
09:39:06 upd 1980 | 260M (57.7%) | loss 1.7108 | lr 8.98e-06 | gn 0.32 | 63,139 tok/s | 2076 ms/upd (data 8) | 12.1 GiB | ETA 50m 48s
09:39:33 eval @ 260M: val loss 1.8929 ppl 6.64 | pretrain-val 3.1957 [19s]
09:39:45 upd 1990 | 261M (58.0%) | loss 1.6997 | lr 8.90e-06 | gn 0.35 | 33,122 tok/s | 3957 ms/upd (data 6) | 12.1 GiB | ETA 55m 40s
09:40:07 upd 2000 | 262M (58.3%) | loss 1.6973 | lr 8.82e-06 | gn 0.35 | 61,598 tok/s | 2128 ms/upd (data 13) | 12.1 GiB | ETA 54m 19s
09:40:28 upd 2010 | 263M (58.6%) | loss 1.7483 | lr 8.74e-06 | gn 0.31 | 62,273 tok/s | 2105 ms/upd (data 11) | 12.1 GiB | ETA 53m 04s
09:40:49 upd 2020 | 265M (58.9%) | loss 1.7249 | lr 8.66e-06 | gn 0.33 | 62,297 tok/s | 2104 ms/upd (data 7) | 12.1 GiB | ETA 52m 01s
09:41:10 upd 2030 | 266M (59.2%) | loss 1.7302 | lr 8.58e-06 | gn 0.30 | 62,118 tok/s | 2110 ms/upd (data 10) | 12.1 GiB | ETA 51m 09s
09:41:31 upd 2040 | 267M (59.5%) | loss 1.6976 | lr 8.50e-06 | gn 0.31 | 62,237 tok/s | 2106 ms/upd (data 8) | 12.1 GiB | ETA 50m 23s
09:41:52 upd 2050 | 269M (59.7%) | loss 1.7179 | lr 8.42e-06 | gn 0.31 | 62,197 tok/s | 2107 ms/upd (data 8) | 12.1 GiB | ETA 49m 42s
09:42:13 upd 2060 | 270M (60.0%) | loss 1.7316 | lr 8.34e-06 | gn 0.33 | 62,303 tok/s | 2104 ms/upd (data 13) | 12.1 GiB | ETA 49m 05s
09:42:34 upd 2070 | 271M (60.3%) | loss 1.7178 | lr 8.26e-06 | gn 0.31 | 62,265 tok/s | 2105 ms/upd (data 7) | 12.1 GiB | ETA 48m 32s
09:42:55 upd 2080 | 273M (60.6%) | loss 1.7177 | lr 8.18e-06 | gn 0.31 | 62,215 tok/s | 2107 ms/upd (data 9) | 12.1 GiB | ETA 48m 01s
09:43:16 upd 2090 | 274M (60.9%) | loss 1.7006 | lr 8.10e-06 | gn 0.31 | 62,261 tok/s | 2105 ms/upd (data 7) | 12.1 GiB | ETA 47m 32s
09:43:37 upd 2100 | 275M (61.2%) | loss 1.7166 | lr 8.02e-06 | gn 0.32 | 62,289 tok/s | 2104 ms/upd (data 10) | 12.1 GiB | ETA 47m 05s
09:43:58 upd 2110 | 277M (61.5%) | loss 1.6863 | lr 7.94e-06 | gn 0.31 | 62,277 tok/s | 2105 ms/upd (data 12) | 12.1 GiB | ETA 46m 39s
09:44:19 upd 2120 | 278M (61.8%) | loss 1.7226 | lr 7.86e-06 | gn 0.31 | 62,225 tok/s | 2106 ms/upd (data 12) | 12.1 GiB | ETA 46m 14s
09:44:41 upd 2130 | 279M (62.1%) | loss 1.7064 | lr 7.79e-06 | gn 0.31 | 59,053 tok/s | 2220 ms/upd (data 9) | 12.1 GiB | ETA 46m 19s
09:45:15 eval @ 280M: val loss 1.8877 ppl 6.60 (best) | pretrain-val 3.1974 [19s]
09:45:22 upd 2140 | 280M (62.4%) | loss 1.6818 | lr 7.71e-06 | gn 0.33 | 32,593 tok/s | 4021 ms/upd (data 8) | 12.1 GiB | ETA 50m 43s
09:45:43 upd 2150 | 282M (62.7%) | loss 1.6715 | lr 7.63e-06 | gn 0.33 | 62,251 tok/s | 2106 ms/upd (data 6) | 12.1 GiB | ETA 49m 09s
09:46:04 upd 2160 | 283M (63.0%) | loss 1.7281 | lr 7.55e-06 | gn 0.31 | 62,182 tok/s | 2108 ms/upd (data 12) | 12.1 GiB | ETA 47m 53s
09:46:25 upd 2170 | 284M (63.2%) | loss 1.6788 | lr 7.48e-06 | gn 0.33 | 62,159 tok/s | 2109 ms/upd (data 13) | 12.1 GiB | ETA 46m 50s
09:46:46 upd 2180 | 286M (63.5%) | loss 1.6530 | lr 7.40e-06 | gn 0.34 | 62,288 tok/s | 2104 ms/upd (data 12) | 12.1 GiB | ETA 45m 55s
09:47:07 upd 2190 | 287M (63.8%) | loss 1.7197 | lr 7.32e-06 | gn 0.32 | 62,195 tok/s | 2107 ms/upd (data 10) | 12.1 GiB | ETA 45m 09s
09:47:28 upd 2200 | 288M (64.1%) | loss 1.7147 | lr 7.25e-06 | gn 0.31 | 62,223 tok/s | 2107 ms/upd (data 8) | 12.1 GiB | ETA 44m 27s
09:47:49 upd 2210 | 290M (64.4%) | loss 1.6935 | lr 7.17e-06 | gn 0.40 | 62,161 tok/s | 2109 ms/upd (data 9) | 12.1 GiB | ETA 43m 51s
09:48:10 upd 2220 | 291M (64.7%) | loss 1.7021 | lr 7.10e-06 | gn 0.31 | 62,282 tok/s | 2105 ms/upd (data 11) | 12.1 GiB | ETA 43m 17s
09:48:31 upd 2230 | 292M (65.0%) | loss 1.7043 | lr 7.02e-06 | gn 0.32 | 62,181 tok/s | 2108 ms/upd (data 13) | 12.1 GiB | ETA 42m 47s
09:48:52 upd 2240 | 294M (65.3%) | loss 1.7065 | lr 6.95e-06 | gn 0.33 | 62,156 tok/s | 2109 ms/upd (data 10) | 12.1 GiB | ETA 42m 18s
09:49:13 upd 2250 | 295M (65.6%) | loss 1.6898 | lr 6.87e-06 | gn 0.31 | 62,308 tok/s | 2104 ms/upd (data 11) | 12.1 GiB | ETA 41m 50s
09:49:34 upd 2260 | 296M (65.9%) | loss 1.6923 | lr 6.80e-06 | gn 0.30 | 62,246 tok/s | 2106 ms/upd (data 12) | 12.1 GiB | ETA 41m 24s
09:49:55 upd 2270 | 298M (66.2%) | loss 1.6860 | lr 6.73e-06 | gn 0.33 | 62,200 tok/s | 2107 ms/upd (data 11) | 12.1 GiB | ETA 41m 00s
09:50:17 upd 2280 | 299M (66.5%) | loss 1.6746 | lr 6.65e-06 | gn 0.32 | 62,283 tok/s | 2104 ms/upd (data 11) | 12.1 GiB | ETA 40m 35s
09:50:54 eval @ 300M: val loss 1.8914 ppl 6.63 | pretrain-val 3.2001 [19s]
09:50:58 samples written @ 300M [4s]
09:51:00 upd 2290 | 300M (66.7%) | loss 1.6992 | lr 6.58e-06 | gn 0.30 | 29,840 tok/s | 4393 ms/upd (data 9) | 12.1 GiB | ETA 44m 53s
09:51:21 upd 2300 | 301M (67.0%) | loss 1.6750 | lr 6.51e-06 | gn 0.31 | 62,301 tok/s | 2104 ms/upd (data 7) | 12.1 GiB | ETA 43m 26s
09:51:43 upd 2310 | 303M (67.3%) | loss 1.7210 | lr 6.44e-06 | gn 0.33 | 62,292 tok/s | 2104 ms/upd (data 10) | 12.1 GiB | ETA 42m 15s
09:52:04 upd 2320 | 304M (67.6%) | loss 1.7019 | lr 6.36e-06 | gn 0.32 | 62,156 tok/s | 2109 ms/upd (data 11) | 12.1 GiB | ETA 41m 16s
09:52:25 upd 2330 | 305M (67.9%) | loss 1.6323 | lr 6.29e-06 | gn 0.37 | 62,264 tok/s | 2105 ms/upd (data 10) | 12.1 GiB | ETA 40m 25s
09:52:46 upd 2340 | 307M (68.2%) | loss 1.6890 | lr 6.22e-06 | gn 0.33 | 61,755 tok/s | 2122 ms/upd (data 10) | 12.1 GiB | ETA 39m 45s
09:53:07 upd 2350 | 308M (68.5%) | loss 1.7194 | lr 6.15e-06 | gn 0.31 | 62,183 tok/s | 2108 ms/upd (data 11) | 12.1 GiB | ETA 39m 06s
09:53:28 upd 2360 | 309M (68.8%) | loss 1.7096 | lr 6.08e-06 | gn 0.30 | 62,284 tok/s | 2104 ms/upd (data 12) | 12.1 GiB | ETA 38m 30s
09:53:49 upd 2370 | 311M (69.1%) | loss 1.7423 | lr 6.01e-06 | gn 0.31 | 62,287 tok/s | 2104 ms/upd (data 8) | 12.1 GiB | ETA 37m 57s
09:54:10 upd 2380 | 312M (69.4%) | loss 1.7379 | lr 5.94e-06 | gn 0.31 | 62,221 tok/s | 2107 ms/upd (data 9) | 12.1 GiB | ETA 37m 27s
09:54:31 upd 2390 | 313M (69.7%) | loss 1.6888 | lr 5.87e-06 | gn 0.31 | 62,255 tok/s | 2105 ms/upd (data 10) | 12.1 GiB | ETA 36m 59s
09:54:52 upd 2400 | 315M (69.9%) | loss 1.7226 | lr 5.81e-06 | gn 0.31 | 62,337 tok/s | 2103 ms/upd (data 11) | 12.1 GiB | ETA 36m 31s
09:55:13 upd 2410 | 316M (70.2%) | loss 1.6993 | lr 5.74e-06 | gn 0.31 | 62,186 tok/s | 2108 ms/upd (data 13) | 12.1 GiB | ETA 36m 06s
09:55:34 upd 2420 | 317M (70.5%) | loss 1.6823 | lr 5.67e-06 | gn 0.31 | 61,989 tok/s | 2114 ms/upd (data 7) | 12.1 GiB | ETA 35m 44s
09:55:56 upd 2430 | 319M (70.8%) | loss 1.6925 | lr 5.60e-06 | gn 0.31 | 62,014 tok/s | 2114 ms/upd (data 5) | 12.1 GiB | ETA 35m 21s
09:56:16 upd 2440 | 320M (71.1%) | loss 1.6850 | lr 5.54e-06 | gn 0.31 | 62,852 tok/s | 2085 ms/upd (data 9) | 12.1 GiB | ETA 34m 53s
09:56:39 eval @ 320M: val loss 1.8905 ppl 6.62 | pretrain-val 3.2015 [19s]
09:56:56 upd 2450 | 321M (71.4%) | loss 1.7027 | lr 5.47e-06 | gn 0.30 | 33,095 tok/s | 3961 ms/upd (data 10) | 12.1 GiB | ETA 38m 05s
09:57:17 upd 2460 | 322M (71.7%) | loss 1.7174 | lr 5.41e-06 | gn 0.31 | 62,848 tok/s | 2086 ms/upd (data 8) | 12.1 GiB | ETA 36m 50s
09:57:38 upd 2470 | 324M (72.0%) | loss 1.7035 | lr 5.34e-06 | gn 0.31 | 62,859 tok/s | 2085 ms/upd (data 11) | 12.1 GiB | ETA 35m 48s
09:57:59 upd 2480 | 325M (72.3%) | loss 1.6863 | lr 5.28e-06 | gn 0.32 | 62,156 tok/s | 2109 ms/upd (data 10) | 12.1 GiB | ETA 35m 00s
09:58:20 upd 2490 | 326M (72.6%) | loss 1.7120 | lr 5.21e-06 | gn 0.32 | 62,654 tok/s | 2092 ms/upd (data 12) | 12.1 GiB | ETA 34m 15s
09:58:41 upd 2500 | 328M (72.9%) | loss 1.6697 | lr 5.15e-06 | gn 0.32 | 62,661 tok/s | 2092 ms/upd (data 10) | 12.1 GiB | ETA 33m 36s
09:59:02 upd 2510 | 329M (73.2%) | loss 1.6935 | lr 5.09e-06 | gn 0.33 | 62,496 tok/s | 2097 ms/upd (data 9) | 12.1 GiB | ETA 33m 01s
09:59:23 upd 2520 | 330M (73.4%) | loss 1.7282 | lr 5.02e-06 | gn 0.32 | 62,711 tok/s | 2090 ms/upd (data 12) | 12.1 GiB | ETA 32m 28s
09:59:44 upd 2530 | 332M (73.7%) | loss 1.7051 | lr 4.96e-06 | gn 0.30 | 59,787 tok/s | 2192 ms/upd (data 9) | 12.1 GiB | ETA 32m 16s
10:00:05 upd 2540 | 333M (74.0%) | loss 1.7285 | lr 4.90e-06 | gn 0.32 | 62,674 tok/s | 2091 ms/upd (data 9) | 12.1 GiB | ETA 31m 44s
10:00:26 upd 2550 | 334M (74.3%) | loss 1.6398 | lr 4.84e-06 | gn 0.30 | 62,609 tok/s | 2093 ms/upd (data 12) | 12.1 GiB | ETA 31m 15s
10:00:47 upd 2560 | 336M (74.6%) | loss 1.6835 | lr 4.78e-06 | gn 0.32 | 62,622 tok/s | 2093 ms/upd (data 11) | 12.1 GiB | ETA 30m 47s
10:01:08 upd 2570 | 337M (74.9%) | loss 1.7200 | lr 4.72e-06 | gn 0.32 | 62,523 tok/s | 2096 ms/upd (data 11) | 12.1 GiB | ETA 30m 22s
10:01:29 upd 2580 | 338M (75.2%) | loss 1.6616 | lr 4.66e-06 | gn 0.31 | 62,626 tok/s | 2093 ms/upd (data 6) | 12.1 GiB | ETA 29m 57s
10:01:50 upd 2590 | 339M (75.5%) | loss 1.6930 | lr 4.60e-06 | gn 0.33 | 62,634 tok/s | 2093 ms/upd (data 9) | 12.1 GiB | ETA 29m 32s
10:02:18 eval @ 340M: val loss 1.8818 ppl 6.57 (best) | pretrain-val 3.2033 [19s]
10:02:30 upd 2600 | 341M (75.8%) | loss 1.6595 | lr 4.54e-06 | gn 0.32 | 32,735 tok/s | 4004 ms/upd (data 7) | 12.1 GiB | ETA 32m 15s
10:02:51 upd 2610 | 342M (76.1%) | loss 1.7046 | lr 4.48e-06 | gn 0.32 | 62,334 tok/s | 2103 ms/upd (data 11) | 12.1 GiB | ETA 31m 11s
10:03:12 upd 2620 | 343M (76.4%) | loss 1.7102 | lr 4.43e-06 | gn 0.33 | 62,053 tok/s | 2112 ms/upd (data 11) | 12.1 GiB | ETA 30m 20s
10:03:33 upd 2630 | 345M (76.7%) | loss 1.6998 | lr 4.37e-06 | gn 0.32 | 61,993 tok/s | 2114 ms/upd (data 7) | 12.1 GiB | ETA 29m 35s
10:03:54 upd 2640 | 346M (76.9%) | loss 1.6532 | lr 4.31e-06 | gn 0.33 | 62,537 tok/s | 2096 ms/upd (data 9) | 12.1 GiB | ETA 28m 53s
10:04:15 upd 2650 | 347M (77.2%) | loss 1.6616 | lr 4.26e-06 | gn 0.32 | 62,883 tok/s | 2084 ms/upd (data 11) | 12.1 GiB | ETA 28m 14s
10:04:36 upd 2660 | 349M (77.5%) | loss 1.6720 | lr 4.20e-06 | gn 0.35 | 62,868 tok/s | 2085 ms/upd (data 10) | 12.1 GiB | ETA 27m 39s
10:04:57 upd 2670 | 350M (77.8%) | loss 1.6654 | lr 4.15e-06 | gn 0.30 | 62,886 tok/s | 2084 ms/upd (data 10) | 12.1 GiB | ETA 27m 07s
10:05:03 samples written @ 350M [4s]
10:05:22 upd 2680 | 351M (78.1%) | loss 1.7308 | lr 4.10e-06 | gn 0.33 | 52,362 tok/s | 2503 ms/upd (data 10) | 12.1 GiB | ETA 27m 34s
10:05:43 upd 2690 | 353M (78.4%) | loss 1.6695 | lr 4.04e-06 | gn 0.31 | 62,875 tok/s | 2085 ms/upd (data 7) | 12.1 GiB | ETA 26m 53s
10:06:04 upd 2700 | 354M (78.7%) | loss 1.6770 | lr 3.99e-06 | gn 0.32 | 62,867 tok/s | 2085 ms/upd (data 10) | 12.1 GiB | ETA 26m 18s
10:06:24 upd 2710 | 355M (79.0%) | loss 1.7071 | lr 3.94e-06 | gn 0.33 | 62,868 tok/s | 2085 ms/upd (data 12) | 12.1 GiB | ETA 25m 45s
10:06:45 upd 2720 | 357M (79.3%) | loss 1.6772 | lr 3.89e-06 | gn 0.32 | 62,879 tok/s | 2085 ms/upd (data 9) | 12.1 GiB | ETA 25m 15s
10:07:06 upd 2730 | 358M (79.6%) | loss 1.6936 | lr 3.84e-06 | gn 0.31 | 62,860 tok/s | 2085 ms/upd (data 11) | 12.1 GiB | ETA 24m 47s
10:07:27 upd 2740 | 359M (79.9%) | loss 1.6566 | lr 3.79e-06 | gn 0.37 | 62,877 tok/s | 2085 ms/upd (data 9) | 12.1 GiB | ETA 24m 21s
10:08:00 eval @ 360M: val loss 1.8917 ppl 6.63 | pretrain-val 3.2044 [19s]
10:08:07 upd 2750 | 360M (80.1%) | loss 1.6664 | lr 3.74e-06 | gn 0.41 | 33,114 tok/s | 3958 ms/upd (data 6) | 12.1 GiB | ETA 26m 28s
10:08:27 upd 2760 | 362M (80.4%) | loss 1.6820 | lr 3.69e-06 | gn 0.32 | 62,876 tok/s | 2085 ms/upd (data 12) | 12.1 GiB | ETA 25m 28s
10:08:48 upd 2770 | 363M (80.7%) | loss 1.6997 | lr 3.64e-06 | gn 0.36 | 62,867 tok/s | 2085 ms/upd (data 10) | 12.1 GiB | ETA 24m 38s
10:09:09 upd 2780 | 364M (81.0%) | loss 1.6692 | lr 3.59e-06 | gn 0.34 | 62,877 tok/s | 2085 ms/upd (data 10) | 12.1 GiB | ETA 23m 55s
10:09:30 upd 2790 | 366M (81.3%) | loss 1.6795 | lr 3.54e-06 | gn 0.32 | 62,894 tok/s | 2084 ms/upd (data 11) | 12.1 GiB | ETA 23m 17s
10:09:51 upd 2800 | 367M (81.6%) | loss 1.6317 | lr 3.50e-06 | gn 0.33 | 62,905 tok/s | 2084 ms/upd (data 8) | 12.1 GiB | ETA 22m 42s
10:10:12 upd 2810 | 368M (81.9%) | loss 1.6654 | lr 3.45e-06 | gn 0.42 | 62,903 tok/s | 2084 ms/upd (data 8) | 12.1 GiB | ETA 22m 11s
10:10:33 upd 2820 | 370M (82.2%) | loss 1.6721 | lr 3.41e-06 | gn 0.32 | 61,607 tok/s | 2128 ms/upd (data 6) | 12.1 GiB | ETA 21m 48s
10:10:54 upd 2830 | 371M (82.5%) | loss 1.6536 | lr 3.36e-06 | gn 0.37 | 62,857 tok/s | 2085 ms/upd (data 8) | 12.1 GiB | ETA 21m 19s
10:11:15 upd 2840 | 372M (82.8%) | loss 1.6726 | lr 3.32e-06 | gn 0.36 | 62,856 tok/s | 2085 ms/upd (data 8) | 12.1 GiB | ETA 20m 53s
10:11:35 upd 2850 | 374M (83.1%) | loss 1.6621 | lr 3.28e-06 | gn 0.33 | 62,852 tok/s | 2085 ms/upd (data 12) | 12.1 GiB | ETA 20m 28s
10:11:56 upd 2860 | 375M (83.4%) | loss 1.6693 | lr 3.23e-06 | gn 0.36 | 62,893 tok/s | 2084 ms/upd (data 10) | 12.1 GiB | ETA 20m 03s
10:12:17 upd 2870 | 376M (83.6%) | loss 1.6928 | lr 3.19e-06 | gn 0.38 | 62,861 tok/s | 2085 ms/upd (data 12) | 12.1 GiB | ETA 19m 39s
10:12:38 upd 2880 | 377M (83.9%) | loss 1.6784 | lr 3.15e-06 | gn 0.31 | 62,857 tok/s | 2085 ms/upd (data 13) | 12.1 GiB | ETA 19m 16s
10:12:59 upd 2890 | 379M (84.2%) | loss 1.6616 | lr 3.11e-06 | gn 0.33 | 62,871 tok/s | 2085 ms/upd (data 10) | 12.1 GiB | ETA 18m 54s
10:13:20 upd 2900 | 380M (84.5%) | loss 1.6710 | lr 3.07e-06 | gn 0.34 | 62,868 tok/s | 2085 ms/upd (data 7) | 12.1 GiB | ETA 18m 32s
